Archive member included to satisfy reference by file (symbol)

/usr/lib/gcc/arm-none-eabi/13.1.0/thumb/v6-m/nofp/libgcc.a(_dvmd_tls.o)
                              src/CMakeFiles/cansat.dir/home/arca/pico/pico-sdk/src/rp2_common/pico_divider/divider.S.obj (__aeabi_idiv0)
/usr/lib/gcc/arm-none-eabi/13.1.0/../../../../arm-none-eabi/lib/thumb/v6-m/nofp/libg.a(libc_a-atexit.o)
                              /usr/lib/gcc/arm-none-eabi/13.1.0/../../../../arm-none-eabi/lib/thumb/v6-m/nofp/crt0.o (atexit)
/usr/lib/gcc/arm-none-eabi/13.1.0/../../../../arm-none-eabi/lib/thumb/v6-m/nofp/libg.a(libc_a-atoi.o)
                              src/CMakeFiles/cansat.dir/globals.cpp.obj (atoi)
/usr/lib/gcc/arm-none-eabi/13.1.0/../../../../arm-none-eabi/lib/thumb/v6-m/nofp/libg.a(libc_a-calloc.o)
                              src/CMakeFiles/cansat.dir/home/arca/pico/pico-sdk/src/rp2_common/pico_malloc/pico_malloc.c.obj (calloc)
/usr/lib/gcc/arm-none-eabi/13.1.0/../../../../arm-none-eabi/lib/thumb/v6-m/nofp/libg.a(libc_a-callocr.o)
                              /usr/lib/gcc/arm-none-eabi/13.1.0/../../../../arm-none-eabi/lib/thumb/v6-m/nofp/libg.a(libc_a-calloc.o) (_calloc_r)
/usr/lib/gcc/arm-none-eabi/13.1.0/../../../../arm-none-eabi/lib/thumb/v6-m/nofp/libg.a(libc_a-malloc.o)
                              src/CMakeFiles/cansat.dir/home/arca/pico/pico-sdk/src/rp2_common/pico_malloc/pico_malloc.c.obj (malloc)
/usr/lib/gcc/arm-none-eabi/13.1.0/../../../../arm-none-eabi/lib/thumb/v6-m/nofp/libg.a(libc_a-mallocr.o)
                              /usr/lib/gcc/arm-none-eabi/13.1.0/../../../../arm-none-eabi/lib/thumb/v6-m/nofp/libg.a(libc_a-callocr.o) (_malloc_r)
/usr/lib/gcc/arm-none-eabi/13.1.0/../../../../arm-none-eabi/lib/thumb/v6-m/nofp/libg.a(libc_a-mlock.o)
                              /usr/lib/gcc/arm-none-eabi/13.1.0/../../../../arm-none-eabi/lib/thumb/v6-m/nofp/libg.a(libc_a-mallocr.o) (__malloc_lock)
/usr/lib/gcc/arm-none-eabi/13.1.0/../../../../arm-none-eabi/lib/thumb/v6-m/nofp/libg.a(libc_a-realloc.o)
                              src/CMakeFiles/cansat.dir/home/arca/pico/pico-sdk/src/rp2_common/pico_malloc/pico_malloc.c.obj (realloc)
/usr/lib/gcc/arm-none-eabi/13.1.0/../../../../arm-none-eabi/lib/thumb/v6-m/nofp/libg.a(libc_a-reallocr.o)
                              /usr/lib/gcc/arm-none-eabi/13.1.0/../../../../arm-none-eabi/lib/thumb/v6-m/nofp/libg.a(libc_a-realloc.o) (_realloc_r)
/usr/lib/gcc/arm-none-eabi/13.1.0/../../../../arm-none-eabi/lib/thumb/v6-m/nofp/libg.a(libc_a-strtol.o)
                              /usr/lib/gcc/arm-none-eabi/13.1.0/../../../../arm-none-eabi/lib/thumb/v6-m/nofp/libg.a(libc_a-atoi.o) (_strtol_r)
/usr/lib/gcc/arm-none-eabi/13.1.0/../../../../arm-none-eabi/lib/thumb/v6-m/nofp/libg.a(libc_a-ctype_.o)
                              /usr/lib/gcc/arm-none-eabi/13.1.0/../../../../arm-none-eabi/lib/thumb/v6-m/nofp/libg.a(libc_a-strtol.o) (_ctype_)
/usr/lib/gcc/arm-none-eabi/13.1.0/../../../../arm-none-eabi/lib/thumb/v6-m/nofp/libg.a(libc_a-findfp.o)
                              src/CMakeFiles/cansat.dir/__/lib/FreeRTOS-Kernel/tasks.c.obj (__sf)
/usr/lib/gcc/arm-none-eabi/13.1.0/../../../../arm-none-eabi/lib/thumb/v6-m/nofp/libg.a(libc_a-fwalk.o)
                              /usr/lib/gcc/arm-none-eabi/13.1.0/../../../../arm-none-eabi/lib/thumb/v6-m/nofp/libg.a(libc_a-findfp.o) (_fwalk_sglue)
/usr/lib/gcc/arm-none-eabi/13.1.0/../../../../arm-none-eabi/lib/thumb/v6-m/nofp/libg.a(libc_a-stdio.o)
                              /usr/lib/gcc/arm-none-eabi/13.1.0/../../../../arm-none-eabi/lib/thumb/v6-m/nofp/libg.a(libc_a-findfp.o) (__sread)
/usr/lib/gcc/arm-none-eabi/13.1.0/../../../../arm-none-eabi/lib/thumb/v6-m/nofp/libg.a(libc_a-memcmp.o)
                              src/CMakeFiles/cansat.dir/littlefs/lfs.c.obj (memcmp)
/usr/lib/gcc/arm-none-eabi/13.1.0/../../../../arm-none-eabi/lib/thumb/v6-m/nofp/libg.a(libc_a-memmove.o)
                              /usr/lib/gcc/arm-none-eabi/13.1.0/../../../../arm-none-eabi/lib/thumb/v6-m/nofp/libg.a(libc_a-reallocr.o) (memmove)
/usr/lib/gcc/arm-none-eabi/13.1.0/../../../../arm-none-eabi/lib/thumb/v6-m/nofp/libg.a(libc_a-strchr.o)
                              src/CMakeFiles/cansat.dir/littlefs/lfs.c.obj (strchr)
/usr/lib/gcc/arm-none-eabi/13.1.0/../../../../arm-none-eabi/lib/thumb/v6-m/nofp/libg.a(libc_a-strcspn.o)
                              src/CMakeFiles/cansat.dir/littlefs/lfs.c.obj (strcspn)
/usr/lib/gcc/arm-none-eabi/13.1.0/../../../../arm-none-eabi/lib/thumb/v6-m/nofp/libg.a(libc_a-strncmp.o)
                              src/CMakeFiles/cansat.dir/globals.cpp.obj (strncmp)
/usr/lib/gcc/arm-none-eabi/13.1.0/../../../../arm-none-eabi/lib/thumb/v6-m/nofp/libg.a(libc_a-strspn.o)
                              src/CMakeFiles/cansat.dir/littlefs/lfs.c.obj (strspn)
/usr/lib/gcc/arm-none-eabi/13.1.0/../../../../arm-none-eabi/lib/thumb/v6-m/nofp/libg.a(libc_a-closer.o)
[...]
Memory Configuration

Name             Origin             Length             Attributes
FLASH            0x10000000         0x00200000         xr
RAM              0x20000000         0x00040000         xrw
SCRATCH_X        0x20040000         0x00001000         xrw
SCRATCH_Y        0x20041000         0x00001000         xrw
*default*        0x00000000         0xffffffff

Linker script and memory map

LOAD /usr/lib/gcc/arm-none-eabi/13.1.0/thumb/v6-m/nofp/crti.o
LOAD /usr/lib/gcc/arm-none-eabi/13.1.0/thumb/v6-m/nofp/crtbegin.o
LOAD /usr/lib/gcc/arm-none-eabi/13.1.0/../../../../arm-none-eabi/lib/thumb/v6-m/nofp/crt0.o

.flash_begin    0x10000000        0x0
                0x10000000                        __flash_binary_start = .

.boot2          0x10000000      0x100
                0x10000000                        __boot2_start__ = .
 *(.boot2)
 .boot2         0x10000000      0x100 /tmp/ccN22un4.o
                0x10000100                        __boot2_end__ = .
                0x00000001                        ASSERT (((__boot2_end__ - __boot2_start__) == 0x100), ERROR: Pico second stage bootloader must be 256 bytes in size)

.text           0x10000100    0x12af0
                0x10000100                        __logical_binary_start = .
 *(.vectors)
 .vectors       0x10000100       0xd4 src/CMakeFiles/cansat.dir/home/arca/pico/pico-sdk/src/rp2_common/pico_standard_link/crt0.S.obj
                0x10000100                __vectors
                0x10000100                __VECTOR_TABLE
                0x100001c0                isr_invalid
                0x100001c0                __default_isrs_start
                0x100001c2                isr_nmi
                0x100001c4                isr_hardfault
                0x100001c6                isr_svcall
                0x100001c8                isr_pendsv
                0x100001ca                isr_systick
                0x100001cc                isr_irq30
                0x100001cc                __unhandled_user_irq
                0x100001cc                isr_irq13
                0x100001cc                isr_irq27
                0x100001cc                isr_irq31
                0x100001cc                isr_irq5
                0x100001cc                isr_irq11
                0x100001cc                isr_irq23
                0x100001cc                isr_irq18
                0x100001cc                isr_irq28
                0x100001cc                isr_irq19
                0x100001cc                isr_irq0
                0x100001cc                isr_irq6
                0x100001cc                isr_irq22
                0x100001cc                isr_irq17
                0x100001cc                isr_irq14
                0x100001cc                isr_irq2
                0x100001cc                isr_irq10
                0x100001cc                isr_irq8
                0x100001cc                isr_irq24
                0x100001cc                isr_irq1
                0x100001cc                isr_irq7
                0x100001cc                isr_irq21
                0x100001cc                isr_irq20
                0x100001cc                isr_irq15
                0x100001cc                isr_irq25
                0x100001cc                isr_irq4
                0x100001cc                isr_irq16
                0x100001cc                isr_irq29
                0x100001cc                isr_irq26
                0x100001cc                __default_isrs_end
                0x100001cc                isr_irq3
                0x100001cc                isr_irq12
                0x100001cc                isr_irq9
                0x100001d2                unhandled_user_irq_num_in_r0
 *(.binary_info_header)
 .binary_info_header
                0x100001d4       0x14 src/CMakeFiles/cansat.dir/home/arca/pico/pico-sdk/src/rp2_common/pico_standard_link/crt0.S.obj
                0x100001e8                        __binary_info_header_end = .
 *(.reset)
 .reset         0x100001e8       0xa0 src/CMakeFiles/cansat.dir/home/arca/pico/pico-sdk/src/rp2_common/pico_standard_link/crt0.S.obj
                0x100001e8                _entry_point
 .reset         0x10000288       0x30 src/CMakeFiles/cansat.dir/home/arca/pico/pico-sdk/src/rp2_common/pico_standard_link/binary_info.c.obj
 *(.init)
 .init          0x100002b8        0x4 /usr/lib/gcc/arm-none-eabi/13.1.0/thumb/v6-m/nofp/crti.o
                0x100002b8                _init
 *(EXCLUDE_FILE(*libm.a: *libc.a:*lib_a-mem*.o *libgcc.a:) .text*)
 .text          0x100002bc       0x98 /usr/lib/gcc/arm-none-eabi/13.1.0/thumb/v6-m/nofp/crtbegin.o
 .text._ZN6Sensor4initEj
                0x10000354        0x4 src/CMakeFiles/cansat.dir/cansat.cpp.obj
                0x10000354                Sensor::init(unsigned int)
 .text._ZN6Sensor10updateDataEv
                0x10000358        0x4 src/CMakeFiles/cansat.dir/cansat.cpp.obj
                0x10000358                Sensor::updateData()
 .text._ZN6Sensor7getDataEv
                0x1000035c       0x10 src/CMakeFiles/cansat.dir/cansat.cpp.obj
                0x1000035c                Sensor::getData()
 .text._ZL15waitForDebuggerv
                0x1000036c       0x14 src/CMakeFiles/cansat.dir/cansat.cpp.obj
 .text._ZL17hardfault_handlerv
                0x10000380       0x14 src/CMakeFiles/cansat.dir/cansat.cpp.obj
 .text._Z14sensorReadTaskPv
                0x10000394       0x36 src/CMakeFiles/cansat.dir/cansat.cpp.obj
                0x10000394                sensorReadTask(void*)
 *fill*         0x100003ca        0x2 
 .text.vApplicationStackOverflowHook
                0x100003cc       0x18 src/CMakeFiles/cansat.dir/cansat.cpp.obj
                0x100003cc                vApplicationStackOverflowHook
 .text._ZN3I2C4initEii
                0x100003e4       0x48 src/CMakeFiles/cansat.dir/cansat.cpp.obj
                0x100003e4                I2C::init(int, int)
 .text._ZN11DataHandlerC2Ev
                0x1000042c       0x5e src/CMakeFiles/cansat.dir/cansat.cpp.obj
                0x1000042c                DataHandler::DataHandler()
                0x1000042c                DataHandler::DataHandler()
 *fill*         0x1000048a        0x2 
 .text._ZN6BME680C2Eb
                0x1000048c       0x70 src/CMakeFiles/cansat.dir/cansat.cpp.obj
                0x1000048c                BME680::BME680(bool)
                0x1000048c                BME680::BME680(bool)
 .text._Z5setupv
                0x100004fc       0xc0 src/CMakeFiles/cansat.dir/cansat.cpp.obj
                0x100004fc                setup()
 .text._Z8initTaskPv
                0x100005bc      0x178 src/CMakeFiles/cansat.dir/cansat.cpp.obj
                0x100005bc                initTask(void*)
 .text.main     0x10000734       0x4c src/CMakeFiles/cansat.dir/cansat.cpp.obj
                0x10000734                main
 .text._Z11getIntInputv
                0x10000780       0x78 src/CMakeFiles/cansat.dir/globals.cpp.obj
                0x10000780                getIntInput()
 .text.to_ms_since_boot
                0x100007f8       0x1c src/CMakeFiles/cansat.dir/dht20.cpp.obj
 .text._ZN5DHT207getDataEv
                0x10000814       0x1a src/CMakeFiles/cansat.dir/dht20.cpp.obj
                0x10000814                DHT20::getData()
 *fill*         0x1000082e        0x2 
 .text._ZL20update_us_since_bootP15absolute_time_ty
                0x10000830       0x24 src/CMakeFiles/cansat.dir/dht20.cpp.obj
 .text.get_absolute_time
                0x10000854       0x16 src/CMakeFiles/cansat.dir/dht20.cpp.obj
 *fill*         0x1000086a        0x2 
 .text._ZN9I2CSensor10readStatusEv
                0x1000086c       0x34 src/CMakeFiles/cansat.dir/dht20.cpp.obj
                0x1000086c                I2CSensor::readStatus()
 .text._ZN5DHT2017waitForProcessingEb
                0x100008a0       0x36 src/CMakeFiles/cansat.dir/dht20.cpp.obj
                0x100008a0                DHT20::waitForProcessing(bool)
 *fill*         0x100008d6        0x2 
 .text._ZN5DHT204initEj
                0x100008d8      0x13c src/CMakeFiles/cansat.dir/dht20.cpp.obj
                0x100008d8                DHT20::init(unsigned int)
 .text._ZN5DHT20C2Eb
                0x10000a14       0x3c src/CMakeFiles/cansat.dir/dht20.cpp.obj
                0x10000a14                DHT20::DHT20(bool)
                0x10000a14                DHT20::DHT20(bool)
 .text._ZN5DHT2010updateDataEv
                0x10000a50       0xd0 src/CMakeFiles/cansat.dir/dht20.cpp.obj
                0x10000a50                DHT20::updateData()
 .text._ZN10Anemometer10updateDataEv
                0x10000b20        0x4 src/CMakeFiles/cansat.dir/anemometer.cpp.obj
                0x10000b20                Anemometer::updateData()
 .text._ZN10Anemometer20gpioInterruptHandlerEjm
                0x10000b24       0x10 src/CMakeFiles/cansat.dir/anemometer.cpp.obj
                0x10000b24                Anemometer::gpioInterruptHandler(unsigned int, unsigned long)
 .text._ZN10Anemometer7getDataEv
                0x10000b34       0x20 src/CMakeFiles/cansat.dir/anemometer.cpp.obj
                0x10000b34                Anemometer::getData()
 .text._ZN10Anemometer4initEj
                0x10000b54       0x44 src/CMakeFiles/cansat.dir/anemometer.cpp.obj
                0x10000b54                Anemometer::init(unsigned int)
 .text.to_ms_since_boot
                0x10000b98       0x1c src/CMakeFiles/cansat.dir/bme680.cpp.obj
 .text._ZN6BME6807getDataEv
                0x10000bb4       0x22 src/CMakeFiles/cansat.dir/bme680.cpp.obj
                0x10000bb4                BME680::getData()
 *fill*         0x10000bd6        0x2 
 .text._ZL20update_us_since_bootP15absolute_time_ty
                0x10000bd8       0x24 src/CMakeFiles/cansat.dir/bme680.cpp.obj
 .text.get_absolute_time
                0x10000bfc       0x16 src/CMakeFiles/cansat.dir/bme680.cpp.obj
 *fill*         0x10000c12        0x2 
 .text._ZN6BME68X17bme68x_check_rsltEPKca
                0x10000c14       0x6c src/CMakeFiles/cansat.dir/bme680.cpp.obj
                0x10000c14                BME68X::bme68x_check_rslt(char const*, signed char)
 .text._ZN6BME68010updateDataEtt
                0x10000c80       0x5e src/CMakeFiles/cansat.dir/bme680.cpp.obj
                0x10000c80                BME680::updateData(unsigned short, unsigned short)
 .text._ZN6BME68010updateDataEv
                0x10000cde        0xe src/CMakeFiles/cansat.dir/bme680.cpp.obj
                0x10000cde                BME680::updateData()
 .text._ZN6BME6809configureEhhhhh
                0x10000cec       0x1a src/CMakeFiles/cansat.dir/bme680.cpp.obj
                0x10000cec                BME680::configure(unsigned char, unsigned char, unsigned char, unsigned char, unsigned char)
 *fill*         0x10000d06        0x2 
 .text._ZN6BME6804initEj
                0x10000d08       0xe8 src/CMakeFiles/cansat.dir/bme680.cpp.obj
                0x10000d08                BME680::init(unsigned int)
 .text._ZN11LightSensor10updateDataEv
                0x10000df0       0x38 src/CMakeFiles/cansat.dir/lightSensor.cpp.obj
                0x10000df0                LightSensor::updateData()
 .text._ZN11LightSensor7getDataEv
                0x10000e28       0x16 src/CMakeFiles/cansat.dir/lightSensor.cpp.obj
                0x10000e28                LightSensor::getData()
 .text.adc_gpio_init
                0x10000e3e       0x1e src/CMakeFiles/cansat.dir/lightSensor.cpp.obj
 .text._ZN11LightSensor4initEj
                0x10000e5c       0x20 src/CMakeFiles/cansat.dir/lightSensor.cpp.obj
                0x10000e5c                LightSensor::init(unsigned int)
 .text._ZN3GPS13getDataStaticEv
                0x10000e7c       0x28 src/CMakeFiles/cansat.dir/gps.cpp.obj
                0x10000e7c                GPS::getDataStatic()
 .text._ZN10Filesystem20filesystemDeleteTaskEPv
                0x10000ea4       0xbc src/CMakeFiles/cansat.dir/filesystem.cpp.obj
                0x10000ea4                Filesystem::filesystemDeleteTask(void*)
 .text._ZN10Filesystem4nukeEb
                0x10000f60       0x38 src/CMakeFiles/cansat.dir/filesystem.cpp.obj
                0x10000f60                Filesystem::nuke(bool)
 .text._ZN10Filesystem18filesystemNukeTaskEPv
                0x10000f98      0x10c src/CMakeFiles/cansat.dir/filesystem.cpp.obj
                0x10000f98                Filesystem::filesystemNukeTask(void*)
 .text._ZN10Filesystem9printSizeEl
                0x100010a4       0x44 src/CMakeFiles/cansat.dir/filesystem.cpp.obj
                0x100010a4                Filesystem::printSize(long)
 .text._ZN10Filesystem2lsEPKc
                0x100010e8       0x7c src/CMakeFiles/cansat.dir/filesystem.cpp.obj
                0x100010e8                Filesystem::ls(char const*)
 .text._ZN10Filesystem10printUsageEv
                0x10001164       0x60 src/CMakeFiles/cansat.dir/filesystem.cpp.obj
                0x10001164                Filesystem::printUsage()
 .text._ZN10Filesystem4initEv
                0x100011c4      0x190 src/CMakeFiles/cansat.dir/filesystem.cpp.obj
                0x100011c4                Filesystem::init()
 .text._ZN10Filesystem7addDataE10dataLine_t
                0x10001354       0x32 src/CMakeFiles/cansat.dir/filesystem.cpp.obj
                0x10001354                Filesystem::addData(dataLine_t)
 *fill*         0x10001386        0x2 
 .text._ZN10Filesystem8readFileEm
                0x10001388      0x1dc src/CMakeFiles/cansat.dir/filesystem.cpp.obj
                0x10001388                Filesystem::readFile(unsigned long)
 .text._ZN10Filesystem19filesystemInputTaskEPv
                0x10001564      0x17c src/CMakeFiles/cansat.dir/filesystem.cpp.obj
                0x10001564                Filesystem::filesystemInputTask(void*)
 .text._ZL13flash_fs_syncPK10lfs_config
                0x100016e0        0x4 src/CMakeFiles/cansat.dir/littlefs.cpp.obj
 .text._ZL15flash_fs_unlockPK10lfs_config
                0x100016e4       0x24 src/CMakeFiles/cansat.dir/littlefs.cpp.obj
 .text._ZL13flash_fs_lockPK10lfs_config
                0x10001708       0x20 src/CMakeFiles/cansat.dir/littlefs.cpp.obj
 .text._ZL14flash_fs_erasePK10lfs_configm
                0x10001728       0x20 src/CMakeFiles/cansat.dir/littlefs.cpp.obj
 .text._ZL13flash_fs_progPK10lfs_configmmPKvm
                0x10001748       0x26 src/CMakeFiles/cansat.dir/littlefs.cpp.obj
 *fill*         0x1000176e        0x2 
 .text._ZL13flash_fs_readPK10lfs_configmmPvm
                0x10001770       0x20 src/CMakeFiles/cansat.dir/littlefs.cpp.obj
 .text.to_ms_since_boot
                0x10001790       0x1c src/CMakeFiles/cansat.dir/dataHandler.cpp.obj
 .text.update_us_since_boot
                0x100017ac       0x24 src/CMakeFiles/cansat.dir/dataHandler.cpp.obj
 .text.get_absolute_time
                0x100017d0       0x16 src/CMakeFiles/cansat.dir/dataHandler.cpp.obj
 *fill*         0x100017e6        0x2 
 .text._ZN11DataHandler15dataHandlerTaskEPv
                0x100017e8      0x148 src/CMakeFiles/cansat.dir/dataHandler.cpp.obj
                0x100017e8                DataHandler::dataHandlerTask(void*)
 .text._ZN6BME68X8delay_usEmPv
                0x10001930        0xa src/CMakeFiles/cansat.dir/bme68x/bme68x.cpp.obj
                0x10001930                BME68X::delay_us(unsigned long, void*)
 *fill*         0x1000193a        0x2 
 .text._ZN6BME68X11write_bytesEhPhmPv
                0x1000193c       0x50 src/CMakeFiles/cansat.dir/bme68x/bme68x.cpp.obj
                0x1000193c                BME68X::write_bytes(unsigned char, unsigned char*, unsigned long, void*)
 .text._ZN6BME68X10read_bytesEhPhmPv
                0x1000198c       0x48 src/CMakeFiles/cansat.dir/bme68x/bme68x.cpp.obj
                0x1000198c                BME68X::read_bytes(unsigned char, unsigned char*, unsigned long, void*)
 .text._ZN6BME68X9configureEhhhhh
                0x100019d4       0x3c src/CMakeFiles/cansat.dir/bme68x/bme68x.cpp.obj
                0x100019d4                BME68X::configure(unsigned char, unsigned char, unsigned char, unsigned char, unsigned char)
 .text._ZN6BME68X4initEv
                0x10001a10       0x80 src/CMakeFiles/cansat.dir/bme68x/bme68x.cpp.obj
                0x10001a10                BME68X::init()
 .text._ZN6BME68X11read_forcedEP11bme68x_datatt
                0x10001a90       0xc0 src/CMakeFiles/cansat.dir/bme68x/bme68x.cpp.obj
                0x10001a90                BME68X::read_forced(bme68x_data*, unsigned short, unsigned short)
 .text.calc_temperature
                0x10001b50       0x94 src/CMakeFiles/cansat.dir/bme68x/BoschBME68XApi/bme68x.c.obj
 .text.calc_pressure
                0x10001be4      0x1d0 src/CMakeFiles/cansat.dir/bme68x/BoschBME68XApi/bme68x.c.obj
 .text.calc_humidity
                0x10001db4      0x128 src/CMakeFiles/cansat.dir/bme68x/BoschBME68XApi/bme68x.c.obj
 .text.calc_gas_resistance_low
                0x10001edc       0xd0 src/CMakeFiles/cansat.dir/bme68x/BoschBME68XApi/bme68x.c.obj
 .text.calc_gas_resistance_high
                0x10001fac       0x40 src/CMakeFiles/cansat.dir/bme68x/BoschBME68XApi/bme68x.c.obj
 .text.calc_res_heat
                0x10001fec      0x108 src/CMakeFiles/cansat.dir/bme68x/BoschBME68XApi/bme68x.c.obj
 .text.calc_gas_wait
                0x100020f4       0x26 src/CMakeFiles/cansat.dir/bme68x/BoschBME68XApi/bme68x.c.obj
 .text.null_ptr_check
                0x1000211a       0x32 src/CMakeFiles/cansat.dir/bme68x/BoschBME68XApi/bme68x.c.obj
 .text.set_mem_page
                0x1000214c       0x74 src/CMakeFiles/cansat.dir/bme68x/BoschBME68XApi/bme68x.c.obj
 .text.get_mem_page
                0x100021c0       0x3a src/CMakeFiles/cansat.dir/bme68x/BoschBME68XApi/bme68x.c.obj
 .text.boundary_check
                0x100021fa       0x36 src/CMakeFiles/cansat.dir/bme68x/BoschBME68XApi/bme68x.c.obj
 .text.calc_heatr_dur_shared
                0x10002230       0x40 src/CMakeFiles/cansat.dir/bme68x/BoschBME68XApi/bme68x.c.obj
 .text.swap_fields
                0x10002270       0x12 src/CMakeFiles/cansat.dir/bme68x/BoschBME68XApi/bme68x.c.obj
 .text.sort_sensor_data
                0x10002282       0x44 src/CMakeFiles/cansat.dir/bme68x/BoschBME68XApi/bme68x.c.obj
 .text.bme68x_set_regs
                0x100022c6       0xe0 src/CMakeFiles/cansat.dir/bme68x/BoschBME68XApi/bme68x.c.obj
                0x100022c6                bme68x_set_regs
 .text.set_conf
                0x100023a6      0x192 src/CMakeFiles/cansat.dir/bme68x/BoschBME68XApi/bme68x.c.obj
 .text.bme68x_get_regs
                0x10002538       0x6c src/CMakeFiles/cansat.dir/bme68x/BoschBME68XApi/bme68x.c.obj
                0x10002538                bme68x_get_regs
 .text.read_variant_id
                0x100025a4       0x28 src/CMakeFiles/cansat.dir/bme68x/BoschBME68XApi/bme68x.c.obj
 .text.get_calib_data
                0x100025cc      0x126 src/CMakeFiles/cansat.dir/bme68x/BoschBME68XApi/bme68x.c.obj
 *fill*         0x100026f2        0x2 
 .text.read_field_data
                0x100026f4      0x1a8 src/CMakeFiles/cansat.dir/bme68x/BoschBME68XApi/bme68x.c.obj
 .text.read_all_field_data
                0x1000289c      0x20e src/CMakeFiles/cansat.dir/bme68x/BoschBME68XApi/bme68x.c.obj
 *fill*         0x10002aaa        0x2 
 .text.bme68x_soft_reset
                0x10002aac       0x64 src/CMakeFiles/cansat.dir/bme68x/BoschBME68XApi/bme68x.c.obj
                0x10002aac                bme68x_soft_reset
 .text.bme68x_init
                0x10002b10       0x38 src/CMakeFiles/cansat.dir/bme68x/BoschBME68XApi/bme68x.c.obj
                0x10002b10                bme68x_init
 .text.bme68x_get_conf
                0x10002b48       0x5e src/CMakeFiles/cansat.dir/bme68x/BoschBME68XApi/bme68x.c.obj
                0x10002b48                bme68x_get_conf
 *fill*         0x10002ba6        0x2 
 .text.bme68x_set_op_mode
                0x10002ba8       0x94 src/CMakeFiles/cansat.dir/bme68x/BoschBME68XApi/bme68x.c.obj
                0x10002ba8                bme68x_set_op_mode
 .text.bme68x_get_op_mode
                0x10002c3c       0x2c src/CMakeFiles/cansat.dir/bme68x/BoschBME68XApi/bme68x.c.obj
                0x10002c3c                bme68x_get_op_mode
 .text.bme68x_set_conf
                0x10002c68      0x144 src/CMakeFiles/cansat.dir/bme68x/BoschBME68XApi/bme68x.c.obj
                0x10002c68                bme68x_set_conf
 .text.bme68x_get_meas_dur
                0x10002dac       0x8c src/CMakeFiles/cansat.dir/bme68x/BoschBME68XApi/bme68x.c.obj
                0x10002dac                bme68x_get_meas_dur
 .text.bme68x_get_data
                0x10002e38      0x14c src/CMakeFiles/cansat.dir/bme68x/BoschBME68XApi/bme68x.c.obj
                0x10002e38                bme68x_get_data
 .text.bme68x_set_heatr_conf
                0x10002f84       0xa4 src/CMakeFiles/cansat.dir/bme68x/BoschBME68XApi/bme68x.c.obj
                0x10002f84                bme68x_set_heatr_conf
 .text.lfs_pair_issync
                0x10003028       0x2e src/CMakeFiles/cansat.dir/littlefs/lfs.c.obj
 .text.lfs_gstate_xor
                0x10003056       0x1a src/CMakeFiles/cansat.dir/littlefs/lfs.c.obj
 .text.lfs_gstate_hasmovehere
                0x10003070       0x3c src/CMakeFiles/cansat.dir/littlefs/lfs.c.obj
 .text.lfs_mlist_isopen
                0x100030ac       0x1a src/CMakeFiles/cansat.dir/littlefs/lfs.c.obj
 .text.lfs_mlist_remove
                0x100030c6       0x16 src/CMakeFiles/cansat.dir/littlefs/lfs.c.obj
 .text.lfs_mlist_append
                0x100030dc        0x8 src/CMakeFiles/cansat.dir/littlefs/lfs.c.obj
 .text.lfs_fs_disk_version
                0x100030e4        0x8 src/CMakeFiles/cansat.dir/littlefs/lfs.c.obj
 .text.lfs_fs_disk_version_major
                0x100030ec        0xa src/CMakeFiles/cansat.dir/littlefs/lfs.c.obj
 .text.lfs_fs_disk_version_minor
                0x100030f6        0xa src/CMakeFiles/cansat.dir/littlefs/lfs.c.obj
 .text.lfs_alloc_ckpoint
                0x10003100        0x6 src/CMakeFiles/cansat.dir/littlefs/lfs.c.obj
 .text.lfs_alloc_drop
                0x10003106        0xe src/CMakeFiles/cansat.dir/littlefs/lfs.c.obj
 .text.lfs_alloc_lookahead
                0x10003114       0x2c src/CMakeFiles/cansat.dir/littlefs/lfs.c.obj
 .text.lfs_dir_traverse_filter
                0x10003140       0x7c src/CMakeFiles/cansat.dir/littlefs/lfs.c.obj
 .text.lfs_dir_commit_size
                0x100031bc       0x1c src/CMakeFiles/cansat.dir/littlefs/lfs.c.obj
 .text.lfs_dir_needsrelocation
                0x100031d8       0x28 src/CMakeFiles/cansat.dir/littlefs/lfs.c.obj
 .text.lfs_dir_close_
                0x10003200        0xa src/CMakeFiles/cansat.dir/littlefs/lfs.c.obj
 .text.lfs_file_size_
                0x1000320a       0x16 src/CMakeFiles/cansat.dir/littlefs/lfs.c.obj
 .text.lfs_fs_prepsuperblock
                0x10003220       0x14 src/CMakeFiles/cansat.dir/littlefs/lfs.c.obj
 .text.lfs_fs_prepmove
                0x10003234       0x48 src/CMakeFiles/cansat.dir/littlefs/lfs.c.obj
 .text.lfs_fs_size_count
                0x1000327c        0xa src/CMakeFiles/cansat.dir/littlefs/lfs.c.obj
 *fill*         0x10003286        0x2 
 .text.lfs_bd_erase
                0x10003288       0x40 src/CMakeFiles/cansat.dir/littlefs/lfs.c.obj
 .text.lfs_fs_preporphans
                0x100032c8       0x64 src/CMakeFiles/cansat.dir/littlefs/lfs.c.obj
 .text.lfs_cache_zero
                0x1000332c       0x1a src/CMakeFiles/cansat.dir/littlefs/lfs.c.obj
 .text.lfs_ctz_index
                0x10003346       0x42 src/CMakeFiles/cansat.dir/littlefs/lfs.c.obj
 .text.lfs_bd_read
                0x10003388      0x21c src/CMakeFiles/cansat.dir/littlefs/lfs.c.obj
 .text.lfs_dir_getslice
                0x100035a4      0x164 src/CMakeFiles/cansat.dir/littlefs/lfs.c.obj
 .text.lfs_dir_get
                0x10003708       0x1a src/CMakeFiles/cansat.dir/littlefs/lfs.c.obj
 *fill*         0x10003722        0x2 
 .text.lfs_dir_getgstate
                0x10003724       0x34 src/CMakeFiles/cansat.dir/littlefs/lfs.c.obj
 .text.lfs_ctz_traverse
                0x10003758       0x9a src/CMakeFiles/cansat.dir/littlefs/lfs.c.obj
 .text.lfs_fs_parent_match
                0x100037f2       0x4c src/CMakeFiles/cansat.dir/littlefs/lfs.c.obj
 *fill*         0x1000383e        0x2 
 .text.lfs_dir_traverse
                0x10003840      0x32c src/CMakeFiles/cansat.dir/littlefs/lfs.c.obj
 .text.lfs_dir_getread
                0x10003b6c      0x134 src/CMakeFiles/cansat.dir/littlefs/lfs.c.obj
 .text.lfs_bd_cmp
                0x10003ca0       0x82 src/CMakeFiles/cansat.dir/littlefs/lfs.c.obj
 *fill*         0x10003d22        0x2 
 .text.lfs_bd_flush
                0x10003d24       0xc4 src/CMakeFiles/cansat.dir/littlefs/lfs.c.obj
 .text.lfs_bd_prog
                0x10003de8       0xf8 src/CMakeFiles/cansat.dir/littlefs/lfs.c.obj
 .text.lfs_bd_sync
                0x10003ee0       0x38 src/CMakeFiles/cansat.dir/littlefs/lfs.c.obj
 .text.lfs_dir_find_match
                0x10003f18       0x42 src/CMakeFiles/cansat.dir/littlefs/lfs.c.obj
 .text.lfs_ctz_find
                0x10003f5a       0x9c src/CMakeFiles/cansat.dir/littlefs/lfs.c.obj
 *fill*         0x10003ff6        0x2 
 .text.lfs_file_flushedread
                0x10003ff8      0x108 src/CMakeFiles/cansat.dir/littlefs/lfs.c.obj
 .text.lfs_bd_crc
                0x10004100       0x6c src/CMakeFiles/cansat.dir/littlefs/lfs.c.obj
 .text.lfs_dir_fetchmatch
                0x1000416c      0x53c src/CMakeFiles/cansat.dir/littlefs/lfs.c.obj
 .text.lfs_fs_parent
                0x100046a8       0xe0 src/CMakeFiles/cansat.dir/littlefs/lfs.c.obj
 .text.lfs_dir_fetch
                0x10004788       0x1a src/CMakeFiles/cansat.dir/littlefs/lfs.c.obj
 *fill*         0x100047a2        0x2 
 .text.lfs_fs_traverse_
                0x100047a4      0x1d0 src/CMakeFiles/cansat.dir/littlefs/lfs.c.obj
 .text.lfs_alloc_scan
                0x10004974       0x50 src/CMakeFiles/cansat.dir/littlefs/lfs.c.obj
 .text.lfs_alloc
                0x100049c4       0xac src/CMakeFiles/cansat.dir/littlefs/lfs.c.obj
 .text.lfs_dir_alloc
                0x10004a70       0x8e src/CMakeFiles/cansat.dir/littlefs/lfs.c.obj
 *fill*         0x10004afe        0x2 
 .text.lfs_file_relocate
                0x10004b00      0x144 src/CMakeFiles/cansat.dir/littlefs/lfs.c.obj
 .text.lfs_file_outline
                0x10004c44       0x28 src/CMakeFiles/cansat.dir/littlefs/lfs.c.obj
 .text.lfs_ctz_extend
                0x10004c6c      0x190 src/CMakeFiles/cansat.dir/littlefs/lfs.c.obj
 .text.lfs_file_flushedwrite
                0x10004dfc      0x178 src/CMakeFiles/cansat.dir/littlefs/lfs.c.obj
 .text.lfs_file_flush
                0x10004f74      0x110 src/CMakeFiles/cansat.dir/littlefs/lfs.c.obj
 .text.lfs_file_read_
                0x10005084       0x48 src/CMakeFiles/cansat.dir/littlefs/lfs.c.obj
 .text.lfs_file_seek_
                0x100050cc       0x96 src/CMakeFiles/cansat.dir/littlefs/lfs.c.obj
 .text.lfs_file_rewind_
                0x10005162       0x12 src/CMakeFiles/cansat.dir/littlefs/lfs.c.obj
 .text.lfs_file_write_
                0x10005174       0xa8 src/CMakeFiles/cansat.dir/littlefs/lfs.c.obj
 .text.lfs_fs_size_
                0x1000521c       0x20 src/CMakeFiles/cansat.dir/littlefs/lfs.c.obj
 .text.lfs_fs_pred
                0x1000523c       0xd0 src/CMakeFiles/cansat.dir/littlefs/lfs.c.obj
 .text.lfs_dir_commitprog
                0x1000530c       0x40 src/CMakeFiles/cansat.dir/littlefs/lfs.c.obj
 .text.lfs_dir_commitattr
                0x1000534c       0xd0 src/CMakeFiles/cansat.dir/littlefs/lfs.c.obj
 .text.lfs_dir_commit_commit
                0x1000541c       0x12 src/CMakeFiles/cansat.dir/littlefs/lfs.c.obj
 *fill*         0x1000542e        0x2 
 .text.lfs_dir_commitcrc
                0x10005430      0x218 src/CMakeFiles/cansat.dir/littlefs/lfs.c.obj
 .text.lfs_dir_compact
                0x10005648      0x2d8 src/CMakeFiles/cansat.dir/littlefs/lfs.c.obj
 .text.lfs_dir_split
                0x10005920       0x90 src/CMakeFiles/cansat.dir/littlefs/lfs.c.obj
 .text.lfs_dir_splittingcompact
                0x100059b0      0x1dc src/CMakeFiles/cansat.dir/littlefs/lfs.c.obj
 .text.lfs_dir_relocatingcommit
                0x10005b8c      0x394 src/CMakeFiles/cansat.dir/littlefs/lfs.c.obj
 .text.lfs_dir_orphaningcommit
                0x10005f20      0x3d0 src/CMakeFiles/cansat.dir/littlefs/lfs.c.obj
 .text.lfs_fs_deorphan
                0x100062f0      0x208 src/CMakeFiles/cansat.dir/littlefs/lfs.c.obj
 .text.lfs_dir_commit
                0x100064f8       0x1a src/CMakeFiles/cansat.dir/littlefs/lfs.c.obj
 *fill*         0x10006512        0x2 
 .text.lfs_fs_desuperblock
                0x10006514       0x8c src/CMakeFiles/cansat.dir/littlefs/lfs.c.obj
 .text.lfs_fs_demove
                0x100065a0       0xb4 src/CMakeFiles/cansat.dir/littlefs/lfs.c.obj
 .text.lfs_fs_forceconsistency
                0x10006654       0x22 src/CMakeFiles/cansat.dir/littlefs/lfs.c.obj
 *fill*         0x10006676        0x2 
 .text.lfs_dir_drop
                0x10006678       0x44 src/CMakeFiles/cansat.dir/littlefs/lfs.c.obj
 .text.lfs_file_sync_
                0x100066bc       0xbc src/CMakeFiles/cansat.dir/littlefs/lfs.c.obj
 .text.lfs_deinit
                0x10006778       0x38 src/CMakeFiles/cansat.dir/littlefs/lfs.c.obj
 .text.lfs_init
                0x100067b0      0x36c src/CMakeFiles/cansat.dir/littlefs/lfs.c.obj
 .text.lfs_format_
                0x10006b1c       0xf4 src/CMakeFiles/cansat.dir/littlefs/lfs.c.obj
 .text.lfs_unmount_
                0x10006c10        0x8 src/CMakeFiles/cansat.dir/littlefs/lfs.c.obj
 .text.lfs_mount_
                0x10006c18      0x32c src/CMakeFiles/cansat.dir/littlefs/lfs.c.obj
 .text.lfs_file_close_
                0x10006f44       0x28 src/CMakeFiles/cansat.dir/littlefs/lfs.c.obj
 .text.lfs_dir_find
                0x10006f6c      0x194 src/CMakeFiles/cansat.dir/littlefs/lfs.c.obj
 .text.lfs_remove_
                0x10007100       0xf8 src/CMakeFiles/cansat.dir/littlefs/lfs.c.obj
 .text.lfs_dir_open_
                0x100071f8       0x98 src/CMakeFiles/cansat.dir/littlefs/lfs.c.obj
 .text.lfs_file_opencfg_
                0x10007290      0x260 src/CMakeFiles/cansat.dir/littlefs/lfs.c.obj
 .text.lfs_file_open_
                0x100074f0       0x14 src/CMakeFiles/cansat.dir/littlefs/lfs.c.obj
 .text.lfs_dir_getinfo
                0x10007504       0xa8 src/CMakeFiles/cansat.dir/littlefs/lfs.c.obj
 .text.lfs_dir_read_
                0x100075ac       0xb0 src/CMakeFiles/cansat.dir/littlefs/lfs.c.obj
 .text.lfs_format
                0x1000765c       0x26 src/CMakeFiles/cansat.dir/littlefs/lfs.c.obj
                0x1000765c                lfs_format
 .text.lfs_mount
                0x10007682       0x26 src/CMakeFiles/cansat.dir/littlefs/lfs.c.obj
                0x10007682                lfs_mount
 .text.lfs_unmount
                0x100076a8       0x22 src/CMakeFiles/cansat.dir/littlefs/lfs.c.obj
                0x100076a8                lfs_unmount
 .text.lfs_remove
                0x100076ca       0x26 src/CMakeFiles/cansat.dir/littlefs/lfs.c.obj
                0x100076ca                lfs_remove
 .text.lfs_file_open
                0x100076f0       0x5c src/CMakeFiles/cansat.dir/littlefs/lfs.c.obj
                0x100076f0                lfs_file_open
 .text.lfs_file_opencfg
                0x1000774c       0x60 src/CMakeFiles/cansat.dir/littlefs/lfs.c.obj
                0x1000774c                lfs_file_opencfg
 .text.lfs_file_close
                0x100077ac       0x4c src/CMakeFiles/cansat.dir/littlefs/lfs.c.obj
                0x100077ac                lfs_file_close
 .text.lfs_file_sync
                0x100077f8       0x50 src/CMakeFiles/cansat.dir/littlefs/lfs.c.obj
                0x100077f8                lfs_file_sync
 .text.lfs_file_read
                0x10007848       0x5c src/CMakeFiles/cansat.dir/littlefs/lfs.c.obj
                0x10007848                lfs_file_read
 .text.lfs_file_write
                0x100078a4       0x5c src/CMakeFiles/cansat.dir/littlefs/lfs.c.obj
                0x100078a4                lfs_file_write
 .text.lfs_file_rewind
                0x10007900       0x26 src/CMakeFiles/cansat.dir/littlefs/lfs.c.obj
                0x10007900                lfs_file_rewind
 *fill*         0x10007926        0x2 
 .text.lfs_dir_open
                0x10007928       0x54 src/CMakeFiles/cansat.dir/littlefs/lfs.c.obj
                0x10007928                lfs_dir_open
 .text.lfs_dir_close
                0x1000797c       0x26 src/CMakeFiles/cansat.dir/littlefs/lfs.c.obj
                0x1000797c                lfs_dir_close
 .text.lfs_dir_read
                0x100079a2       0x2a src/CMakeFiles/cansat.dir/littlefs/lfs.c.obj
                0x100079a2                lfs_dir_read
 .text.lfs_fs_size
                0x100079cc       0x22 src/CMakeFiles/cansat.dir/littlefs/lfs.c.obj
                0x100079cc                lfs_fs_size
 *fill*         0x100079ee        0x2 
 .text.lfs_crc  0x100079f0       0x34 src/CMakeFiles/cansat.dir/littlefs/lfs_util.c.obj
                0x100079f0                lfs_crc
 .text.gpio_set_function
                0x10007a24       0x30 src/CMakeFiles/cansat.dir/home/arca/pico/pico-sdk/src/rp2_common/hardware_gpio/gpio.c.obj
                0x10007a24                gpio_set_function
 .text.gpio_set_pulls
                0x10007a54       0x34 src/CMakeFiles/cansat.dir/home/arca/pico/pico-sdk/src/rp2_common/hardware_gpio/gpio.c.obj
                0x10007a54                gpio_set_pulls
 .text.gpio_set_irq_callback
                0x10007a88       0x48 src/CMakeFiles/cansat.dir/home/arca/pico/pico-sdk/src/rp2_common/hardware_gpio/gpio.c.obj
                0x10007a88                gpio_set_irq_callback
 .text.gpio_acknowledge_irq
                0x10007ad0       0x18 src/CMakeFiles/cansat.dir/home/arca/pico/pico-sdk/src/rp2_common/hardware_gpio/gpio.c.obj
                0x10007ad0                gpio_acknowledge_irq
 .text._gpio_set_irq_enabled
                0x10007ae8       0x34 src/CMakeFiles/cansat.dir/home/arca/pico/pico-sdk/src/rp2_common/hardware_gpio/gpio.c.obj
 .text.gpio_set_irq_enabled
                0x10007b1c       0x20 src/CMakeFiles/cansat.dir/home/arca/pico/pico-sdk/src/rp2_common/hardware_gpio/gpio.c.obj
                0x10007b1c                gpio_set_irq_enabled
 .text.gpio_set_irq_enabled_with_callback
                0x10007b3c       0x20 src/CMakeFiles/cansat.dir/home/arca/pico/pico-sdk/src/rp2_common/hardware_gpio/gpio.c.obj
                0x10007b3c                gpio_set_irq_enabled_with_callback
 .text.gpio_default_irq_handler
                0x10007b5c       0x98 src/CMakeFiles/cansat.dir/home/arca/pico/pico-sdk/src/rp2_common/hardware_gpio/gpio.c.obj
 .text.gpio_set_input_enabled
                0x10007bf4       0x30 src/CMakeFiles/cansat.dir/home/arca/pico/pico-sdk/src/rp2_common/hardware_gpio/gpio.c.obj
                0x10007bf4                gpio_set_input_enabled
 .text.gpio_init
                0x10007c24       0x16 src/CMakeFiles/cansat.dir/home/arca/pico/pico-sdk/src/rp2_common/hardware_gpio/gpio.c.obj
                0x10007c24                gpio_init
 *fill*         0x10007c3a        0x2 
 .text.running_on_fpga
                0x10007c3c       0x14 src/CMakeFiles/cansat.dir/home/arca/pico/pico-sdk/src/rp2_common/pico_platform/platform.c.obj
                0x10007c3c                running_on_fpga
 .text.hw_claim_lock
                0x10007c50       0x18 src/CMakeFiles/cansat.dir/home/arca/pico/pico-sdk/src/rp2_common/hardware_claim/claim.c.obj
                0x10007c50                hw_claim_lock
 .text.hw_claim_unlock
                0x10007c68       0x14 src/CMakeFiles/cansat.dir/home/arca/pico/pico-sdk/src/rp2_common/hardware_claim/claim.c.obj
                0x10007c68                hw_claim_unlock
 .text.hw_claim_or_assert
                0x10007c7c       0x32 src/CMakeFiles/cansat.dir/home/arca/pico/pico-sdk/src/rp2_common/hardware_claim/claim.c.obj
                0x10007c7c                hw_claim_or_assert
 .text.hw_claim_unused_from_range
                0x10007cae       0x50 src/CMakeFiles/cansat.dir/home/arca/pico/pico-sdk/src/rp2_common/hardware_claim/claim.c.obj
                0x10007cae                hw_claim_unused_from_range
 *fill*         0x10007cfe        0x2 
 .text.spin_locks_reset
                0x10007d00       0x20 src/CMakeFiles/cansat.dir/home/arca/pico/pico-sdk/src/rp2_common/hardware_sync/sync.c.obj
                0x10007d00                spin_locks_reset
 .text.next_striped_spin_lock_num
                0x10007d20       0x1c src/CMakeFiles/cansat.dir/home/arca/pico/pico-sdk/src/rp2_common/hardware_sync/sync.c.obj
                0x10007d20                next_striped_spin_lock_num
 .text.spin_lock_claim_unused
                0x10007d3c       0x24 src/CMakeFiles/cansat.dir/home/arca/pico/pico-sdk/src/rp2_common/hardware_sync/sync.c.obj
                0x10007d3c                spin_lock_claim_unused
 .text.set_raw_irq_handler_and_unlock
                0x10007d60       0x28 src/CMakeFiles/cansat.dir/home/arca/pico/pico-sdk/src/rp2_common/hardware_irq/irq.c.obj
 .text.resolve_branch
                0x10007d88       0x30 src/CMakeFiles/cansat.dir/home/arca/pico/pico-sdk/src/rp2_common/hardware_irq/irq.c.obj
 .text.make_branch
                0x10007db8       0x48 src/CMakeFiles/cansat.dir/home/arca/pico/pico-sdk/src/rp2_common/hardware_irq/irq.c.obj
 .text.insert_branch_and_link
                0x10007e00       0x40 src/CMakeFiles/cansat.dir/home/arca/pico/pico-sdk/src/rp2_common/hardware_irq/irq.c.obj
 .text.irq_is_enabled
                0x10007e40       0x18 src/CMakeFiles/cansat.dir/home/arca/pico/pico-sdk/src/rp2_common/hardware_irq/irq.c.obj
                0x10007e40                irq_is_enabled
 .text.irq_set_mask_enabled
                0x10007e58       0x20 src/CMakeFiles/cansat.dir/home/arca/pico/pico-sdk/src/rp2_common/hardware_irq/irq.c.obj
                0x10007e58                irq_set_mask_enabled
 .text.irq_set_enabled
                0x10007e78        0xe src/CMakeFiles/cansat.dir/home/arca/pico/pico-sdk/src/rp2_common/hardware_irq/irq.c.obj
                0x10007e78                irq_set_enabled
 *fill*         0x10007e86        0x2 
 .text.irq_set_pending
                0x10007e88       0x10 src/CMakeFiles/cansat.dir/home/arca/pico/pico-sdk/src/rp2_common/hardware_irq/irq.c.obj
                0x10007e88                irq_set_pending
 .text.irq_get_vtable_handler
                0x10007e98       0x10 src/CMakeFiles/cansat.dir/home/arca/pico/pico-sdk/src/rp2_common/hardware_irq/irq.c.obj
                0x10007e98                irq_get_vtable_handler
 .text.irq_has_shared_handler
                0x10007ea8       0x24 src/CMakeFiles/cansat.dir/home/arca/pico/pico-sdk/src/rp2_common/hardware_irq/irq.c.obj
                0x10007ea8                irq_has_shared_handler
 .text.irq_set_exclusive_handler
                0x10007ecc       0x54 src/CMakeFiles/cansat.dir/home/arca/pico/pico-sdk/src/rp2_common/hardware_irq/irq.c.obj
                0x10007ecc                irq_set_exclusive_handler
 .text.irq_add_shared_handler
                0x10007f20      0x210 src/CMakeFiles/cansat.dir/home/arca/pico/pico-sdk/src/rp2_common/hardware_irq/irq.c.obj
                0x10007f20                irq_add_shared_handler
 .text.irq_remove_handler
                0x10008130      0x188 src/CMakeFiles/cansat.dir/home/arca/pico/pico-sdk/src/rp2_common/hardware_irq/irq.c.obj
                0x10008130                irq_remove_handler
 .text.irq_set_priority
                0x100082b8       0x28 src/CMakeFiles/cansat.dir/home/arca/pico/pico-sdk/src/rp2_common/hardware_irq/irq.c.obj
                0x100082b8                irq_set_priority
 .text.irq_add_tail_to_free_list
                0x100082e0       0xf0 src/CMakeFiles/cansat.dir/home/arca/pico/pico-sdk/src/rp2_common/hardware_irq/irq.c.obj
                0x100082e0                irq_add_tail_to_free_list
 .text.irq_init_priorities
                0x100083d0       0x1c src/CMakeFiles/cansat.dir/home/arca/pico/pico-sdk/src/rp2_common/hardware_irq/irq.c.obj
                0x100083d0                irq_init_priorities
 .text.user_irq_claim_unused
                0x100083ec       0x2c src/CMakeFiles/cansat.dir/home/arca/pico/pico-sdk/src/rp2_common/hardware_irq/irq.c.obj
                0x100083ec                user_irq_claim_unused
 .text.lock_init
                0x10008418       0x10 src/CMakeFiles/cansat.dir/home/arca/pico/pico-sdk/src/common/pico_sync/lock_core.c.obj
                0x10008418                lock_init
 .text.update_us_since_boot
                0x10008428       0x24 src/CMakeFiles/cansat.dir/home/arca/pico/pico-sdk/src/common/pico_sync/mutex.c.obj
 .text.delayed_by_ms
                0x1000844c       0x44 src/CMakeFiles/cansat.dir/home/arca/pico/pico-sdk/src/common/pico_sync/mutex.c.obj
 .text.get_absolute_time
                0x10008490       0x22 src/CMakeFiles/cansat.dir/home/arca/pico/pico-sdk/src/common/pico_sync/mutex.c.obj
 .text.make_timeout_time_ms
                0x100084b2       0x20 src/CMakeFiles/cansat.dir/home/arca/pico/pico-sdk/src/common/pico_sync/mutex.c.obj
 .text.mutex_init
                0x100084d2       0x1c src/CMakeFiles/cansat.dir/home/arca/pico/pico-sdk/src/common/pico_sync/mutex.c.obj
                0x100084d2                mutex_init
 .text.recursive_mutex_init
                0x100084ee       0x20 src/CMakeFiles/cansat.dir/home/arca/pico/pico-sdk/src/common/pico_sync/mutex.c.obj
                0x100084ee                recursive_mutex_init
 *fill*         0x1000850e        0x2 
 .text.critical_section_init_with_lock_num
                0x10008510       0x14 src/CMakeFiles/cansat.dir/home/arca/pico/pico-sdk/src/common/pico_sync/critical_section.c.obj
                0x10008510                critical_section_init_with_lock_num
 .text.critical_section_init
                0x10008524       0x14 src/CMakeFiles/cansat.dir/home/arca/pico/pico-sdk/src/common/pico_sync/critical_section.c.obj
                0x10008524                critical_section_init
 .text.time_reached
                0x10008538       0x28 src/CMakeFiles/cansat.dir/home/arca/pico/pico-sdk/src/common/pico_time/time.c.obj
 .text.get_entry
                0x10008560       0x38 src/CMakeFiles/cansat.dir/home/arca/pico/pico-sdk/src/common/pico_time/time.c.obj
 .text.timer_pool_entry_comparator
                0x10008598       0x2e src/CMakeFiles/cansat.dir/home/arca/pico/pico-sdk/src/common/pico_time/time.c.obj
                0x10008598                timer_pool_entry_comparator
 *fill*         0x100085c6        0x2 
 .text.update_us_since_boot
                0x100085c8       0x24 src/CMakeFiles/cansat.dir/home/arca/pico/pico-sdk/src/common/pico_time/time.c.obj
 .text.delayed_by_us
                0x100085ec       0x34 src/CMakeFiles/cansat.dir/home/arca/pico/pico-sdk/src/common/pico_time/time.c.obj
 .text.ph_get_node
                0x10008620       0x30 src/CMakeFiles/cansat.dir/home/arca/pico/pico-sdk/src/common/pico_time/time.c.obj
 .text.ph_contains_node
                0x10008650       0x1e src/CMakeFiles/cansat.dir/home/arca/pico/pico-sdk/src/common/pico_time/time.c.obj
 .text.ph_new_node
                0x1000866e       0x28 src/CMakeFiles/cansat.dir/home/arca/pico/pico-sdk/src/common/pico_time/time.c.obj
 *fill*         0x10008696        0x2 
 .text.ph_add_child_node
                0x10008698       0x6c src/CMakeFiles/cansat.dir/home/arca/pico/pico-sdk/src/common/pico_time/time.c.obj
 .text.ph_merge_nodes
                0x10008704       0x3e src/CMakeFiles/cansat.dir/home/arca/pico/pico-sdk/src/common/pico_time/time.c.obj
 *fill*         0x10008742        0x2 
 .text.ph_insert_node
                0x10008744       0x3c src/CMakeFiles/cansat.dir/home/arca/pico/pico-sdk/src/common/pico_time/time.c.obj
 .text.ph_free_node
                0x10008780       0x5c src/CMakeFiles/cansat.dir/home/arca/pico/pico-sdk/src/common/pico_time/time.c.obj
 .text.get_entry_id_high
                0x100087dc       0x30 src/CMakeFiles/cansat.dir/home/arca/pico/pico-sdk/src/common/pico_time/time.c.obj
 .text.alarm_pool_post_alloc_init
                0x1000880c       0x40 src/CMakeFiles/cansat.dir/home/arca/pico/pico-sdk/src/common/pico_time/time.c.obj
 .text.get_absolute_time
                0x1000884c       0x22 src/CMakeFiles/cansat.dir/home/arca/pico/pico-sdk/src/common/pico_time/time.c.obj
 .text.make_timeout_time_us
                0x1000886e       0x24 src/CMakeFiles/cansat.dir/home/arca/pico/pico-sdk/src/common/pico_time/time.c.obj
 *fill*         0x10008892        0x2 
 .text.add_alarm_under_lock
                0x10008894       0x94 src/CMakeFiles/cansat.dir/home/arca/pico/pico-sdk/src/common/pico_time/time.c.obj
 .text.alarm_pool_alarm_callback
                0x10008928      0x210 src/CMakeFiles/cansat.dir/home/arca/pico/pico-sdk/src/common/pico_time/time.c.obj
 .text.sleep_until_callback
                0x10008b38       0x28 src/CMakeFiles/cansat.dir/home/arca/pico/pico-sdk/src/common/pico_time/time.c.obj
 .text.alarm_pool_init_default
                0x10008b60       0x40 src/CMakeFiles/cansat.dir/home/arca/pico/pico-sdk/src/common/pico_time/time.c.obj
                0x10008b60                alarm_pool_init_default
 .text.alarm_pool_get_default
                0x10008ba0       0x2c src/CMakeFiles/cansat.dir/home/arca/pico/pico-sdk/src/common/pico_time/time.c.obj
                0x10008ba0                alarm_pool_get_default
 .text.alarm_pool_add_alarm_at
                0x10008bcc      0x10e src/CMakeFiles/cansat.dir/home/arca/pico/pico-sdk/src/common/pico_time/time.c.obj
                0x10008bcc                alarm_pool_add_alarm_at
 .text.add_alarm_at
                0x10008cda       0x2e src/CMakeFiles/cansat.dir/home/arca/pico/pico-sdk/src/common/pico_time/time.c.obj
 .text.alarm_pool_cancel_alarm
                0x10008d08       0xa8 src/CMakeFiles/cansat.dir/home/arca/pico/pico-sdk/src/common/pico_time/time.c.obj
                0x10008d08                alarm_pool_cancel_alarm
 .text.cancel_alarm
                0x10008db0       0x10 src/CMakeFiles/cansat.dir/home/arca/pico/pico-sdk/src/common/pico_time/time.c.obj
 .text.alarm_pool_core_num
                0x10008dc0        0x4 src/CMakeFiles/cansat.dir/home/arca/pico/pico-sdk/src/common/pico_time/time.c.obj
                0x10008dc0                alarm_pool_core_num
 .text.sleep_until
                0x10008dc4       0xa4 src/CMakeFiles/cansat.dir/home/arca/pico/pico-sdk/src/common/pico_time/time.c.obj
                0x10008dc4                sleep_until
 .text.sleep_us
                0x10008e68       0x1a src/CMakeFiles/cansat.dir/home/arca/pico/pico-sdk/src/common/pico_time/time.c.obj
                0x10008e68                sleep_us
 .text.sleep_ms
                0x10008e82       0x14 src/CMakeFiles/cansat.dir/home/arca/pico/pico-sdk/src/common/pico_time/time.c.obj
                0x10008e82                sleep_ms
 *fill*         0x10008e96        0x2 
 .text.best_effort_wfe_or_timeout
                0x10008e98       0x44 src/CMakeFiles/cansat.dir/home/arca/pico/pico-sdk/src/common/pico_time/time.c.obj
                0x10008e98                best_effort_wfe_or_timeout
 .text.time_reached
                0x10008edc       0x28 src/CMakeFiles/cansat.dir/home/arca/pico/pico-sdk/src/common/pico_time/timeout_helper.c.obj
 .text.update_us_since_boot
                0x10008f04       0x24 src/CMakeFiles/cansat.dir/home/arca/pico/pico-sdk/src/common/pico_time/timeout_helper.c.obj
 .text.get_absolute_time
                0x10008f28       0x22 src/CMakeFiles/cansat.dir/home/arca/pico/pico-sdk/src/common/pico_time/timeout_helper.c.obj
 *fill*         0x10008f4a        0x2 
 .text.delayed_by_us
                0x10008f4c       0x34 src/CMakeFiles/cansat.dir/home/arca/pico/pico-sdk/src/common/pico_time/timeout_helper.c.obj
 .text.make_timeout_time_us
                0x10008f80       0x24 src/CMakeFiles/cansat.dir/home/arca/pico/pico-sdk/src/common/pico_time/timeout_helper.c.obj
 .text.check_per_iteration_timeout_us
                0x10008fa4       0x2c src/CMakeFiles/cansat.dir/home/arca/pico/pico-sdk/src/common/pico_time/timeout_helper.c.obj
 .text.init_per_iteration_timeout_us
                0x10008fd0       0x28 src/CMakeFiles/cansat.dir/home/arca/pico/pico-sdk/src/common/pico_time/timeout_helper.c.obj
                0x10008fd0                init_per_iteration_timeout_us
 .text.update_us_since_boot
                0x10008ff8       0x24 src/CMakeFiles/cansat.dir/home/arca/pico/pico-sdk/src/rp2_common/hardware_timer/timer.c.obj
 .text.hardware_alarm_irq_handler
                0x1000901c       0x8c src/CMakeFiles/cansat.dir/home/arca/pico/pico-sdk/src/rp2_common/hardware_timer/timer.c.obj
 .text.hardware_alarm_claim
                0x100090a8       0x18 src/CMakeFiles/cansat.dir/home/arca/pico/pico-sdk/src/rp2_common/hardware_timer/timer.c.obj
                0x100090a8                hardware_alarm_claim
 .text.time_us_64
                0x100090c0       0x18 src/CMakeFiles/cansat.dir/home/arca/pico/pico-sdk/src/rp2_common/hardware_timer/timer.c.obj
                0x100090c0                time_us_64
 .text.busy_wait_until
                0x100090d8       0x28 src/CMakeFiles/cansat.dir/home/arca/pico/pico-sdk/src/rp2_common/hardware_timer/timer.c.obj
                0x100090d8                busy_wait_until
 .text.busy_wait_us
                0x10009100       0x3a src/CMakeFiles/cansat.dir/home/arca/pico/pico-sdk/src/rp2_common/hardware_timer/timer.c.obj
                0x10009100                busy_wait_us
 *fill*         0x1000913a        0x2 
 .text.hardware_alarm_set_callback
                0x1000913c       0x90 src/CMakeFiles/cansat.dir/home/arca/pico/pico-sdk/src/rp2_common/hardware_timer/timer.c.obj
                0x1000913c                hardware_alarm_set_callback
 .text.hardware_alarm_set_target
                0x100091cc       0xe8 src/CMakeFiles/cansat.dir/home/arca/pico/pico-sdk/src/rp2_common/hardware_timer/timer.c.obj
                0x100091cc                hardware_alarm_set_target
 .text.hardware_alarm_cancel
                0x100092b4       0x40 src/CMakeFiles/cansat.dir/home/arca/pico/pico-sdk/src/rp2_common/hardware_timer/timer.c.obj
                0x100092b4                hardware_alarm_cancel
 .text.ph_get_node
                0x100092f4       0x30 src/CMakeFiles/cansat.dir/home/arca/pico/pico-sdk/src/common/pico_util/pheap.c.obj
 .text.ph_add_child_node
                0x10009324       0x6c src/CMakeFiles/cansat.dir/home/arca/pico/pico-sdk/src/common/pico_util/pheap.c.obj
 .text.ph_merge_nodes
                0x10009390       0x3e src/CMakeFiles/cansat.dir/home/arca/pico/pico-sdk/src/common/pico_util/pheap.c.obj
 .text.ph_clear
                0x100093ce       0x34 src/CMakeFiles/cansat.dir/home/arca/pico/pico-sdk/src/common/pico_util/pheap.c.obj
                0x100093ce                ph_clear
 .text.ph_post_alloc_init
                0x10009402        0xe src/CMakeFiles/cansat.dir/home/arca/pico/pico-sdk/src/common/pico_util/pheap.c.obj
                0x10009402                ph_post_alloc_init
 .text.ph_merge_two_pass
                0x10009410       0x5c src/CMakeFiles/cansat.dir/home/arca/pico/pico-sdk/src/common/pico_util/pheap.c.obj
                0x10009410                ph_merge_two_pass
 .text.ph_remove_any_head
                0x1000946c       0xc0 src/CMakeFiles/cansat.dir/home/arca/pico/pico-sdk/src/common/pico_util/pheap.c.obj
 .text.ph_remove_head
                0x1000952c       0x14 src/CMakeFiles/cansat.dir/home/arca/pico/pico-sdk/src/common/pico_util/pheap.c.obj
                0x1000952c                ph_remove_head
 .text.ph_remove_and_free_node
                0x10009540       0xa0 src/CMakeFiles/cansat.dir/home/arca/pico/pico-sdk/src/common/pico_util/pheap.c.obj
                0x10009540                ph_remove_and_free_node
 .text.uart_disable_before_lcr_write
                0x100095e0       0x48 src/CMakeFiles/cansat.dir/home/arca/pico/pico-sdk/src/rp2_common/hardware_uart/uart.c.obj
 .text.uart_write_lcr_bits_masked
                0x10009628       0x22 src/CMakeFiles/cansat.dir/home/arca/pico/pico-sdk/src/rp2_common/hardware_uart/uart.c.obj
 *fill*         0x1000964a        0x2 
 .text.uart_set_baudrate
                0x1000964c       0x5c src/CMakeFiles/cansat.dir/home/arca/pico/pico-sdk/src/rp2_common/hardware_uart/uart.c.obj
                0x1000964c                uart_set_baudrate
 .text.uart_set_translate_crlf
                0x100096a8       0x28 src/CMakeFiles/cansat.dir/home/arca/pico/pico-sdk/src/rp2_common/hardware_uart/uart.c.obj
                0x100096a8                uart_set_translate_crlf
 .text.uart_init
                0x100096d0       0x78 src/CMakeFiles/cansat.dir/home/arca/pico/pico-sdk/src/rp2_common/hardware_uart/uart.c.obj
                0x100096d0                uart_init
 .text.clock_configure
                0x10009748      0x108 src/CMakeFiles/cansat.dir/home/arca/pico/pico-sdk/src/rp2_common/hardware_clocks/clocks.c.obj
                0x10009748                clock_configure
 .text.clocks_init
                0x10009850      0x100 src/CMakeFiles/cansat.dir/home/arca/pico/pico-sdk/src/rp2_common/hardware_clocks/clocks.c.obj
                0x10009850                clocks_init
 .text.clock_get_hz
                0x10009950        0xc src/CMakeFiles/cansat.dir/home/arca/pico/pico-sdk/src/rp2_common/hardware_clocks/clocks.c.obj
                0x10009950                clock_get_hz
 .text.pll_init
                0x1000995c      0x120 src/CMakeFiles/cansat.dir/home/arca/pico/pico-sdk/src/rp2_common/hardware_pll/pll.c.obj
                0x1000995c                pll_init
 .text.watchdog_start_tick
                0x10009a7c       0x10 src/CMakeFiles/cansat.dir/home/arca/pico/pico-sdk/src/rp2_common/hardware_watchdog/watchdog.c.obj
                0x10009a7c                watchdog_start_tick
 .text.watchdog_update
                0x10009a8c       0x14 src/CMakeFiles/cansat.dir/home/arca/pico/pico-sdk/src/rp2_common/hardware_watchdog/watchdog.c.obj
                0x10009a8c                watchdog_update
 .text._watchdog_enable
                0x10009aa0       0x78 src/CMakeFiles/cansat.dir/home/arca/pico/pico-sdk/src/rp2_common/hardware_watchdog/watchdog.c.obj
                0x10009aa0                _watchdog_enable
 .text.watchdog_reboot
                0x10009b18       0x48 src/CMakeFiles/cansat.dir/home/arca/pico/pico-sdk/src/rp2_common/hardware_watchdog/watchdog.c.obj
                0x10009b18                watchdog_reboot
 .text.xosc_init
                0x10009b60       0x28 src/CMakeFiles/cansat.dir/home/arca/pico/pico-sdk/src/rp2_common/hardware_xosc/xosc.c.obj
                0x10009b60                xosc_init
 .text._exit    0x10009b88        0x4 src/CMakeFiles/cansat.dir/home/arca/pico/pico-sdk/src/rp2_common/pico_runtime/runtime.c.obj
                0x10009b88                _exit
 .text._sbrk    0x10009b8c       0x38 src/CMakeFiles/cansat.dir/home/arca/pico/pico-sdk/src/rp2_common/pico_runtime/runtime.c.obj
                0x10009b8c                _sbrk
 .text.exit     0x10009bc4        0x6 src/CMakeFiles/cansat.dir/home/arca/pico/pico-sdk/src/rp2_common/pico_runtime/runtime.c.obj
                0x10009bc4                exit
 *fill*         0x10009bca        0x2 
 .text.__assert_func
                0x10009bcc       0x38 src/CMakeFiles/cansat.dir/home/arca/pico/pico-sdk/src/rp2_common/pico_runtime/runtime.c.obj
                0x10009bcc                __assert_func
 .text.runtime_init
                0x10009c04       0xf8 src/CMakeFiles/cansat.dir/home/arca/pico/pico-sdk/src/rp2_common/pico_runtime/runtime.c.obj
                0x10009c04                runtime_init
 .text.panic    0x10009cfc       0x30 src/CMakeFiles/cansat.dir/home/arca/pico/pico-sdk/src/rp2_common/pico_runtime/runtime.c.obj
                0x10009cfc                panic
 .text.panic_unsupported
                0x10009d2c        0xc src/CMakeFiles/cansat.dir/home/arca/pico/pico-sdk/src/rp2_common/pico_runtime/runtime.c.obj
                0x10009d2c                panic_unsupported
 .text._out_buffer
                0x10009d38        0x8 src/CMakeFiles/cansat.dir/home/arca/pico/pico-sdk/src/rp2_common/pico_printf/printf.c.obj
 .text._out_null
                0x10009d40        0x2 src/CMakeFiles/cansat.dir/home/arca/pico/pico-sdk/src/rp2_common/pico_printf/printf.c.obj
 .text._out_fct
                0x10009d42        0xe src/CMakeFiles/cansat.dir/home/arca/pico/pico-sdk/src/rp2_common/pico_printf/printf.c.obj
 .text._atoi    0x10009d50       0x24 src/CMakeFiles/cansat.dir/home/arca/pico/pico-sdk/src/rp2_common/pico_printf/printf.c.obj
 .text._out_rev
                0x10009d74       0xae src/CMakeFiles/cansat.dir/home/arca/pico/pico-sdk/src/rp2_common/pico_printf/printf.c.obj
 .text._ntoa_format
                0x10009e22      0x110 src/CMakeFiles/cansat.dir/home/arca/pico/pico-sdk/src/rp2_common/pico_printf/printf.c.obj
 .text._ntoa_long
                0x10009f32       0xbc src/CMakeFiles/cansat.dir/home/arca/pico/pico-sdk/src/rp2_common/pico_printf/printf.c.obj
 .text._ntoa_long_long
                0x10009fee      0x10e src/CMakeFiles/cansat.dir/home/arca/pico/pico-sdk/src/rp2_common/pico_printf/printf.c.obj
 .text._etoa    0x1000a0fc      0x420 src/CMakeFiles/cansat.dir/home/arca/pico/pico-sdk/src/rp2_common/pico_printf/printf.c.obj
 .text._ftoa    0x1000a51c      0x354 src/CMakeFiles/cansat.dir/home/arca/pico/pico-sdk/src/rp2_common/pico_printf/printf.c.obj
 .text._vsnprintf
                0x1000a870      0x668 src/CMakeFiles/cansat.dir/home/arca/pico/pico-sdk/src/rp2_common/pico_printf/printf.c.obj
 .text.__wrap_sprintf
                0x1000aed8       0x2c src/CMakeFiles/cansat.dir/home/arca/pico/pico-sdk/src/rp2_common/pico_printf/printf.c.obj
                0x1000aed8                __wrap_sprintf
 .text.vfctprintf
                0x1000af04       0x20 src/CMakeFiles/cansat.dir/home/arca/pico/pico-sdk/src/rp2_common/pico_printf/printf.c.obj
                0x1000af04                vfctprintf
 .text          0x1000af24       0x10 src/CMakeFiles/cansat.dir/home/arca/pico/pico-sdk/src/rp2_common/pico_bit_ops/bit_ops_aeabi.S.obj
 .text.clzsi    0x1000af34        0xc src/CMakeFiles/cansat.dir/home/arca/pico/pico-sdk/src/rp2_common/pico_bit_ops/bit_ops_aeabi.S.obj
                0x1000af34                __wrap___clz
                0x1000af34                __wrap___clzsi2
                0x1000af34                __wrap___clzl
 .text.ctzsi    0x1000af40        0xc src/CMakeFiles/cansat.dir/home/arca/pico/pico-sdk/src/rp2_common/pico_bit_ops/bit_ops_aeabi.S.obj
                0x1000af40                __wrap___ctzsi2
 .text.popcountsi
                0x1000af4c        0xc src/CMakeFiles/cansat.dir/home/arca/pico/pico-sdk/src/rp2_common/pico_bit_ops/bit_ops_aeabi.S.obj
                0x1000af4c                __wrap___popcountsi2
 .text.rom_func_lookup
                0x1000af58       0x10 src/CMakeFiles/cansat.dir/home/arca/pico/pico-sdk/src/rp2_common/pico_bootrom/bootrom.c.obj
                0x1000af58                rom_func_lookup
 .text.rom_data_lookup
                0x1000af68       0x10 src/CMakeFiles/cansat.dir/home/arca/pico/pico-sdk/src/rp2_common/pico_bootrom/bootrom.c.obj
                0x1000af68                rom_data_lookup
 .text.rom_funcs_lookup
                0x1000af78       0x36 src/CMakeFiles/cansat.dir/home/arca/pico/pico-sdk/src/rp2_common/pico_bootrom/bootrom.c.obj
                0x1000af78                rom_funcs_lookup
 *fill*         0x1000afae        0x2 
 .text.__wrap___aeabi_idiv
                0x1000afb0       0x50 src/CMakeFiles/cansat.dir/home/arca/pico/pico-sdk/src/rp2_common/pico_divider/divider.S.obj
                0x1000afb0                __wrap___aeabi_idivmod
                0x1000afb0                divmod_s32s32
                0x1000afb0                div_s32s32
                0x1000afb0                __wrap___aeabi_idiv
                0x1000afb8                divmod_s32s32_unsafe
                0x1000afe4                divmod_s32s32_savestate
 .text.__wrap___aeabi_uidiv
                0x1000b000       0x4c src/CMakeFiles/cansat.dir/home/arca/pico/pico-sdk/src/rp2_common/pico_divider/divider.S.obj
                0x1000b000                __wrap___aeabi_uidiv
                0x1000b000                __wrap___aeabi_uidivmod
                0x1000b000                div_u32u32
                0x1000b000                divmod_u32u32
                0x1000b008                divmod_u32u32_unsafe
                0x1000b030                divmod_u32u32_savestate
 .text.__wrap___aeabi_ldiv
                0x1000b04c      0x424 src/CMakeFiles/cansat.dir/home/arca/pico/pico-sdk/src/rp2_common/pico_divider/divider.S.obj
                0x1000b04c                div_s64s64
                0x1000b04c                divmod_s64s64
                0x1000b04c                __wrap___aeabi_ldivmod
                0x1000b07c                div_u64u64
                0x1000b07c                divmod_u64u64
                0x1000b07c                __wrap___aeabi_uldivmod
                0x1000b08c                divmod_u64u64_savestate
                0x1000b0ac                divmod_s64s64_unsafe
                0x1000b134                divmod_u64u64_unsafe
 .text.__wrap___aeabi_darithmetic
                0x1000b470       0x80 src/CMakeFiles/cansat.dir/home/arca/pico/pico-sdk/src/rp2_common/pico_double/double_aeabi.S.obj
                0x1000b470                __wrap___aeabi_drsub
                0x1000b476                __wrap___aeabi_dsub
                0x1000b488                __wrap___aeabi_dadd
                0x1000b49a                __wrap___aeabi_ddiv
                0x1000b4d6                __wrap___aeabi_dmul
 .text.__wrap___aeabi_cdcmple
                0x1000b4f0       0x6c src/CMakeFiles/cansat.dir/home/arca/pico/pico-sdk/src/rp2_common/pico_double/double_aeabi.S.obj
                0x1000b4f0                __wrap___aeabi_cdrcmple
                0x1000b500                __wrap___aeabi_cdcmple
                0x1000b500                __wrap___aeabi_cdcmpeq
 .text.__wrap___aeabi_dcmplt
                0x1000b55c        0xc src/CMakeFiles/cansat.dir/home/arca/pico/pico-sdk/src/rp2_common/pico_double/double_aeabi.S.obj
                0x1000b55c                __wrap___aeabi_dcmplt
 .text.__wrap___aeabi_dcmple
                0x1000b568       0x10 src/CMakeFiles/cansat.dir/home/arca/pico/pico-sdk/src/rp2_common/pico_double/double_aeabi.S.obj
                0x1000b568                __wrap___aeabi_dcmple
 .text.__wrap___aeabi_dcmpge
                0x1000b578       0x10 src/CMakeFiles/cansat.dir/home/arca/pico/pico-sdk/src/rp2_common/pico_double/double_aeabi.S.obj
                0x1000b578                __wrap___aeabi_dcmpge
 .text.__wrap___aeabi_dcmpgt
                0x1000b588        0xa src/CMakeFiles/cansat.dir/home/arca/pico/pico-sdk/src/rp2_common/pico_double/double_aeabi.S.obj
                0x1000b588                __wrap___aeabi_dcmpgt
 .text.__wrap___aeabi_dcmpun
                0x1000b592       0x1c src/CMakeFiles/cansat.dir/home/arca/pico/pico-sdk/src/rp2_common/pico_double/double_aeabi.S.obj
                0x1000b592                __wrap___aeabi_dcmpun
 *fill*         0x1000b5ae        0x2 
 .text.__wrap___aeabi_i2d
                0x1000b5b0       0x38 src/CMakeFiles/cansat.dir/home/arca/pico/pico-sdk/src/rp2_common/pico_double/double_aeabi.S.obj
                0x1000b5b0                __wrap___aeabi_ui2d
                0x1000b5b8                __wrap___aeabi_i2d
 .text.__wrap___aeabi_d2iz
                0x1000b5e8       0x48 src/CMakeFiles/cansat.dir/home/arca/pico/pico-sdk/src/rp2_common/pico_double/double_aeabi.S.obj
                0x1000b5e8                __wrap___aeabi_d2iz
                0x1000b5e8                double2int_z
 .text.__wrap___aeabi_d2uiz
                0x1000b630       0x18 src/CMakeFiles/cansat.dir/home/arca/pico/pico-sdk/src/rp2_common/pico_double/double_aeabi.S.obj
                0x1000b630                double2uint
                0x1000b630                __wrap___aeabi_d2uiz
 .text.__aeabi_double_init
                0x1000b648       0xcc src/CMakeFiles/cansat.dir/home/arca/pico/pico-sdk/src/rp2_common/pico_double/double_init_rom.c.obj
                0x1000b648                __aeabi_double_init
 .text.double_table_shim_on_use_helper
                0x1000b714       0x34 src/CMakeFiles/cansat.dir/home/arca/pico/pico-sdk/src/rp2_common/pico_double/double_v1_rom_shim.S.obj
                0x1000b714                double_table_shim_on_use_helper
 .text.__wrap___aeabi_dsub
                0x1000b748       0x10 src/CMakeFiles/cansat.dir/home/arca/pico/pico-sdk/src/rp2_common/pico_double/double_v1_rom_shim.S.obj
                0x1000b748                drsub_shim
                0x1000b74e                dsub_shim
 .text.dadd_shim
                0x1000b758      0x15c src/CMakeFiles/cansat.dir/home/arca/pico/pico-sdk/src/rp2_common/pico_double/double_v1_rom_shim.S.obj
                0x1000b758                dadd_shim
 .text.dmul_shim
                0x1000b8b4      0x15c src/CMakeFiles/cansat.dir/home/arca/pico/pico-sdk/src/rp2_common/pico_double/double_v1_rom_shim.S.obj
                0x1000b8b4                dmul_shim
 .text.ddiv_shim
                0x1000ba10      0x1b0 src/CMakeFiles/cansat.dir/home/arca/pico/pico-sdk/src/rp2_common/pico_double/double_v1_rom_shim.S.obj
                0x1000ba10                ddiv_shim
 .text.double2uint_shim
                0x1000bbc0        0xe src/CMakeFiles/cansat.dir/home/arca/pico/pico-sdk/src/rp2_common/pico_double/double_v1_rom_shim.S.obj
                0x1000bbc0                double2uint_shim
                0x1000bbc2                double2ufix_shim
 *fill*         0x1000bbce        0x2 
 .text.double2uint64_shim
                0x1000bbd0       0x70 src/CMakeFiles/cansat.dir/home/arca/pico/pico-sdk/src/rp2_common/pico_double/double_v1_rom_shim.S.obj
                0x1000bbd0                double2uint64_shim
                0x1000bbd2                double2ufix64_shim
                0x1000bbf2                d2fix_a
 .text.dunpacks
                0x1000bc40       0x3c src/CMakeFiles/cansat.dir/home/arca/pico/pico-sdk/src/rp2_common/pico_double/double_v1_rom_shim.S.obj
                0x1000bc40                dunpacks
 .text.__aeabi_lmul
                0x1000bc7c       0x32 src/CMakeFiles/cansat.dir/home/arca/pico/pico-sdk/src/rp2_common/pico_int64_ops/pico_int64_ops_aeabi.S.obj
                0x1000bc7c                __wrap___aeabi_lmul
 *fill*         0x1000bcae        0x2 
 .text.__wrap___aeabi_farithmetic
                0x1000bcb0       0x58 src/CMakeFiles/cansat.dir/home/arca/pico/pico-sdk/src/rp2_common/pico_float/float_aeabi.S.obj
                0x1000bcb0                __wrap___aeabi_frsub
                0x1000bcb6                __wrap___aeabi_fsub
                0x1000bcc0                __wrap___aeabi_fadd
                0x1000bcca                __wrap___aeabi_fdiv
                0x1000bcf6                __wrap___aeabi_fmul
 .text.__wrap___aeabi_cfcmple
                0x1000bd08       0x50 src/CMakeFiles/cansat.dir/home/arca/pico/pico-sdk/src/rp2_common/pico_float/float_aeabi.S.obj
                0x1000bd08                __wrap___aeabi_cfrcmple
                0x1000bd14                __wrap___aeabi_cfcmpeq
                0x1000bd14                __wrap___aeabi_cfcmple
 .text.__wrap___aeabi_fcmplt
                0x1000bd58        0xc src/CMakeFiles/cansat.dir/home/arca/pico/pico-sdk/src/rp2_common/pico_float/float_aeabi.S.obj
                0x1000bd58                __wrap___aeabi_fcmplt
 .text.__wrap___aeabi_fcmpgt
                0x1000bd64        0xa src/CMakeFiles/cansat.dir/home/arca/pico/pico-sdk/src/rp2_common/pico_float/float_aeabi.S.obj
                0x1000bd64                __wrap___aeabi_fcmpgt
 .text.__wrap___aeabi_ui2f
                0x1000bd6e        0xa src/CMakeFiles/cansat.dir/home/arca/pico/pico-sdk/src/rp2_common/pico_float/float_aeabi.S.obj
                0x1000bd6e                __wrap___aeabi_ui2f
 .text.__wrap___aeabi_i2f
                0x1000bd78       0x44 src/CMakeFiles/cansat.dir/home/arca/pico/pico-sdk/src/rp2_common/pico_float/float_aeabi.S.obj
                0x1000bd78                __wrap___aeabi_i2f
 .text.__wrap___aeabi_f2iz
                0x1000bdbc       0x4e src/CMakeFiles/cansat.dir/home/arca/pico/pico-sdk/src/rp2_common/pico_float/float_aeabi.S.obj
                0x1000bdbc                __wrap___aeabi_f2iz
                0x1000bdbc                float2int_z
 *fill*         0x1000be0a        0x2 
 .text.float2int
                0x1000be0c       0x14 src/CMakeFiles/cansat.dir/home/arca/pico/pico-sdk/src/rp2_common/pico_float/float_aeabi.S.obj
                0x1000be0c                float2int
 .text.__wrap___aeabi_f2uiz
                0x1000be20       0x10 src/CMakeFiles/cansat.dir/home/arca/pico/pico-sdk/src/rp2_common/pico_float/float_aeabi.S.obj
                0x1000be20                __wrap___aeabi_f2uiz
 .text.__wrap___aeabi_f2d
                0x1000be30       0x14 src/CMakeFiles/cansat.dir/home/arca/pico/pico-sdk/src/rp2_common/pico_float/float_aeabi.S.obj
                0x1000be30                __wrap___aeabi_f2d
 .text.__aeabi_float_init
                0x1000be44       0xfc src/CMakeFiles/cansat.dir/home/arca/pico/pico-sdk/src/rp2_common/pico_float/float_init_rom.c.obj
                0x1000be44                __aeabi_float_init
 .text.float_table_shim_on_use_helper
                0x1000bf40       0x34 src/CMakeFiles/cansat.dir/home/arca/pico/pico-sdk/src/rp2_common/pico_float/float_v1_rom_shim.S.obj
                0x1000bf40                float_table_shim_on_use_helper
 .text.float232_shims
                0x1000bf74       0x18 src/CMakeFiles/cansat.dir/home/arca/pico/pico-sdk/src/rp2_common/pico_float/float_v1_rom_shim.S.obj
                0x1000bf74                float2int_shim
                0x1000bf76                float2fix_shim
 .text.float2double_shim
                0x1000bf8c       0x30 src/CMakeFiles/cansat.dir/home/arca/pico/pico-sdk/src/rp2_common/pico_float/float_v1_rom_shim.S.obj
                0x1000bf8c                float2double_shim
 .text.check_alloc
                0x1000bfbc       0x20 src/CMakeFiles/cansat.dir/home/arca/pico/pico-sdk/src/rp2_common/pico_malloc/pico_malloc.c.obj
 .text.__wrap_malloc
                0x1000bfdc       0x2c src/CMakeFiles/cansat.dir/home/arca/pico/pico-sdk/src/rp2_common/pico_malloc/pico_malloc.c.obj
                0x1000bfdc                __wrap_malloc
 .text.__wrap_free
                0x1000c008       0x20 src/CMakeFiles/cansat.dir/home/arca/pico/pico-sdk/src/rp2_common/pico_malloc/pico_malloc.c.obj
                0x1000c008                __wrap_free
 .text          0x1000c028       0x10 src/CMakeFiles/cansat.dir/home/arca/pico/pico-sdk/src/rp2_common/pico_mem_ops/mem_ops_aeabi.S.obj
                0x1000c028                __aeabi_mem_init
 .text.memset   0x1000c038        0xc src/CMakeFiles/cansat.dir/home/arca/pico/pico-sdk/src/rp2_common/pico_mem_ops/mem_ops_aeabi.S.obj
                0x1000c038                __wrap_memset
 .text.memcpy   0x1000c044        0xc src/CMakeFiles/cansat.dir/home/arca/pico/pico-sdk/src/rp2_common/pico_mem_ops/mem_ops_aeabi.S.obj
                0x1000c044                __wrap___aeabi_memcpy
                0x1000c044                __wrap_memcpy
 .text._Znwj    0x1000c050        0x8 src/CMakeFiles/cansat.dir/home/arca/pico/pico-sdk/src/rp2_common/pico_standard_link/new_delete.cpp.obj
                0x1000c050                operator new(unsigned int)
 .text.time_reached
                0x1000c058       0x28 src/CMakeFiles/cansat.dir/home/arca/pico/pico-sdk/src/rp2_common/pico_stdio/stdio.c.obj
 .text.stdio_out_chars_no_crlf
                0x1000c080        0xe src/CMakeFiles/cansat.dir/home/arca/pico/pico-sdk/src/rp2_common/pico_stdio/stdio.c.obj
 *fill*         0x1000c08e        0x2 
 .text.stdio_out_chars_crlf
                0x1000c090       0x80 src/CMakeFiles/cansat.dir/home/arca/pico/pico-sdk/src/rp2_common/pico_stdio/stdio.c.obj
 .text.stdio_stack_buffer_flush
                0x1000c110       0x44 src/CMakeFiles/cansat.dir/home/arca/pico/pico-sdk/src/rp2_common/pico_stdio/stdio.c.obj
 .text.stdio_buffered_printer
                0x1000c154       0x20 src/CMakeFiles/cansat.dir/home/arca/pico/pico-sdk/src/rp2_common/pico_stdio/stdio.c.obj
 .text.update_us_since_boot
                0x1000c174       0x24 src/CMakeFiles/cansat.dir/home/arca/pico/pico-sdk/src/rp2_common/pico_stdio/stdio.c.obj
 .text.get_absolute_time
                0x1000c198       0x22 src/CMakeFiles/cansat.dir/home/arca/pico/pico-sdk/src/rp2_common/pico_stdio/stdio.c.obj
 *fill*         0x1000c1ba        0x2 
 .text.delayed_by_ms
                0x1000c1bc       0x44 src/CMakeFiles/cansat.dir/home/arca/pico/pico-sdk/src/rp2_common/pico_stdio/stdio.c.obj
 .text.make_timeout_time_ms
                0x1000c200       0x20 src/CMakeFiles/cansat.dir/home/arca/pico/pico-sdk/src/rp2_common/pico_stdio/stdio.c.obj
 .text.stdio_get_until
                0x1000c220       0x64 src/CMakeFiles/cansat.dir/home/arca/pico/pico-sdk/src/rp2_common/pico_stdio/stdio.c.obj
 .text.stdout_serialize_begin
                0x1000c284       0x20 src/CMakeFiles/cansat.dir/home/arca/pico/pico-sdk/src/rp2_common/pico_stdio/stdio.c.obj
                0x1000c284                stdout_serialize_begin
 .text.stdout_serialize_end
                0x1000c2a4       0x10 src/CMakeFiles/cansat.dir/home/arca/pico/pico-sdk/src/rp2_common/pico_stdio/stdio.c.obj
                0x1000c2a4                stdout_serialize_end
 .text.stdio_put_string
                0x1000c2b4       0x98 src/CMakeFiles/cansat.dir/home/arca/pico/pico-sdk/src/rp2_common/pico_stdio/stdio.c.obj
 .text.__wrap_putchar
                0x1000c34c       0x1c src/CMakeFiles/cansat.dir/home/arca/pico/pico-sdk/src/rp2_common/pico_stdio/stdio.c.obj
                0x1000c34c                __wrap_putchar
 .text.stdio_set_driver_enabled
                0x1000c368       0x2c src/CMakeFiles/cansat.dir/home/arca/pico/pico-sdk/src/rp2_common/pico_stdio/stdio.c.obj
                0x1000c368                stdio_set_driver_enabled
 .text.stdio_flush
                0x1000c394       0x20 src/CMakeFiles/cansat.dir/home/arca/pico/pico-sdk/src/rp2_common/pico_stdio/stdio.c.obj
                0x1000c394                stdio_flush
 .text.__wrap_puts
                0x1000c3b4       0x1e src/CMakeFiles/cansat.dir/home/arca/pico/pico-sdk/src/rp2_common/pico_stdio/stdio.c.obj
                0x1000c3b4                __wrap_puts
 *fill*         0x1000c3d2        0x2 
 .text.__wrap_vprintf
                0x1000c3d4       0x40 src/CMakeFiles/cansat.dir/home/arca/pico/pico-sdk/src/rp2_common/pico_stdio/stdio.c.obj
                0x1000c3d4                __wrap_vprintf
 .text.__wrap_printf
                0x1000c414       0x18 src/CMakeFiles/cansat.dir/home/arca/pico/pico-sdk/src/rp2_common/pico_stdio/stdio.c.obj
                0x1000c414                __wrap_printf
 .text.stdio_init_all
                0x1000c42c        0xe src/CMakeFiles/cansat.dir/home/arca/pico/pico-sdk/src/rp2_common/pico_stdio/stdio.c.obj
                0x1000c42c                stdio_init_all
 *fill*         0x1000c43a        0x2 
 .text.__wrap_getchar
                0x1000c43c       0x40 src/CMakeFiles/cansat.dir/home/arca/pico/pico-sdk/src/rp2_common/pico_stdio/stdio.c.obj
                0x1000c43c                __wrap_getchar
 .text.uart_putc
                0x1000c47c       0x60 src/CMakeFiles/cansat.dir/home/arca/pico/pico-sdk/src/rp2_common/pico_stdio_uart/stdio_uart.c.obj
 .text.uart_getc
                0x1000c4dc       0x24 src/CMakeFiles/cansat.dir/home/arca/pico/pico-sdk/src/rp2_common/pico_stdio_uart/stdio_uart.c.obj
 .text.stdio_uart_out_chars
                0x1000c500       0x20 src/CMakeFiles/cansat.dir/home/arca/pico/pico-sdk/src/rp2_common/pico_stdio_uart/stdio_uart.c.obj
 .text.stdio_uart_in_chars
                0x1000c520       0x5c src/CMakeFiles/cansat.dir/home/arca/pico/pico-sdk/src/rp2_common/pico_stdio_uart/stdio_uart.c.obj
                0x1000c520                stdio_uart_in_chars
 .text.on_uart_rx
                0x1000c57c       0x28 src/CMakeFiles/cansat.dir/home/arca/pico/pico-sdk/src/rp2_common/pico_stdio_uart/stdio_uart.c.obj
 .text.stdio_uart_set_chars_available_callback
                0x1000c5a4       0x8c src/CMakeFiles/cansat.dir/home/arca/pico/pico-sdk/src/rp2_common/pico_stdio_uart/stdio_uart.c.obj
 .text.stdio_uart_init_full
                0x1000c630       0x44 src/CMakeFiles/cansat.dir/home/arca/pico/pico-sdk/src/rp2_common/pico_stdio_uart/stdio_uart.c.obj
                0x1000c630                stdio_uart_init_full
 .text.stdio_uart_init
                0x1000c674       0x28 src/CMakeFiles/cansat.dir/home/arca/pico/pico-sdk/src/rp2_common/pico_stdio_uart/stdio_uart.c.obj
                0x1000c674                stdio_uart_init
 .text.resetd_init
                0x1000c69c        0x2 src/CMakeFiles/cansat.dir/home/arca/pico/pico-sdk/src/rp2_common/pico_stdio_usb/reset_interface.c.obj
 *fill*         0x1000c69e        0x2 
 .text.resetd_reset
                0x1000c6a0        0xc src/CMakeFiles/cansat.dir/home/arca/pico/pico-sdk/src/rp2_common/pico_stdio_usb/reset_interface.c.obj
 .text.resetd_open
                0x1000c6ac       0x34 src/CMakeFiles/cansat.dir/home/arca/pico/pico-sdk/src/rp2_common/pico_stdio_usb/reset_interface.c.obj
 .text.resetd_xfer_cb
                0x1000c6e0        0x4 src/CMakeFiles/cansat.dir/home/arca/pico/pico-sdk/src/rp2_common/pico_stdio_usb/reset_interface.c.obj
 .text.reset_usb_boot
                0x1000c6e4       0x18 src/CMakeFiles/cansat.dir/home/arca/pico/pico-sdk/src/rp2_common/pico_stdio_usb/reset_interface.c.obj
 .text.resetd_control_xfer_cb
                0x1000c6fc       0x5c src/CMakeFiles/cansat.dir/home/arca/pico/pico-sdk/src/rp2_common/pico_stdio_usb/reset_interface.c.obj
 .text.usbd_app_driver_get_cb
                0x1000c758        0xc src/CMakeFiles/cansat.dir/home/arca/pico/pico-sdk/src/rp2_common/pico_stdio_usb/reset_interface.c.obj
                0x1000c758                usbd_app_driver_get_cb
 .text.tud_cdc_line_coding_cb
                0x1000c764       0x28 src/CMakeFiles/cansat.dir/home/arca/pico/pico-sdk/src/rp2_common/pico_stdio_usb/reset_interface.c.obj
                0x1000c764                tud_cdc_line_coding_cb
 .text.stdio_usb_set_chars_available_callback
                0x1000c78c       0x14 src/CMakeFiles/cansat.dir/home/arca/pico/pico-sdk/src/rp2_common/pico_stdio_usb/stdio_usb.c.obj
                0x1000c78c                stdio_usb_set_chars_available_callback
 .text.update_us_since_boot
                0x1000c7a0       0x24 src/CMakeFiles/cansat.dir/home/arca/pico/pico-sdk/src/rp2_common/pico_stdio_usb/stdio_usb.c.obj
 .text.get_absolute_time
                0x1000c7c4       0x22 src/CMakeFiles/cansat.dir/home/arca/pico/pico-sdk/src/rp2_common/pico_stdio_usb/stdio_usb.c.obj
 *fill*         0x1000c7e6        0x2 
 .text.delayed_by_ms
                0x1000c7e8       0x44 src/CMakeFiles/cansat.dir/home/arca/pico/pico-sdk/src/rp2_common/pico_stdio_usb/stdio_usb.c.obj
 .text.make_timeout_time_ms
                0x1000c82c       0x20 src/CMakeFiles/cansat.dir/home/arca/pico/pico-sdk/src/rp2_common/pico_stdio_usb/stdio_usb.c.obj
 .text.delayed_by_us
                0x1000c84c       0x34 src/CMakeFiles/cansat.dir/home/arca/pico/pico-sdk/src/rp2_common/pico_stdio_usb/stdio_usb.c.obj
 .text.usb_irq  0x1000c880       0x10 src/CMakeFiles/cansat.dir/home/arca/pico/pico-sdk/src/rp2_common/pico_stdio_usb/stdio_usb.c.obj
 .text.critical_section_enter_blocking
                0x1000c890       0x16 src/CMakeFiles/cansat.dir/home/arca/pico/pico-sdk/src/rp2_common/pico_stdio_usb/stdio_usb.c.obj
 *fill*         0x1000c8a6        0x2 
 .text.timer_task
                0x1000c8a8       0x4c src/CMakeFiles/cansat.dir/home/arca/pico/pico-sdk/src/rp2_common/pico_stdio_usb/stdio_usb.c.obj
 .text.alarm_pool_add_alarm_in_us
                0x1000c8f4       0x3a src/CMakeFiles/cansat.dir/home/arca/pico/pico-sdk/src/rp2_common/pico_stdio_usb/stdio_usb.c.obj
 .text.add_alarm_in_us
                0x1000c92e       0x2e src/CMakeFiles/cansat.dir/home/arca/pico/pico-sdk/src/rp2_common/pico_stdio_usb/stdio_usb.c.obj
 .text.low_priority_worker_irq
                0x1000c95c       0x7c src/CMakeFiles/cansat.dir/home/arca/pico/pico-sdk/src/rp2_common/pico_stdio_usb/stdio_usb.c.obj
 .text.tud_cdc_rx_cb
                0x1000c9d8       0x20 src/CMakeFiles/cansat.dir/home/arca/pico/pico-sdk/src/rp2_common/pico_stdio_usb/stdio_usb.c.obj
                0x1000c9d8                tud_cdc_rx_cb
 .text.stdio_usb_init
                0x1000c9f8       0xd0 src/CMakeFiles/cansat.dir/home/arca/pico/pico-sdk/src/rp2_common/pico_stdio_usb/stdio_usb.c.obj
                0x1000c9f8                stdio_usb_init
 .text.stdio_usb_connected
                0x1000cac8        0xa src/CMakeFiles/cansat.dir/home/arca/pico/pico-sdk/src/rp2_common/pico_stdio_usb/stdio_usb.c.obj
                0x1000cac8                stdio_usb_connected
 *fill*         0x1000cad2        0x2 
 .text.stdio_usb_in_chars
                0x1000cad4       0x88 src/CMakeFiles/cansat.dir/home/arca/pico/pico-sdk/src/rp2_common/pico_stdio_usb/stdio_usb.c.obj
                0x1000cad4                stdio_usb_in_chars
 .text.stdio_usb_out_chars
                0x1000cb5c       0xd8 src/CMakeFiles/cansat.dir/home/arca/pico/pico-sdk/src/rp2_common/pico_stdio_usb/stdio_usb.c.obj
 .text.tud_descriptor_device_cb
                0x1000cc34        0x8 src/CMakeFiles/cansat.dir/home/arca/pico/pico-sdk/src/rp2_common/pico_stdio_usb/stdio_usb_descriptors.c.obj
                0x1000cc34                tud_descriptor_device_cb
 .text.tud_descriptor_configuration_cb
                0x1000cc3c        0x8 src/CMakeFiles/cansat.dir/home/arca/pico/pico-sdk/src/rp2_common/pico_stdio_usb/stdio_usb_descriptors.c.obj
                0x1000cc3c                tud_descriptor_configuration_cb
 .text.tud_descriptor_string_cb
                0x1000cc44       0x6c src/CMakeFiles/cansat.dir/home/arca/pico/pico-sdk/src/rp2_common/pico_stdio_usb/stdio_usb_descriptors.c.obj
                0x1000cc44                tud_descriptor_string_cb
 .text._retrieve_unique_id_on_boot
                0x1000ccb0       0x10 src/CMakeFiles/cansat.dir/home/arca/pico/pico-sdk/src/rp2_common/pico_unique_id/unique_id.c.obj
 .text.pico_get_unique_board_id_string
                0x1000ccc0       0x5c src/CMakeFiles/cansat.dir/home/arca/pico/pico-sdk/src/rp2_common/pico_unique_id/unique_id.c.obj
                0x1000ccc0                pico_get_unique_board_id_string
 .text.flash_get_unique_id
                0x1000cd1c       0x40 src/CMakeFiles/cansat.dir/home/arca/pico/pico-sdk/src/rp2_common/hardware_flash/flash.c.obj
                0x1000cd1c                flash_get_unique_id
 .text.hw_endpoint_get_by_addr
                0x1000cd5c       0x18 src/CMakeFiles/cansat.dir/home/arca/pico/pico-sdk/lib/tinyusb/src/portable/raspberrypi/rp2040/dcd_rp2040.c.obj
 .text._hw_endpoint_alloc
                0x1000cd74       0x70 src/CMakeFiles/cansat.dir/home/arca/pico/pico-sdk/lib/tinyusb/src/portable/raspberrypi/rp2040/dcd_rp2040.c.obj
 .text.hw_endpoint_init
                0x1000cde4       0x88 src/CMakeFiles/cansat.dir/home/arca/pico/pico-sdk/lib/tinyusb/src/portable/raspberrypi/rp2040/dcd_rp2040.c.obj
 .text.dcd_event_sof
                0x1000ce6c       0x2c src/CMakeFiles/cansat.dir/home/arca/pico/pico-sdk/lib/tinyusb/src/portable/raspberrypi/rp2040/dcd_rp2040.c.obj
 .text.hw_endpoint_xfer
                0x1000ce98       0x14 src/CMakeFiles/cansat.dir/home/arca/pico/pico-sdk/lib/tinyusb/src/portable/raspberrypi/rp2040/dcd_rp2040.c.obj
 .text.dcd_int_enable
                0x1000ceac       0x2c src/CMakeFiles/cansat.dir/home/arca/pico/pico-sdk/lib/tinyusb/src/portable/raspberrypi/rp2040/dcd_rp2040.c.obj
                0x1000ceac                dcd_int_enable
 .text.dcd_set_address
                0x1000ced8       0x2c src/CMakeFiles/cansat.dir/home/arca/pico/pico-sdk/lib/tinyusb/src/portable/raspberrypi/rp2040/dcd_rp2040.c.obj
                0x1000ced8                dcd_set_address
 .text.dcd_connect
                0x1000cf04       0x10 src/CMakeFiles/cansat.dir/home/arca/pico/pico-sdk/lib/tinyusb/src/portable/raspberrypi/rp2040/dcd_rp2040.c.obj
                0x1000cf04                dcd_connect
 .text.dcd_init
                0x1000cf14       0x80 src/CMakeFiles/cansat.dir/home/arca/pico/pico-sdk/lib/tinyusb/src/portable/raspberrypi/rp2040/dcd_rp2040.c.obj
                0x1000cf14                dcd_init
 .text.dcd_edpt0_status_complete
                0x1000cf94       0x1c src/CMakeFiles/cansat.dir/home/arca/pico/pico-sdk/lib/tinyusb/src/portable/raspberrypi/rp2040/dcd_rp2040.c.obj
                0x1000cf94                dcd_edpt0_status_complete
 .text.dcd_edpt_open
                0x1000cfb0       0x40 src/CMakeFiles/cansat.dir/home/arca/pico/pico-sdk/lib/tinyusb/src/portable/raspberrypi/rp2040/dcd_rp2040.c.obj
                0x1000cfb0                dcd_edpt_open
 .text.dcd_edpt_close_all
                0x1000cff0        0x8 src/CMakeFiles/cansat.dir/home/arca/pico/pico-sdk/lib/tinyusb/src/portable/raspberrypi/rp2040/dcd_rp2040.c.obj
                0x1000cff0                dcd_edpt_close_all
 .text.dcd_edpt_xfer
                0x1000cff8       0x34 src/CMakeFiles/cansat.dir/home/arca/pico/pico-sdk/lib/tinyusb/src/portable/raspberrypi/rp2040/dcd_rp2040.c.obj
                0x1000cff8                dcd_edpt_xfer
 .text.dcd_edpt_stall
                0x1000d02c       0x2c src/CMakeFiles/cansat.dir/home/arca/pico/pico-sdk/lib/tinyusb/src/portable/raspberrypi/rp2040/dcd_rp2040.c.obj
                0x1000d02c                dcd_edpt_stall
 .text.dcd_edpt_clear_stall
                0x1000d058       0x20 src/CMakeFiles/cansat.dir/home/arca/pico/pico-sdk/lib/tinyusb/src/portable/raspberrypi/rp2040/dcd_rp2040.c.obj
                0x1000d058                dcd_edpt_clear_stall
 .text.rp2040_usb_init
                0x1000d078       0x4c src/CMakeFiles/cansat.dir/home/arca/pico/pico-sdk/lib/tinyusb/src/portable/raspberrypi/rp2040/rp2040_usb.c.obj
                0x1000d078                rp2040_usb_init
 .text.hw_endpoint_xfer_start
                0x1000d0c4       0x50 src/CMakeFiles/cansat.dir/home/arca/pico/pico-sdk/lib/tinyusb/src/portable/raspberrypi/rp2040/rp2040_usb.c.obj
                0x1000d0c4                hw_endpoint_xfer_start
 .text.configuration_reset
                0x1000d114       0x84 src/CMakeFiles/cansat.dir/home/arca/pico/pico-sdk/lib/tinyusb/src/device/usbd.c.obj
 .text.critical_section_enter_blocking
                0x1000d198       0x16 src/CMakeFiles/cansat.dir/home/arca/pico/pico-sdk/lib/tinyusb/src/device/usbd.c.obj
 .text.usbd_reset
                0x1000d1ae        0xc src/CMakeFiles/cansat.dir/home/arca/pico/pico-sdk/lib/tinyusb/src/device/usbd.c.obj
 .text.invoke_class_control
                0x1000d1ba       0x1a src/CMakeFiles/cansat.dir/home/arca/pico/pico-sdk/lib/tinyusb/src/device/usbd.c.obj
 .text.process_set_config
                0x1000d1d4      0x178 src/CMakeFiles/cansat.dir/home/arca/pico/pico-sdk/lib/tinyusb/src/device/usbd.c.obj
 .text.process_get_descriptor
                0x1000d34c       0xdc src/CMakeFiles/cansat.dir/home/arca/pico/pico-sdk/lib/tinyusb/src/device/usbd.c.obj
 .text.tud_mounted
                0x1000d428       0x10 src/CMakeFiles/cansat.dir/home/arca/pico/pico-sdk/lib/tinyusb/src/device/usbd.c.obj
                0x1000d428                tud_mounted
 .text.tud_suspended
                0x1000d438       0x10 src/CMakeFiles/cansat.dir/home/arca/pico/pico-sdk/lib/tinyusb/src/device/usbd.c.obj
                0x1000d438                tud_suspended
 .text.tud_inited
                0x1000d448       0x14 src/CMakeFiles/cansat.dir/home/arca/pico/pico-sdk/lib/tinyusb/src/device/usbd.c.obj
                0x1000d448                tud_inited
 .text.tud_init
                0x1000d45c       0xcc src/CMakeFiles/cansat.dir/home/arca/pico/pico-sdk/lib/tinyusb/src/device/usbd.c.obj
                0x1000d45c                tud_init
 .text.usbd_defer_func
                0x1000d528       0x2a src/CMakeFiles/cansat.dir/home/arca/pico/pico-sdk/lib/tinyusb/src/device/usbd.c.obj
                0x1000d528                usbd_defer_func
 *fill*         0x1000d552        0x2 
 .text.usbd_edpt_open
                0x1000d554       0x34 src/CMakeFiles/cansat.dir/home/arca/pico/pico-sdk/lib/tinyusb/src/device/usbd.c.obj
                0x1000d554                usbd_edpt_open
 .text.usbd_open_edpt_pair
                0x1000d588       0x62 src/CMakeFiles/cansat.dir/home/arca/pico/pico-sdk/lib/tinyusb/src/device/usbd.c.obj
                0x1000d588                usbd_open_edpt_pair
 *fill*         0x1000d5ea        0x2 
 .text.usbd_edpt_claim
                0x1000d5ec       0x28 src/CMakeFiles/cansat.dir/home/arca/pico/pico-sdk/lib/tinyusb/src/device/usbd.c.obj
                0x1000d5ec                usbd_edpt_claim
 .text.usbd_edpt_release
                0x1000d614       0x28 src/CMakeFiles/cansat.dir/home/arca/pico/pico-sdk/lib/tinyusb/src/device/usbd.c.obj
                0x1000d614                usbd_edpt_release
 .text.usbd_edpt_xfer
                0x1000d63c       0x78 src/CMakeFiles/cansat.dir/home/arca/pico/pico-sdk/lib/tinyusb/src/device/usbd.c.obj
                0x1000d63c                usbd_edpt_xfer
 .text.usbd_edpt_stall
                0x1000d6b4       0x48 src/CMakeFiles/cansat.dir/home/arca/pico/pico-sdk/lib/tinyusb/src/device/usbd.c.obj
                0x1000d6b4                usbd_edpt_stall
 .text.usbd_edpt_clear_stall
                0x1000d6fc       0x48 src/CMakeFiles/cansat.dir/home/arca/pico/pico-sdk/lib/tinyusb/src/device/usbd.c.obj
                0x1000d6fc                usbd_edpt_clear_stall
 .text.usbd_edpt_stalled
                0x1000d744       0x1c src/CMakeFiles/cansat.dir/home/arca/pico/pico-sdk/lib/tinyusb/src/device/usbd.c.obj
                0x1000d744                usbd_edpt_stalled
 .text.process_control_request
                0x1000d760      0x374 src/CMakeFiles/cansat.dir/home/arca/pico/pico-sdk/lib/tinyusb/src/device/usbd.c.obj
 .text.tud_task_ext
                0x1000dad4      0x1a8 src/CMakeFiles/cansat.dir/home/arca/pico/pico-sdk/lib/tinyusb/src/device/usbd.c.obj
                0x1000dad4                tud_task_ext
 .text._status_stage_xact
                0x1000dc7c       0x1a src/CMakeFiles/cansat.dir/home/arca/pico/pico-sdk/lib/tinyusb/src/device/usbd_control.c.obj
 *fill*         0x1000dc96        0x2 
 .text._data_stage_xact
                0x1000dc98       0x58 src/CMakeFiles/cansat.dir/home/arca/pico/pico-sdk/lib/tinyusb/src/device/usbd_control.c.obj
 .text.tud_control_status
                0x1000dcf0       0x28 src/CMakeFiles/cansat.dir/home/arca/pico/pico-sdk/lib/tinyusb/src/device/usbd_control.c.obj
                0x1000dcf0                tud_control_status
 .text.tud_control_xfer
                0x1000dd18       0x68 src/CMakeFiles/cansat.dir/home/arca/pico/pico-sdk/lib/tinyusb/src/device/usbd_control.c.obj
                0x1000dd18                tud_control_xfer
 .text.usbd_control_reset
                0x1000dd80       0x14 src/CMakeFiles/cansat.dir/home/arca/pico/pico-sdk/lib/tinyusb/src/device/usbd_control.c.obj
                0x1000dd80                usbd_control_reset
 .text.usbd_control_set_complete_callback
                0x1000dd94        0xc src/CMakeFiles/cansat.dir/home/arca/pico/pico-sdk/lib/tinyusb/src/device/usbd_control.c.obj
                0x1000dd94                usbd_control_set_complete_callback
 .text.usbd_control_set_request
                0x1000dda0       0x1c src/CMakeFiles/cansat.dir/home/arca/pico/pico-sdk/lib/tinyusb/src/device/usbd_control.c.obj
                0x1000dda0                usbd_control_set_request
 .text.usbd_control_xfer_cb
                0x1000ddbc       0xbc src/CMakeFiles/cansat.dir/home/arca/pico/pico-sdk/lib/tinyusb/src/device/usbd_control.c.obj
                0x1000ddbc                usbd_control_xfer_cb
 .text._prep_out_transaction
                0x1000de78       0x4a src/CMakeFiles/cansat.dir/home/arca/pico/pico-sdk/lib/tinyusb/src/class/cdc/cdc_device.c.obj
 *fill*         0x1000dec2        0x2 
 .text.tud_cdc_n_connected
                0x1000dec4       0x38 src/CMakeFiles/cansat.dir/home/arca/pico/pico-sdk/lib/tinyusb/src/class/cdc/cdc_device.c.obj
                0x1000dec4                tud_cdc_n_connected
 .text.tud_cdc_n_available
                0x1000defc       0x18 src/CMakeFiles/cansat.dir/home/arca/pico/pico-sdk/lib/tinyusb/src/class/cdc/cdc_device.c.obj
                0x1000defc                tud_cdc_n_available
 .text.tud_cdc_n_read
                0x1000df14       0x28 src/CMakeFiles/cansat.dir/home/arca/pico/pico-sdk/lib/tinyusb/src/class/cdc/cdc_device.c.obj
                0x1000df14                tud_cdc_n_read
 .text.tud_cdc_n_write_flush
                0x1000df3c       0xb8 src/CMakeFiles/cansat.dir/home/arca/pico/pico-sdk/lib/tinyusb/src/class/cdc/cdc_device.c.obj
                0x1000df3c                tud_cdc_n_write_flush
 .text.tud_cdc_n_write
                0x1000dff4       0x38 src/CMakeFiles/cansat.dir/home/arca/pico/pico-sdk/lib/tinyusb/src/class/cdc/cdc_device.c.obj
                0x1000dff4                tud_cdc_n_write
 .text.tud_cdc_n_write_available
                0x1000e02c       0x1c src/CMakeFiles/cansat.dir/home/arca/pico/pico-sdk/lib/tinyusb/src/class/cdc/cdc_device.c.obj
                0x1000e02c                tud_cdc_n_write_available
 .text.cdcd_init
                0x1000e048       0xbc src/CMakeFiles/cansat.dir/home/arca/pico/pico-sdk/lib/tinyusb/src/class/cdc/cdc_device.c.obj
                0x1000e048                cdcd_init
 .text.cdcd_reset
                0x1000e104       0x44 src/CMakeFiles/cansat.dir/home/arca/pico/pico-sdk/lib/tinyusb/src/class/cdc/cdc_device.c.obj
                0x1000e104                cdcd_reset
 .text.cdcd_open
                0x1000e148       0xc4 src/CMakeFiles/cansat.dir/home/arca/pico/pico-sdk/lib/tinyusb/src/class/cdc/cdc_device.c.obj
                0x1000e148                cdcd_open
 .text.cdcd_control_xfer_cb