Archive member included to satisfy reference by file (symbol)

/usr/lib/gcc/arm-none-eabi/13.1.0/thumb/v6-m/nofp/libgcc.a(_dvmd_tls.o)
                              src/CMakeFiles/cansat.dir/home/arca/pico/pico-sdk/src/rp2_common/pico_divider/divider.S.obj (__aeabi_idiv0)
/usr/lib/gcc/arm-none-eabi/13.1.0/../../../../arm-none-eabi/lib/thumb/v6-m/nofp/libg.a(libc_a-atexit.o)
                              /usr/lib/gcc/arm-none-eabi/13.1.0/../../../../arm-none-eabi/lib/thumb/v6-m/nofp/crt0.o (atexit)
/usr/lib/gcc/arm-none-eabi/13.1.0/../../../../arm-none-eabi/lib/thumb/v6-m/nofp/libg.a(libc_a-atoi.o)
                              src/CMakeFiles/cansat.dir/globals.cpp.obj (atoi)
/usr/lib/gcc/arm-none-eabi/13.1.0/../../../../arm-none-eabi/lib/thumb/v6-m/nofp/libg.a(libc_a-calloc.o)
                              src/CMakeFiles/cansat.dir/home/arca/pico/pico-sdk/src/rp2_common/pico_malloc/pico_malloc.c.obj (calloc)
/usr/lib/gcc/arm-none-eabi/13.1.0/../../../../arm-none-eabi/lib/thumb/v6-m/nofp/libg.a(libc_a-callocr.o)
                              /usr/lib/gcc/arm-none-eabi/13.1.0/../../../../arm-none-eabi/lib/thumb/v6-m/nofp/libg.a(libc_a-calloc.o) (_calloc_r)
/usr/lib/gcc/arm-none-eabi/13.1.0/../../../../arm-none-eabi/lib/thumb/v6-m/nofp/libg.a(libc_a-malloc.o)
                              src/CMakeFiles/cansat.dir/home/arca/pico/pico-sdk/src/rp2_common/pico_malloc/pico_malloc.c.obj (malloc)
/usr/lib/gcc/arm-none-eabi/13.1.0/../../../../arm-none-eabi/lib/thumb/v6-m/nofp/libg.a(libc_a-mallocr.o)
                              /usr/lib/gcc/arm-none-eabi/13.1.0/../../../../arm-none-eabi/lib/thumb/v6-m/nofp/libg.a(libc_a-callocr.o) (_malloc_r)
/usr/lib/gcc/arm-none-eabi/13.1.0/../../../../arm-none-eabi/lib/thumb/v6-m/nofp/libg.a(libc_a-mlock.o)
                              /usr/lib/gcc/arm-none-eabi/13.1.0/../../../../arm-none-eabi/lib/thumb/v6-m/nofp/libg.a(libc_a-mallocr.o) (__malloc_lock)
/usr/lib/gcc/arm-none-eabi/13.1.0/../../../../arm-none-eabi/lib/thumb/v6-m/nofp/libg.a(libc_a-realloc.o)
                              src/CMakeFiles/cansat.dir/home/arca/pico/pico-sdk/src/rp2_common/pico_malloc/pico_malloc.c.obj (realloc)
/usr/lib/gcc/arm-none-eabi/13.1.0/../../../../arm-none-eabi/lib/thumb/v6-m/nofp/libg.a(libc_a-reallocr.o)
                              /usr/lib/gcc/arm-none-eabi/13.1.0/../../../../arm-none-eabi/lib/thumb/v6-m/nofp/libg.a(libc_a-realloc.o) (_realloc_r)
/usr/lib/gcc/arm-none-eabi/13.1.0/../../../../arm-none-eabi/lib/thumb/v6-m/nofp/libg.a(libc_a-strtol.o)
                              /usr/lib/gcc/arm-none-eabi/13.1.0/../../../../arm-none-eabi/lib/thumb/v6-m/nofp/libg.a(libc_a-atoi.o) (_strtol_r)
/usr/lib/gcc/arm-none-eabi/13.1.0/../../../../arm-none-eabi/lib/thumb/v6-m/nofp/libg.a(libc_a-ctype_.o)
                              /usr/lib/gcc/arm-none-eabi/13.1.0/../../../../arm-none-eabi/lib/thumb/v6-m/nofp/libg.a(libc_a-strtol.o) (_ctype_)
/usr/lib/gcc/arm-none-eabi/13.1.0/../../../../arm-none-eabi/lib/thumb/v6-m/nofp/libg.a(libc_a-findfp.o)
                              src/CMakeFiles/cansat.dir/__/lib/FreeRTOS-Kernel/tasks.c.obj (__sf)
/usr/lib/gcc/arm-none-eabi/13.1.0/../../../../arm-none-eabi/lib/thumb/v6-m/nofp/libg.a(libc_a-fwalk.o)
                              /usr/lib/gcc/arm-none-eabi/13.1.0/../../../../arm-none-eabi/lib/thumb/v6-m/nofp/libg.a(libc_a-findfp.o) (_fwalk_sglue)
/usr/lib/gcc/arm-none-eabi/13.1.0/../../../../arm-none-eabi/lib/thumb/v6-m/nofp/libg.a(libc_a-stdio.o)
                              /usr/lib/gcc/arm-none-eabi/13.1.0/../../../../arm-none-eabi/lib/thumb/v6-m/nofp/libg.a(libc_a-findfp.o) (__sread)
/usr/lib/gcc/arm-none-eabi/13.1.0/../../../../arm-none-eabi/lib/thumb/v6-m/nofp/libg.a(libc_a-memcmp.o)
                              src/CMakeFiles/cansat.dir/littlefs/lfs.c.obj (memcmp)
/usr/lib/gcc/arm-none-eabi/13.1.0/../../../../arm-none-eabi/lib/thumb/v6-m/nofp/libg.a(libc_a-memmove.o)
                              /usr/lib/gcc/arm-none-eabi/13.1.0/../../../../arm-none-eabi/lib/thumb/v6-m/nofp/libg.a(libc_a-reallocr.o) (memmove)
/usr/lib/gcc/arm-none-eabi/13.1.0/../../../../arm-none-eabi/lib/thumb/v6-m/nofp/libg.a(libc_a-strchr.o)
                              src/CMakeFiles/cansat.dir/littlefs/lfs.c.obj (strchr)
/usr/lib/gcc/arm-none-eabi/13.1.0/../../../../arm-none-eabi/lib/thumb/v6-m/nofp/libg.a(libc_a-strcspn.o)
                              src/CMakeFiles/cansat.dir/littlefs/lfs.c.obj (strcspn)
/usr/lib/gcc/arm-none-eabi/13.1.0/../../../../arm-none-eabi/lib/thumb/v6-m/nofp/libg.a(libc_a-strncmp.o)
                              src/CMakeFiles/cansat.dir/globals.cpp.obj (strncmp)
/usr/lib/gcc/arm-none-eabi/13.1.0/../../../../arm-none-eabi/lib/thumb/v6-m/nofp/libg.a(libc_a-strspn.o)
                              src/CMakeFiles/cansat.dir/littlefs/lfs.c.obj (strspn)
/usr/lib/gcc/arm-none-eabi/13.1.0/../../../../arm-none-eabi/lib/thumb/v6-m/nofp/libg.a(libc_a-closer.o)
[...]
Memory Configuration

Name             Origin             Length             Attributes
FLASH            0x10000000         0x00200000         xr
RAM              0x20000000         0x00040000         xrw
SCRATCH_X        0x20040000         0x00001000         xrw
SCRATCH_Y        0x20041000         0x00001000         xrw
*default*        0x00000000         0xffffffff

Linker script and memory map

LOAD /usr/lib/gcc/arm-none-eabi/13.1.0/thumb/v6-m/nofp/crti.o
LOAD /usr/lib/gcc/arm-none-eabi/13.1.0/thumb/v6-m/nofp/crtbegin.o
LOAD /usr/lib/gcc/arm-none-eabi/13.1.0/../../../../arm-none-eabi/lib/thumb/v6-m/nofp/crt0.o

.flash_begin    0x10000000        0x0
                0x10000000                        __flash_binary_start = .

.boot2          0x10000000      0x100
                0x10000000                        __boot2_start__ = .
 *(.boot2)
 .boot2         0x10000000      0x100 /tmp/cc0gyKf7.o
                0x10000100                        __boot2_end__ = .
                0x00000001                        ASSERT (((__boot2_end__ - __boot2_start__) == 0x100), ERROR: Pico second stage bootloader must be 256 bytes in size)

.text           0x10000100    0x13258
                0x10000100                        __logical_binary_start = .
 *(.vectors)
 .vectors       0x10000100       0xd4 src/CMakeFiles/cansat.dir/home/arca/pico/pico-sdk/src/rp2_common/pico_standard_link/crt0.S.obj
                0x10000100                __vectors
                0x10000100                __VECTOR_TABLE
                0x100001c0                isr_invalid
                0x100001c0                __default_isrs_start
                0x100001c2                isr_nmi
                0x100001c4                isr_hardfault
                0x100001c6                isr_svcall
                0x100001c8                isr_pendsv
                0x100001ca                isr_systick
                0x100001cc                isr_irq30
                0x100001cc                __unhandled_user_irq
                0x100001cc                isr_irq13
                0x100001cc                isr_irq27
                0x100001cc                isr_irq31
                0x100001cc                isr_irq5
                0x100001cc                isr_irq11
                0x100001cc                isr_irq23
                0x100001cc                isr_irq18
                0x100001cc                isr_irq28
                0x100001cc                isr_irq19
                0x100001cc                isr_irq0
                0x100001cc                isr_irq6
                0x100001cc                isr_irq22
                0x100001cc                isr_irq17
                0x100001cc                isr_irq14
                0x100001cc                isr_irq2
                0x100001cc                isr_irq10
                0x100001cc                isr_irq8
                0x100001cc                isr_irq24
                0x100001cc                isr_irq1
                0x100001cc                isr_irq7
                0x100001cc                isr_irq21
                0x100001cc                isr_irq20
                0x100001cc                isr_irq15
                0x100001cc                isr_irq25
                0x100001cc                isr_irq4
                0x100001cc                isr_irq16
                0x100001cc                isr_irq29
                0x100001cc                isr_irq26
                0x100001cc                __default_isrs_end
                0x100001cc                isr_irq3
                0x100001cc                isr_irq12
                0x100001cc                isr_irq9
                0x100001d2                unhandled_user_irq_num_in_r0
 *(.binary_info_header)
 .binary_info_header
                0x100001d4       0x14 src/CMakeFiles/cansat.dir/home/arca/pico/pico-sdk/src/rp2_common/pico_standard_link/crt0.S.obj
                0x100001e8                        __binary_info_header_end = .
 *(.reset)
 .reset         0x100001e8       0xa0 src/CMakeFiles/cansat.dir/home/arca/pico/pico-sdk/src/rp2_common/pico_standard_link/crt0.S.obj
                0x100001e8                _entry_point
 .reset         0x10000288       0x30 src/CMakeFiles/cansat.dir/home/arca/pico/pico-sdk/src/rp2_common/pico_standard_link/binary_info.c.obj
 *(.init)
 .init          0x100002b8        0x4 /usr/lib/gcc/arm-none-eabi/13.1.0/thumb/v6-m/nofp/crti.o
                0x100002b8                _init
 *(EXCLUDE_FILE(*libm.a: *libc.a:*lib_a-mem*.o *libgcc.a:) .text*)
 .text          0x100002bc       0x98 /usr/lib/gcc/arm-none-eabi/13.1.0/thumb/v6-m/nofp/crtbegin.o
 .text._ZN6Sensor4initEj
                0x10000354        0x4 src/CMakeFiles/cansat.dir/cansat.cpp.obj
                0x10000354                Sensor::init(unsigned int)
 .text._ZN6Sensor10updateDataEv
                0x10000358        0x4 src/CMakeFiles/cansat.dir/cansat.cpp.obj
                0x10000358                Sensor::updateData()
 .text._ZN6Sensor7getDataEv
                0x1000035c       0x10 src/CMakeFiles/cansat.dir/cansat.cpp.obj
                0x1000035c                Sensor::getData()
 .text._ZL15waitForDebuggerv
                0x1000036c       0x14 src/CMakeFiles/cansat.dir/cansat.cpp.obj
 .text._ZL17hardfault_handlerv
                0x10000380       0x14 src/CMakeFiles/cansat.dir/cansat.cpp.obj
 .text._Z14sensorReadTaskPv
                0x10000394       0x36 src/CMakeFiles/cansat.dir/cansat.cpp.obj
                0x10000394                sensorReadTask(void*)
 *fill*         0x100003ca        0x2 
 .text.vApplicationStackOverflowHook
                0x100003cc       0x18 src/CMakeFiles/cansat.dir/cansat.cpp.obj
                0x100003cc                vApplicationStackOverflowHook
 .text._ZN3I2C4initEii
                0x100003e4       0x48 src/CMakeFiles/cansat.dir/cansat.cpp.obj
                0x100003e4                I2C::init(int, int)
 .text._ZN11DataHandlerC2Ev
                0x1000042c       0x52 src/CMakeFiles/cansat.dir/cansat.cpp.obj
                0x1000042c                DataHandler::DataHandler()
                0x1000042c                DataHandler::DataHandler()
 *fill*         0x1000047e        0x2 
 .text._ZN6BME680C2Eb
                0x10000480       0x70 src/CMakeFiles/cansat.dir/cansat.cpp.obj
                0x10000480                BME680::BME680(bool)
                0x10000480                BME680::BME680(bool)
 .text._Z5setupv
                0x100004f0       0xbc src/CMakeFiles/cansat.dir/cansat.cpp.obj
                0x100004f0                setup()
 .text._Z8initTaskPv
                0x100005ac      0x128 src/CMakeFiles/cansat.dir/cansat.cpp.obj
                0x100005ac                initTask(void*)
 .text.main     0x100006d4       0x4c src/CMakeFiles/cansat.dir/cansat.cpp.obj
                0x100006d4                main
 .text._Z11getIntInputv
                0x10000720       0x78 src/CMakeFiles/cansat.dir/globals.cpp.obj
                0x10000720                getIntInput()
 .text._Z13strStartsWithPKcS0_
                0x10000798       0x1e src/CMakeFiles/cansat.dir/globals.cpp.obj
                0x10000798                strStartsWith(char const*, char const*)
 .text.to_ms_since_boot
                0x100007b6       0x1c src/CMakeFiles/cansat.dir/dht20.cpp.obj
 .text._ZN5DHT207getDataEv
                0x100007d2       0x1a src/CMakeFiles/cansat.dir/dht20.cpp.obj
                0x100007d2                DHT20::getData()
 .text._ZL20update_us_since_bootP15absolute_time_ty
                0x100007ec       0x24 src/CMakeFiles/cansat.dir/dht20.cpp.obj
 .text.get_absolute_time
                0x10000810       0x16 src/CMakeFiles/cansat.dir/dht20.cpp.obj
 *fill*         0x10000826        0x2 
 .text._ZN9I2CSensor10readStatusEv
                0x10000828       0x34 src/CMakeFiles/cansat.dir/dht20.cpp.obj
                0x10000828                I2CSensor::readStatus()
 .text._ZN5DHT2017waitForProcessingEb
                0x1000085c       0x36 src/CMakeFiles/cansat.dir/dht20.cpp.obj
                0x1000085c                DHT20::waitForProcessing(bool)
 *fill*         0x10000892        0x2 
 .text._ZN5DHT204initEj
                0x10000894      0x13c src/CMakeFiles/cansat.dir/dht20.cpp.obj
                0x10000894                DHT20::init(unsigned int)
 .text._ZN5DHT20C2Eb
                0x100009d0       0x3c src/CMakeFiles/cansat.dir/dht20.cpp.obj
                0x100009d0                DHT20::DHT20(bool)
                0x100009d0                DHT20::DHT20(bool)
 .text._ZN5DHT2010updateDataEv
                0x10000a0c       0xd0 src/CMakeFiles/cansat.dir/dht20.cpp.obj
                0x10000a0c                DHT20::updateData()
 .text.to_ms_since_boot
                0x10000adc       0x1c src/CMakeFiles/cansat.dir/bme680.cpp.obj
 .text._ZN6BME6807getDataEv
                0x10000af8       0x22 src/CMakeFiles/cansat.dir/bme680.cpp.obj
                0x10000af8                BME680::getData()
 *fill*         0x10000b1a        0x2 
 .text._ZL20update_us_since_bootP15absolute_time_ty
                0x10000b1c       0x24 src/CMakeFiles/cansat.dir/bme680.cpp.obj
 .text.get_absolute_time
                0x10000b40       0x16 src/CMakeFiles/cansat.dir/bme680.cpp.obj
 *fill*         0x10000b56        0x2 
 .text._ZN6BME68X17bme68x_check_rsltEPKca
                0x10000b58       0x6c src/CMakeFiles/cansat.dir/bme680.cpp.obj
                0x10000b58                BME68X::bme68x_check_rslt(char const*, signed char)
 .text._ZN6BME68010updateDataEtt
                0x10000bc4       0x5e src/CMakeFiles/cansat.dir/bme680.cpp.obj
                0x10000bc4                BME680::updateData(unsigned short, unsigned short)
 .text._ZN6BME68010updateDataEv
                0x10000c22        0xe src/CMakeFiles/cansat.dir/bme680.cpp.obj
                0x10000c22                BME680::updateData()
 .text._ZN6BME6809configureEhhhhh
                0x10000c30       0x1a src/CMakeFiles/cansat.dir/bme680.cpp.obj
                0x10000c30                BME680::configure(unsigned char, unsigned char, unsigned char, unsigned char, unsigned char)
 *fill*         0x10000c4a        0x2 
 .text._ZN6BME6804initEj
                0x10000c4c       0xe8 src/CMakeFiles/cansat.dir/bme680.cpp.obj
                0x10000c4c                BME680::init(unsigned int)
 .text._ZN11LightSensor10updateDataEv
                0x10000d34       0x38 src/CMakeFiles/cansat.dir/lightSensor.cpp.obj
                0x10000d34                LightSensor::updateData()
 .text._ZN11LightSensor7getDataEv
                0x10000d6c       0x16 src/CMakeFiles/cansat.dir/lightSensor.cpp.obj
                0x10000d6c                LightSensor::getData()
 .text.adc_gpio_init
                0x10000d82       0x1e src/CMakeFiles/cansat.dir/lightSensor.cpp.obj
 .text._ZN11LightSensor4initEj
                0x10000da0       0x20 src/CMakeFiles/cansat.dir/lightSensor.cpp.obj
                0x10000da0                LightSensor::init(unsigned int)
 .text.uart_getc
                0x10000dc0       0x24 src/CMakeFiles/cansat.dir/gps.cpp.obj
 .text._ZN3GPS7gpsTaskEPv
                0x10000de4      0x100 src/CMakeFiles/cansat.dir/gps.cpp.obj
                0x10000de4                GPS::gpsTask(void*)
 .text._ZN3GPS20uartInterruptHandlerEv
                0x10000ee4       0x7c src/CMakeFiles/cansat.dir/gps.cpp.obj
                0x10000ee4                GPS::uartInterruptHandler()
 .text._ZN3GPS4initEv
                0x10000f60       0xb4 src/CMakeFiles/cansat.dir/gps.cpp.obj
                0x10000f60                GPS::init()
 .text._ZN3GPS13getDataStaticEv
                0x10001014       0x28 src/CMakeFiles/cansat.dir/gps.cpp.obj
                0x10001014                GPS::getDataStatic()
 .text._ZN10Filesystem20filesystemDeleteTaskEPv
                0x1000103c       0xbc src/CMakeFiles/cansat.dir/filesystem.cpp.obj
                0x1000103c                Filesystem::filesystemDeleteTask(void*)
 .text._ZN10Filesystem4nukeEb
                0x100010f8       0x38 src/CMakeFiles/cansat.dir/filesystem.cpp.obj
                0x100010f8                Filesystem::nuke(bool)
 .text._ZN10Filesystem18filesystemNukeTaskEPv
                0x10001130      0x10c src/CMakeFiles/cansat.dir/filesystem.cpp.obj
                0x10001130                Filesystem::filesystemNukeTask(void*)
 .text._ZN10Filesystem9printSizeEl
                0x1000123c       0x44 src/CMakeFiles/cansat.dir/filesystem.cpp.obj
                0x1000123c                Filesystem::printSize(long)
 .text._ZN10Filesystem2lsEPKc
                0x10001280       0x7c src/CMakeFiles/cansat.dir/filesystem.cpp.obj
                0x10001280                Filesystem::ls(char const*)
 .text._ZN10Filesystem10printUsageEv
                0x100012fc       0x60 src/CMakeFiles/cansat.dir/filesystem.cpp.obj
                0x100012fc                Filesystem::printUsage()
 .text._ZN10Filesystem4initEv
                0x1000135c      0x190 src/CMakeFiles/cansat.dir/filesystem.cpp.obj
                0x1000135c                Filesystem::init()
 .text._ZN10Filesystem7addDataE10dataLine_t
                0x100014ec       0x32 src/CMakeFiles/cansat.dir/filesystem.cpp.obj
                0x100014ec                Filesystem::addData(dataLine_t)
 *fill*         0x1000151e        0x2 
 .text._ZN10Filesystem8readFileEm
                0x10001520      0x1b8 src/CMakeFiles/cansat.dir/filesystem.cpp.obj
                0x10001520                Filesystem::readFile(unsigned long)
 .text._ZN10Filesystem19filesystemInputTaskEPv
                0x100016d8      0x160 src/CMakeFiles/cansat.dir/filesystem.cpp.obj
                0x100016d8                Filesystem::filesystemInputTask(void*)
 .text._ZL13flash_fs_syncPK10lfs_config
                0x10001838        0x4 src/CMakeFiles/cansat.dir/littlefs.cpp.obj
 .text._ZL15flash_fs_unlockPK10lfs_config
                0x1000183c       0x24 src/CMakeFiles/cansat.dir/littlefs.cpp.obj
 .text._ZL13flash_fs_lockPK10lfs_config
                0x10001860       0x20 src/CMakeFiles/cansat.dir/littlefs.cpp.obj
 .text._ZL14flash_fs_erasePK10lfs_configm
                0x10001880       0x20 src/CMakeFiles/cansat.dir/littlefs.cpp.obj
 .text._ZL13flash_fs_progPK10lfs_configmmPKvm
                0x100018a0       0x26 src/CMakeFiles/cansat.dir/littlefs.cpp.obj
 *fill*         0x100018c6        0x2 
 .text._ZL13flash_fs_readPK10lfs_configmmPvm
                0x100018c8       0x20 src/CMakeFiles/cansat.dir/littlefs.cpp.obj
 .text.to_ms_since_boot
                0x100018e8       0x1c src/CMakeFiles/cansat.dir/dataHandler.cpp.obj
 .text.update_us_since_boot
                0x10001904       0x24 src/CMakeFiles/cansat.dir/dataHandler.cpp.obj
 .text.get_absolute_time
                0x10001928       0x16 src/CMakeFiles/cansat.dir/dataHandler.cpp.obj
 *fill*         0x1000193e        0x2 
 .text._ZN11DataHandler15dataHandlerTaskEPv
                0x10001940      0x114 src/CMakeFiles/cansat.dir/dataHandler.cpp.obj
                0x10001940                DataHandler::dataHandlerTask(void*)
 .text._ZN6BME68X8delay_usEmPv
                0x10001a54        0xa src/CMakeFiles/cansat.dir/bme68x/bme68x.cpp.obj
                0x10001a54                BME68X::delay_us(unsigned long, void*)
 *fill*         0x10001a5e        0x2 
 .text._ZN6BME68X11write_bytesEhPhmPv
                0x10001a60       0x50 src/CMakeFiles/cansat.dir/bme68x/bme68x.cpp.obj
                0x10001a60                BME68X::write_bytes(unsigned char, unsigned char*, unsigned long, void*)
 .text._ZN6BME68X10read_bytesEhPhmPv
                0x10001ab0       0x48 src/CMakeFiles/cansat.dir/bme68x/bme68x.cpp.obj
                0x10001ab0                BME68X::read_bytes(unsigned char, unsigned char*, unsigned long, void*)
 .text._ZN6BME68X9configureEhhhhh
                0x10001af8       0x3c src/CMakeFiles/cansat.dir/bme68x/bme68x.cpp.obj
                0x10001af8                BME68X::configure(unsigned char, unsigned char, unsigned char, unsigned char, unsigned char)
 .text._ZN6BME68X4initEv
                0x10001b34       0x80 src/CMakeFiles/cansat.dir/bme68x/bme68x.cpp.obj
                0x10001b34                BME68X::init()
 .text._ZN6BME68X11read_forcedEP11bme68x_datatt
                0x10001bb4       0xc0 src/CMakeFiles/cansat.dir/bme68x/bme68x.cpp.obj
                0x10001bb4                BME68X::read_forced(bme68x_data*, unsigned short, unsigned short)
 .text.calc_temperature
                0x10001c74       0x94 src/CMakeFiles/cansat.dir/bme68x/BoschBME68XApi/bme68x.c.obj
 .text.calc_pressure
                0x10001d08      0x1d0 src/CMakeFiles/cansat.dir/bme68x/BoschBME68XApi/bme68x.c.obj
 .text.calc_humidity
                0x10001ed8      0x128 src/CMakeFiles/cansat.dir/bme68x/BoschBME68XApi/bme68x.c.obj
 .text.calc_gas_resistance_low
                0x10002000       0xd0 src/CMakeFiles/cansat.dir/bme68x/BoschBME68XApi/bme68x.c.obj
 .text.calc_gas_resistance_high
                0x100020d0       0x40 src/CMakeFiles/cansat.dir/bme68x/BoschBME68XApi/bme68x.c.obj
 .text.calc_res_heat
                0x10002110      0x108 src/CMakeFiles/cansat.dir/bme68x/BoschBME68XApi/bme68x.c.obj
 .text.calc_gas_wait
                0x10002218       0x26 src/CMakeFiles/cansat.dir/bme68x/BoschBME68XApi/bme68x.c.obj
 .text.null_ptr_check
                0x1000223e       0x32 src/CMakeFiles/cansat.dir/bme68x/BoschBME68XApi/bme68x.c.obj
 .text.set_mem_page
                0x10002270       0x74 src/CMakeFiles/cansat.dir/bme68x/BoschBME68XApi/bme68x.c.obj
 .text.get_mem_page
                0x100022e4       0x3a src/CMakeFiles/cansat.dir/bme68x/BoschBME68XApi/bme68x.c.obj
 .text.boundary_check
                0x1000231e       0x36 src/CMakeFiles/cansat.dir/bme68x/BoschBME68XApi/bme68x.c.obj
 .text.calc_heatr_dur_shared
                0x10002354       0x40 src/CMakeFiles/cansat.dir/bme68x/BoschBME68XApi/bme68x.c.obj
 .text.swap_fields
                0x10002394       0x12 src/CMakeFiles/cansat.dir/bme68x/BoschBME68XApi/bme68x.c.obj
 .text.sort_sensor_data
                0x100023a6       0x44 src/CMakeFiles/cansat.dir/bme68x/BoschBME68XApi/bme68x.c.obj
 .text.bme68x_set_regs
                0x100023ea       0xe0 src/CMakeFiles/cansat.dir/bme68x/BoschBME68XApi/bme68x.c.obj
                0x100023ea                bme68x_set_regs
 .text.set_conf
                0x100024ca      0x192 src/CMakeFiles/cansat.dir/bme68x/BoschBME68XApi/bme68x.c.obj
 .text.bme68x_get_regs
                0x1000265c       0x6c src/CMakeFiles/cansat.dir/bme68x/BoschBME68XApi/bme68x.c.obj
                0x1000265c                bme68x_get_regs
 .text.read_variant_id
                0x100026c8       0x28 src/CMakeFiles/cansat.dir/bme68x/BoschBME68XApi/bme68x.c.obj
 .text.get_calib_data
                0x100026f0      0x126 src/CMakeFiles/cansat.dir/bme68x/BoschBME68XApi/bme68x.c.obj
 *fill*         0x10002816        0x2 
 .text.read_field_data
                0x10002818      0x1a8 src/CMakeFiles/cansat.dir/bme68x/BoschBME68XApi/bme68x.c.obj
 .text.read_all_field_data
                0x100029c0      0x20e src/CMakeFiles/cansat.dir/bme68x/BoschBME68XApi/bme68x.c.obj
 *fill*         0x10002bce        0x2 
 .text.bme68x_soft_reset
                0x10002bd0       0x64 src/CMakeFiles/cansat.dir/bme68x/BoschBME68XApi/bme68x.c.obj
                0x10002bd0                bme68x_soft_reset
 .text.bme68x_init
                0x10002c34       0x38 src/CMakeFiles/cansat.dir/bme68x/BoschBME68XApi/bme68x.c.obj
                0x10002c34                bme68x_init
 .text.bme68x_get_conf
                0x10002c6c       0x5e src/CMakeFiles/cansat.dir/bme68x/BoschBME68XApi/bme68x.c.obj
                0x10002c6c                bme68x_get_conf
 *fill*         0x10002cca        0x2 
 .text.bme68x_set_op_mode
                0x10002ccc       0x94 src/CMakeFiles/cansat.dir/bme68x/BoschBME68XApi/bme68x.c.obj
                0x10002ccc                bme68x_set_op_mode
 .text.bme68x_get_op_mode
                0x10002d60       0x2c src/CMakeFiles/cansat.dir/bme68x/BoschBME68XApi/bme68x.c.obj
                0x10002d60                bme68x_get_op_mode
 .text.bme68x_set_conf
                0x10002d8c      0x144 src/CMakeFiles/cansat.dir/bme68x/BoschBME68XApi/bme68x.c.obj
                0x10002d8c                bme68x_set_conf
 .text.bme68x_get_meas_dur
                0x10002ed0       0x8c src/CMakeFiles/cansat.dir/bme68x/BoschBME68XApi/bme68x.c.obj
                0x10002ed0                bme68x_get_meas_dur
 .text.bme68x_get_data
                0x10002f5c      0x14c src/CMakeFiles/cansat.dir/bme68x/BoschBME68XApi/bme68x.c.obj
                0x10002f5c                bme68x_get_data
 .text.bme68x_set_heatr_conf
                0x100030a8       0xa4 src/CMakeFiles/cansat.dir/bme68x/BoschBME68XApi/bme68x.c.obj
                0x100030a8                bme68x_set_heatr_conf
 .text.lfs_pair_issync
                0x1000314c       0x2e src/CMakeFiles/cansat.dir/littlefs/lfs.c.obj
 .text.lfs_gstate_xor
                0x1000317a       0x1a src/CMakeFiles/cansat.dir/littlefs/lfs.c.obj
 .text.lfs_gstate_hasmovehere
                0x10003194       0x3c src/CMakeFiles/cansat.dir/littlefs/lfs.c.obj
 .text.lfs_mlist_isopen
                0x100031d0       0x1a src/CMakeFiles/cansat.dir/littlefs/lfs.c.obj
 .text.lfs_mlist_remove
                0x100031ea       0x16 src/CMakeFiles/cansat.dir/littlefs/lfs.c.obj
 .text.lfs_mlist_append
                0x10003200        0x8 src/CMakeFiles/cansat.dir/littlefs/lfs.c.obj
 .text.lfs_fs_disk_version
                0x10003208        0x8 src/CMakeFiles/cansat.dir/littlefs/lfs.c.obj
 .text.lfs_fs_disk_version_major
                0x10003210        0xa src/CMakeFiles/cansat.dir/littlefs/lfs.c.obj
 .text.lfs_fs_disk_version_minor
                0x1000321a        0xa src/CMakeFiles/cansat.dir/littlefs/lfs.c.obj
 .text.lfs_alloc_ckpoint
                0x10003224        0x6 src/CMakeFiles/cansat.dir/littlefs/lfs.c.obj
 .text.lfs_alloc_drop
                0x1000322a        0xe src/CMakeFiles/cansat.dir/littlefs/lfs.c.obj
 .text.lfs_alloc_lookahead
                0x10003238       0x2c src/CMakeFiles/cansat.dir/littlefs/lfs.c.obj
 .text.lfs_dir_traverse_filter
                0x10003264       0x7c src/CMakeFiles/cansat.dir/littlefs/lfs.c.obj
 .text.lfs_dir_commit_size
                0x100032e0       0x1c src/CMakeFiles/cansat.dir/littlefs/lfs.c.obj
 .text.lfs_dir_needsrelocation
                0x100032fc       0x28 src/CMakeFiles/cansat.dir/littlefs/lfs.c.obj
 .text.lfs_dir_close_
                0x10003324        0xa src/CMakeFiles/cansat.dir/littlefs/lfs.c.obj
 .text.lfs_file_size_
                0x1000332e       0x16 src/CMakeFiles/cansat.dir/littlefs/lfs.c.obj
 .text.lfs_fs_prepsuperblock
                0x10003344       0x14 src/CMakeFiles/cansat.dir/littlefs/lfs.c.obj
 .text.lfs_fs_prepmove
                0x10003358       0x48 src/CMakeFiles/cansat.dir/littlefs/lfs.c.obj
 .text.lfs_fs_size_count
                0x100033a0        0xa src/CMakeFiles/cansat.dir/littlefs/lfs.c.obj
 *fill*         0x100033aa        0x2 
 .text.lfs_bd_erase
                0x100033ac       0x40 src/CMakeFiles/cansat.dir/littlefs/lfs.c.obj
 .text.lfs_fs_preporphans
                0x100033ec       0x64 src/CMakeFiles/cansat.dir/littlefs/lfs.c.obj
 .text.lfs_cache_zero
                0x10003450       0x1a src/CMakeFiles/cansat.dir/littlefs/lfs.c.obj
 .text.lfs_ctz_index
                0x1000346a       0x42 src/CMakeFiles/cansat.dir/littlefs/lfs.c.obj
 .text.lfs_bd_read
                0x100034ac      0x21c src/CMakeFiles/cansat.dir/littlefs/lfs.c.obj
 .text.lfs_dir_getslice
                0x100036c8      0x164 src/CMakeFiles/cansat.dir/littlefs/lfs.c.obj
 .text.lfs_dir_get
                0x1000382c       0x1a src/CMakeFiles/cansat.dir/littlefs/lfs.c.obj
 *fill*         0x10003846        0x2 
 .text.lfs_dir_getgstate
                0x10003848       0x34 src/CMakeFiles/cansat.dir/littlefs/lfs.c.obj
 .text.lfs_ctz_traverse
                0x1000387c       0x9a src/CMakeFiles/cansat.dir/littlefs/lfs.c.obj
 .text.lfs_fs_parent_match
                0x10003916       0x4c src/CMakeFiles/cansat.dir/littlefs/lfs.c.obj
 *fill*         0x10003962        0x2 
 .text.lfs_dir_traverse
                0x10003964      0x32c src/CMakeFiles/cansat.dir/littlefs/lfs.c.obj
 .text.lfs_dir_getread
                0x10003c90      0x134 src/CMakeFiles/cansat.dir/littlefs/lfs.c.obj
 .text.lfs_bd_cmp
                0x10003dc4       0x82 src/CMakeFiles/cansat.dir/littlefs/lfs.c.obj
 *fill*         0x10003e46        0x2 
 .text.lfs_bd_flush
                0x10003e48       0xc4 src/CMakeFiles/cansat.dir/littlefs/lfs.c.obj
 .text.lfs_bd_prog
                0x10003f0c       0xf8 src/CMakeFiles/cansat.dir/littlefs/lfs.c.obj
 .text.lfs_bd_sync
                0x10004004       0x38 src/CMakeFiles/cansat.dir/littlefs/lfs.c.obj
 .text.lfs_dir_find_match
                0x1000403c       0x42 src/CMakeFiles/cansat.dir/littlefs/lfs.c.obj
 .text.lfs_ctz_find
                0x1000407e       0x9c src/CMakeFiles/cansat.dir/littlefs/lfs.c.obj
 *fill*         0x1000411a        0x2 
 .text.lfs_file_flushedread
                0x1000411c      0x108 src/CMakeFiles/cansat.dir/littlefs/lfs.c.obj
 .text.lfs_bd_crc
                0x10004224       0x6c src/CMakeFiles/cansat.dir/littlefs/lfs.c.obj
 .text.lfs_dir_fetchmatch
                0x10004290      0x53c src/CMakeFiles/cansat.dir/littlefs/lfs.c.obj
 .text.lfs_fs_parent
                0x100047cc       0xe0 src/CMakeFiles/cansat.dir/littlefs/lfs.c.obj
 .text.lfs_dir_fetch
                0x100048ac       0x1a src/CMakeFiles/cansat.dir/littlefs/lfs.c.obj
 *fill*         0x100048c6        0x2 
 .text.lfs_fs_traverse_
                0x100048c8      0x1d0 src/CMakeFiles/cansat.dir/littlefs/lfs.c.obj
 .text.lfs_alloc_scan
                0x10004a98       0x50 src/CMakeFiles/cansat.dir/littlefs/lfs.c.obj
 .text.lfs_alloc
                0x10004ae8       0xac src/CMakeFiles/cansat.dir/littlefs/lfs.c.obj
 .text.lfs_dir_alloc
                0x10004b94       0x8e src/CMakeFiles/cansat.dir/littlefs/lfs.c.obj
 *fill*         0x10004c22        0x2 
 .text.lfs_file_relocate
                0x10004c24      0x144 src/CMakeFiles/cansat.dir/littlefs/lfs.c.obj
 .text.lfs_file_outline
                0x10004d68       0x28 src/CMakeFiles/cansat.dir/littlefs/lfs.c.obj
 .text.lfs_ctz_extend
                0x10004d90      0x190 src/CMakeFiles/cansat.dir/littlefs/lfs.c.obj
 .text.lfs_file_flushedwrite
                0x10004f20      0x178 src/CMakeFiles/cansat.dir/littlefs/lfs.c.obj
 .text.lfs_file_flush
                0x10005098      0x110 src/CMakeFiles/cansat.dir/littlefs/lfs.c.obj
 .text.lfs_file_read_
                0x100051a8       0x48 src/CMakeFiles/cansat.dir/littlefs/lfs.c.obj
 .text.lfs_file_seek_
                0x100051f0       0x96 src/CMakeFiles/cansat.dir/littlefs/lfs.c.obj
 .text.lfs_file_rewind_
                0x10005286       0x12 src/CMakeFiles/cansat.dir/littlefs/lfs.c.obj
 .text.lfs_file_write_
                0x10005298       0xa8 src/CMakeFiles/cansat.dir/littlefs/lfs.c.obj
 .text.lfs_fs_size_
                0x10005340       0x20 src/CMakeFiles/cansat.dir/littlefs/lfs.c.obj
 .text.lfs_fs_pred
                0x10005360       0xd0 src/CMakeFiles/cansat.dir/littlefs/lfs.c.obj
 .text.lfs_dir_commitprog
                0x10005430       0x40 src/CMakeFiles/cansat.dir/littlefs/lfs.c.obj
 .text.lfs_dir_commitattr
                0x10005470       0xd0 src/CMakeFiles/cansat.dir/littlefs/lfs.c.obj
 .text.lfs_dir_commit_commit
                0x10005540       0x12 src/CMakeFiles/cansat.dir/littlefs/lfs.c.obj
 *fill*         0x10005552        0x2 
 .text.lfs_dir_commitcrc
                0x10005554      0x218 src/CMakeFiles/cansat.dir/littlefs/lfs.c.obj
 .text.lfs_dir_compact
                0x1000576c      0x2d8 src/CMakeFiles/cansat.dir/littlefs/lfs.c.obj
 .text.lfs_dir_split
                0x10005a44       0x90 src/CMakeFiles/cansat.dir/littlefs/lfs.c.obj
 .text.lfs_dir_splittingcompact
                0x10005ad4      0x1dc src/CMakeFiles/cansat.dir/littlefs/lfs.c.obj
 .text.lfs_dir_relocatingcommit
                0x10005cb0      0x394 src/CMakeFiles/cansat.dir/littlefs/lfs.c.obj
 .text.lfs_dir_orphaningcommit
                0x10006044      0x3d0 src/CMakeFiles/cansat.dir/littlefs/lfs.c.obj
 .text.lfs_fs_deorphan
                0x10006414      0x208 src/CMakeFiles/cansat.dir/littlefs/lfs.c.obj
 .text.lfs_dir_commit
                0x1000661c       0x1a src/CMakeFiles/cansat.dir/littlefs/lfs.c.obj
 *fill*         0x10006636        0x2 
 .text.lfs_fs_desuperblock
                0x10006638       0x8c src/CMakeFiles/cansat.dir/littlefs/lfs.c.obj
 .text.lfs_fs_demove
                0x100066c4       0xb4 src/CMakeFiles/cansat.dir/littlefs/lfs.c.obj
 .text.lfs_fs_forceconsistency
                0x10006778       0x22 src/CMakeFiles/cansat.dir/littlefs/lfs.c.obj
 *fill*         0x1000679a        0x2 
 .text.lfs_dir_drop
                0x1000679c       0x44 src/CMakeFiles/cansat.dir/littlefs/lfs.c.obj
 .text.lfs_file_sync_
                0x100067e0       0xbc src/CMakeFiles/cansat.dir/littlefs/lfs.c.obj
 .text.lfs_deinit
                0x1000689c       0x38 src/CMakeFiles/cansat.dir/littlefs/lfs.c.obj
 .text.lfs_init
                0x100068d4      0x36c src/CMakeFiles/cansat.dir/littlefs/lfs.c.obj
 .text.lfs_format_
                0x10006c40       0xf4 src/CMakeFiles/cansat.dir/littlefs/lfs.c.obj
 .text.lfs_unmount_
                0x10006d34        0x8 src/CMakeFiles/cansat.dir/littlefs/lfs.c.obj
 .text.lfs_mount_
                0x10006d3c      0x32c src/CMakeFiles/cansat.dir/littlefs/lfs.c.obj
 .text.lfs_file_close_
                0x10007068       0x28 src/CMakeFiles/cansat.dir/littlefs/lfs.c.obj
 .text.lfs_dir_find
                0x10007090      0x194 src/CMakeFiles/cansat.dir/littlefs/lfs.c.obj
 .text.lfs_remove_
                0x10007224       0xf8 src/CMakeFiles/cansat.dir/littlefs/lfs.c.obj
 .text.lfs_dir_open_
                0x1000731c       0x98 src/CMakeFiles/cansat.dir/littlefs/lfs.c.obj
 .text.lfs_file_opencfg_
                0x100073b4      0x260 src/CMakeFiles/cansat.dir/littlefs/lfs.c.obj
 .text.lfs_file_open_
                0x10007614       0x14 src/CMakeFiles/cansat.dir/littlefs/lfs.c.obj
 .text.lfs_dir_getinfo
                0x10007628       0xa8 src/CMakeFiles/cansat.dir/littlefs/lfs.c.obj
 .text.lfs_dir_read_
                0x100076d0       0xb0 src/CMakeFiles/cansat.dir/littlefs/lfs.c.obj
 .text.lfs_format
                0x10007780       0x26 src/CMakeFiles/cansat.dir/littlefs/lfs.c.obj
                0x10007780                lfs_format
 .text.lfs_mount
                0x100077a6       0x26 src/CMakeFiles/cansat.dir/littlefs/lfs.c.obj
                0x100077a6                lfs_mount
 .text.lfs_unmount
                0x100077cc       0x22 src/CMakeFiles/cansat.dir/littlefs/lfs.c.obj
                0x100077cc                lfs_unmount
 .text.lfs_remove
                0x100077ee       0x26 src/CMakeFiles/cansat.dir/littlefs/lfs.c.obj
                0x100077ee                lfs_remove
 .text.lfs_file_open
                0x10007814       0x5c src/CMakeFiles/cansat.dir/littlefs/lfs.c.obj
                0x10007814                lfs_file_open
 .text.lfs_file_opencfg
                0x10007870       0x60 src/CMakeFiles/cansat.dir/littlefs/lfs.c.obj
                0x10007870                lfs_file_opencfg
 .text.lfs_file_close
                0x100078d0       0x4c src/CMakeFiles/cansat.dir/littlefs/lfs.c.obj
                0x100078d0                lfs_file_close
 .text.lfs_file_sync
                0x1000791c       0x50 src/CMakeFiles/cansat.dir/littlefs/lfs.c.obj
                0x1000791c                lfs_file_sync
 .text.lfs_file_read
                0x1000796c       0x5c src/CMakeFiles/cansat.dir/littlefs/lfs.c.obj
                0x1000796c                lfs_file_read
 .text.lfs_file_write
                0x100079c8       0x5c src/CMakeFiles/cansat.dir/littlefs/lfs.c.obj
                0x100079c8                lfs_file_write
 .text.lfs_file_rewind
                0x10007a24       0x26 src/CMakeFiles/cansat.dir/littlefs/lfs.c.obj
                0x10007a24                lfs_file_rewind
 *fill*         0x10007a4a        0x2 
 .text.lfs_dir_open
                0x10007a4c       0x54 src/CMakeFiles/cansat.dir/littlefs/lfs.c.obj
                0x10007a4c                lfs_dir_open
 .text.lfs_dir_close
                0x10007aa0       0x26 src/CMakeFiles/cansat.dir/littlefs/lfs.c.obj
                0x10007aa0                lfs_dir_close
 .text.lfs_dir_read
                0x10007ac6       0x2a src/CMakeFiles/cansat.dir/littlefs/lfs.c.obj
                0x10007ac6                lfs_dir_read
 .text.lfs_fs_size
                0x10007af0       0x22 src/CMakeFiles/cansat.dir/littlefs/lfs.c.obj
                0x10007af0                lfs_fs_size
 *fill*         0x10007b12        0x2 
 .text.lfs_crc  0x10007b14       0x34 src/CMakeFiles/cansat.dir/littlefs/lfs_util.c.obj
                0x10007b14                lfs_crc
 .text.gpio_set_function
                0x10007b48       0x30 src/CMakeFiles/cansat.dir/home/arca/pico/pico-sdk/src/rp2_common/hardware_gpio/gpio.c.obj
                0x10007b48                gpio_set_function
 .text.gpio_set_pulls
                0x10007b78       0x34 src/CMakeFiles/cansat.dir/home/arca/pico/pico-sdk/src/rp2_common/hardware_gpio/gpio.c.obj
                0x10007b78                gpio_set_pulls
 .text.gpio_set_input_enabled
                0x10007bac       0x30 src/CMakeFiles/cansat.dir/home/arca/pico/pico-sdk/src/rp2_common/hardware_gpio/gpio.c.obj
                0x10007bac                gpio_set_input_enabled
 .text.gpio_init
                0x10007bdc       0x16 src/CMakeFiles/cansat.dir/home/arca/pico/pico-sdk/src/rp2_common/hardware_gpio/gpio.c.obj
                0x10007bdc                gpio_init
 *fill*         0x10007bf2        0x2 
 .text.running_on_fpga
                0x10007bf4       0x14 src/CMakeFiles/cansat.dir/home/arca/pico/pico-sdk/src/rp2_common/pico_platform/platform.c.obj
                0x10007bf4                running_on_fpga
 .text.hw_claim_lock
                0x10007c08       0x18 src/CMakeFiles/cansat.dir/home/arca/pico/pico-sdk/src/rp2_common/hardware_claim/claim.c.obj
                0x10007c08                hw_claim_lock
 .text.hw_claim_unlock
                0x10007c20       0x14 src/CMakeFiles/cansat.dir/home/arca/pico/pico-sdk/src/rp2_common/hardware_claim/claim.c.obj
                0x10007c20                hw_claim_unlock
 .text.hw_claim_or_assert
                0x10007c34       0x32 src/CMakeFiles/cansat.dir/home/arca/pico/pico-sdk/src/rp2_common/hardware_claim/claim.c.obj
                0x10007c34                hw_claim_or_assert
 .text.hw_claim_unused_from_range
                0x10007c66       0x50 src/CMakeFiles/cansat.dir/home/arca/pico/pico-sdk/src/rp2_common/hardware_claim/claim.c.obj
                0x10007c66                hw_claim_unused_from_range
 *fill*         0x10007cb6        0x2 
 .text.spin_locks_reset
                0x10007cb8       0x20 src/CMakeFiles/cansat.dir/home/arca/pico/pico-sdk/src/rp2_common/hardware_sync/sync.c.obj
                0x10007cb8                spin_locks_reset
 .text.next_striped_spin_lock_num
                0x10007cd8       0x1c src/CMakeFiles/cansat.dir/home/arca/pico/pico-sdk/src/rp2_common/hardware_sync/sync.c.obj
                0x10007cd8                next_striped_spin_lock_num
 .text.spin_lock_claim_unused
                0x10007cf4       0x24 src/CMakeFiles/cansat.dir/home/arca/pico/pico-sdk/src/rp2_common/hardware_sync/sync.c.obj
                0x10007cf4                spin_lock_claim_unused
 .text.set_raw_irq_handler_and_unlock
                0x10007d18       0x28 src/CMakeFiles/cansat.dir/home/arca/pico/pico-sdk/src/rp2_common/hardware_irq/irq.c.obj
 .text.resolve_branch
                0x10007d40       0x30 src/CMakeFiles/cansat.dir/home/arca/pico/pico-sdk/src/rp2_common/hardware_irq/irq.c.obj
 .text.make_branch
                0x10007d70       0x48 src/CMakeFiles/cansat.dir/home/arca/pico/pico-sdk/src/rp2_common/hardware_irq/irq.c.obj
 .text.insert_branch_and_link
                0x10007db8       0x40 src/CMakeFiles/cansat.dir/home/arca/pico/pico-sdk/src/rp2_common/hardware_irq/irq.c.obj
 .text.irq_is_enabled
                0x10007df8       0x18 src/CMakeFiles/cansat.dir/home/arca/pico/pico-sdk/src/rp2_common/hardware_irq/irq.c.obj
                0x10007df8                irq_is_enabled
 .text.irq_set_mask_enabled
                0x10007e10       0x20 src/CMakeFiles/cansat.dir/home/arca/pico/pico-sdk/src/rp2_common/hardware_irq/irq.c.obj
                0x10007e10                irq_set_mask_enabled
 .text.irq_set_enabled
                0x10007e30        0xe src/CMakeFiles/cansat.dir/home/arca/pico/pico-sdk/src/rp2_common/hardware_irq/irq.c.obj
                0x10007e30                irq_set_enabled
 *fill*         0x10007e3e        0x2 
 .text.irq_set_pending
                0x10007e40       0x10 src/CMakeFiles/cansat.dir/home/arca/pico/pico-sdk/src/rp2_common/hardware_irq/irq.c.obj
                0x10007e40                irq_set_pending
 .text.irq_get_vtable_handler
                0x10007e50       0x10 src/CMakeFiles/cansat.dir/home/arca/pico/pico-sdk/src/rp2_common/hardware_irq/irq.c.obj
                0x10007e50                irq_get_vtable_handler
 .text.irq_has_shared_handler
                0x10007e60       0x24 src/CMakeFiles/cansat.dir/home/arca/pico/pico-sdk/src/rp2_common/hardware_irq/irq.c.obj
                0x10007e60                irq_has_shared_handler
 .text.irq_set_exclusive_handler
                0x10007e84       0x54 src/CMakeFiles/cansat.dir/home/arca/pico/pico-sdk/src/rp2_common/hardware_irq/irq.c.obj
                0x10007e84                irq_set_exclusive_handler
 .text.irq_add_shared_handler
                0x10007ed8      0x210 src/CMakeFiles/cansat.dir/home/arca/pico/pico-sdk/src/rp2_common/hardware_irq/irq.c.obj
                0x10007ed8                irq_add_shared_handler
 .text.irq_remove_handler
                0x100080e8      0x188 src/CMakeFiles/cansat.dir/home/arca/pico/pico-sdk/src/rp2_common/hardware_irq/irq.c.obj
                0x100080e8                irq_remove_handler
 .text.irq_set_priority
                0x10008270       0x28 src/CMakeFiles/cansat.dir/home/arca/pico/pico-sdk/src/rp2_common/hardware_irq/irq.c.obj
                0x10008270                irq_set_priority
 .text.irq_add_tail_to_free_list
                0x10008298       0xf0 src/CMakeFiles/cansat.dir/home/arca/pico/pico-sdk/src/rp2_common/hardware_irq/irq.c.obj
                0x10008298                irq_add_tail_to_free_list
 .text.irq_init_priorities
                0x10008388       0x1c src/CMakeFiles/cansat.dir/home/arca/pico/pico-sdk/src/rp2_common/hardware_irq/irq.c.obj
                0x10008388                irq_init_priorities
 .text.user_irq_claim_unused
                0x100083a4       0x2c src/CMakeFiles/cansat.dir/home/arca/pico/pico-sdk/src/rp2_common/hardware_irq/irq.c.obj
                0x100083a4                user_irq_claim_unused
 .text.lock_init
                0x100083d0       0x10 src/CMakeFiles/cansat.dir/home/arca/pico/pico-sdk/src/common/pico_sync/lock_core.c.obj
                0x100083d0                lock_init
 .text.update_us_since_boot
                0x100083e0       0x24 src/CMakeFiles/cansat.dir/home/arca/pico/pico-sdk/src/common/pico_sync/mutex.c.obj
 .text.delayed_by_ms
                0x10008404       0x44 src/CMakeFiles/cansat.dir/home/arca/pico/pico-sdk/src/common/pico_sync/mutex.c.obj
 .text.get_absolute_time
                0x10008448       0x22 src/CMakeFiles/cansat.dir/home/arca/pico/pico-sdk/src/common/pico_sync/mutex.c.obj
 .text.make_timeout_time_ms
                0x1000846a       0x20 src/CMakeFiles/cansat.dir/home/arca/pico/pico-sdk/src/common/pico_sync/mutex.c.obj
 .text.mutex_init
                0x1000848a       0x1c src/CMakeFiles/cansat.dir/home/arca/pico/pico-sdk/src/common/pico_sync/mutex.c.obj
                0x1000848a                mutex_init
 .text.recursive_mutex_init
                0x100084a6       0x20 src/CMakeFiles/cansat.dir/home/arca/pico/pico-sdk/src/common/pico_sync/mutex.c.obj
                0x100084a6                recursive_mutex_init
 *fill*         0x100084c6        0x2 
 .text.critical_section_init_with_lock_num
                0x100084c8       0x14 src/CMakeFiles/cansat.dir/home/arca/pico/pico-sdk/src/common/pico_sync/critical_section.c.obj
                0x100084c8                critical_section_init_with_lock_num
 .text.critical_section_init
                0x100084dc       0x14 src/CMakeFiles/cansat.dir/home/arca/pico/pico-sdk/src/common/pico_sync/critical_section.c.obj
                0x100084dc                critical_section_init
 .text.time_reached
                0x100084f0       0x28 src/CMakeFiles/cansat.dir/home/arca/pico/pico-sdk/src/common/pico_time/time.c.obj
 .text.get_entry
                0x10008518       0x38 src/CMakeFiles/cansat.dir/home/arca/pico/pico-sdk/src/common/pico_time/time.c.obj
 .text.timer_pool_entry_comparator
                0x10008550       0x2e src/CMakeFiles/cansat.dir/home/arca/pico/pico-sdk/src/common/pico_time/time.c.obj
                0x10008550                timer_pool_entry_comparator
 *fill*         0x1000857e        0x2 
 .text.update_us_since_boot
                0x10008580       0x24 src/CMakeFiles/cansat.dir/home/arca/pico/pico-sdk/src/common/pico_time/time.c.obj
 .text.delayed_by_us
                0x100085a4       0x34 src/CMakeFiles/cansat.dir/home/arca/pico/pico-sdk/src/common/pico_time/time.c.obj
 .text.ph_get_node
                0x100085d8       0x30 src/CMakeFiles/cansat.dir/home/arca/pico/pico-sdk/src/common/pico_time/time.c.obj
 .text.ph_contains_node
                0x10008608       0x1e src/CMakeFiles/cansat.dir/home/arca/pico/pico-sdk/src/common/pico_time/time.c.obj
 .text.ph_new_node
                0x10008626       0x28 src/CMakeFiles/cansat.dir/home/arca/pico/pico-sdk/src/common/pico_time/time.c.obj
 *fill*         0x1000864e        0x2 
 .text.ph_add_child_node
                0x10008650       0x6c src/CMakeFiles/cansat.dir/home/arca/pico/pico-sdk/src/common/pico_time/time.c.obj
 .text.ph_merge_nodes
                0x100086bc       0x3e src/CMakeFiles/cansat.dir/home/arca/pico/pico-sdk/src/common/pico_time/time.c.obj
 *fill*         0x100086fa        0x2 
 .text.ph_insert_node
                0x100086fc       0x3c src/CMakeFiles/cansat.dir/home/arca/pico/pico-sdk/src/common/pico_time/time.c.obj
 .text.ph_free_node
                0x10008738       0x5c src/CMakeFiles/cansat.dir/home/arca/pico/pico-sdk/src/common/pico_time/time.c.obj
 .text.get_entry_id_high
                0x10008794       0x30 src/CMakeFiles/cansat.dir/home/arca/pico/pico-sdk/src/common/pico_time/time.c.obj
 .text.alarm_pool_post_alloc_init
                0x100087c4       0x40 src/CMakeFiles/cansat.dir/home/arca/pico/pico-sdk/src/common/pico_time/time.c.obj
 .text.get_absolute_time
                0x10008804       0x22 src/CMakeFiles/cansat.dir/home/arca/pico/pico-sdk/src/common/pico_time/time.c.obj
 .text.make_timeout_time_us
                0x10008826       0x24 src/CMakeFiles/cansat.dir/home/arca/pico/pico-sdk/src/common/pico_time/time.c.obj
 *fill*         0x1000884a        0x2 
 .text.add_alarm_under_lock
                0x1000884c       0x94 src/CMakeFiles/cansat.dir/home/arca/pico/pico-sdk/src/common/pico_time/time.c.obj
 .text.alarm_pool_alarm_callback
                0x100088e0      0x210 src/CMakeFiles/cansat.dir/home/arca/pico/pico-sdk/src/common/pico_time/time.c.obj
 .text.sleep_until_callback
                0x10008af0       0x28 src/CMakeFiles/cansat.dir/home/arca/pico/pico-sdk/src/common/pico_time/time.c.obj
 .text.alarm_pool_init_default
                0x10008b18       0x40 src/CMakeFiles/cansat.dir/home/arca/pico/pico-sdk/src/common/pico_time/time.c.obj
                0x10008b18                alarm_pool_init_default
 .text.alarm_pool_get_default
                0x10008b58       0x2c src/CMakeFiles/cansat.dir/home/arca/pico/pico-sdk/src/common/pico_time/time.c.obj
                0x10008b58                alarm_pool_get_default
 .text.alarm_pool_add_alarm_at
                0x10008b84      0x10e src/CMakeFiles/cansat.dir/home/arca/pico/pico-sdk/src/common/pico_time/time.c.obj
                0x10008b84                alarm_pool_add_alarm_at
 .text.add_alarm_at
                0x10008c92       0x2e src/CMakeFiles/cansat.dir/home/arca/pico/pico-sdk/src/common/pico_time/time.c.obj
 .text.alarm_pool_cancel_alarm
                0x10008cc0       0xa8 src/CMakeFiles/cansat.dir/home/arca/pico/pico-sdk/src/common/pico_time/time.c.obj
                0x10008cc0                alarm_pool_cancel_alarm
 .text.cancel_alarm
                0x10008d68       0x10 src/CMakeFiles/cansat.dir/home/arca/pico/pico-sdk/src/common/pico_time/time.c.obj
 .text.alarm_pool_core_num
                0x10008d78        0x4 src/CMakeFiles/cansat.dir/home/arca/pico/pico-sdk/src/common/pico_time/time.c.obj
                0x10008d78                alarm_pool_core_num
 .text.sleep_until
                0x10008d7c       0xa4 src/CMakeFiles/cansat.dir/home/arca/pico/pico-sdk/src/common/pico_time/time.c.obj
                0x10008d7c                sleep_until
 .text.sleep_us
                0x10008e20       0x1a src/CMakeFiles/cansat.dir/home/arca/pico/pico-sdk/src/common/pico_time/time.c.obj
                0x10008e20                sleep_us
 .text.sleep_ms
                0x10008e3a       0x14 src/CMakeFiles/cansat.dir/home/arca/pico/pico-sdk/src/common/pico_time/time.c.obj
                0x10008e3a                sleep_ms
 *fill*         0x10008e4e        0x2 
 .text.best_effort_wfe_or_timeout
                0x10008e50       0x44 src/CMakeFiles/cansat.dir/home/arca/pico/pico-sdk/src/common/pico_time/time.c.obj
                0x10008e50                best_effort_wfe_or_timeout
 .text.time_reached
                0x10008e94       0x28 src/CMakeFiles/cansat.dir/home/arca/pico/pico-sdk/src/common/pico_time/timeout_helper.c.obj
 .text.update_us_since_boot
                0x10008ebc       0x24 src/CMakeFiles/cansat.dir/home/arca/pico/pico-sdk/src/common/pico_time/timeout_helper.c.obj
 .text.get_absolute_time
                0x10008ee0       0x22 src/CMakeFiles/cansat.dir/home/arca/pico/pico-sdk/src/common/pico_time/timeout_helper.c.obj
 *fill*         0x10008f02        0x2 
 .text.delayed_by_us
                0x10008f04       0x34 src/CMakeFiles/cansat.dir/home/arca/pico/pico-sdk/src/common/pico_time/timeout_helper.c.obj
 .text.make_timeout_time_us
                0x10008f38       0x24 src/CMakeFiles/cansat.dir/home/arca/pico/pico-sdk/src/common/pico_time/timeout_helper.c.obj
 .text.check_per_iteration_timeout_us
                0x10008f5c       0x2c src/CMakeFiles/cansat.dir/home/arca/pico/pico-sdk/src/common/pico_time/timeout_helper.c.obj
 .text.init_per_iteration_timeout_us
                0x10008f88       0x28 src/CMakeFiles/cansat.dir/home/arca/pico/pico-sdk/src/common/pico_time/timeout_helper.c.obj
                0x10008f88                init_per_iteration_timeout_us
 .text.update_us_since_boot
                0x10008fb0       0x24 src/CMakeFiles/cansat.dir/home/arca/pico/pico-sdk/src/rp2_common/hardware_timer/timer.c.obj
 .text.hardware_alarm_irq_handler
                0x10008fd4       0x8c src/CMakeFiles/cansat.dir/home/arca/pico/pico-sdk/src/rp2_common/hardware_timer/timer.c.obj
 .text.hardware_alarm_claim
                0x10009060       0x18 src/CMakeFiles/cansat.dir/home/arca/pico/pico-sdk/src/rp2_common/hardware_timer/timer.c.obj
                0x10009060                hardware_alarm_claim
 .text.time_us_64
                0x10009078       0x18 src/CMakeFiles/cansat.dir/home/arca/pico/pico-sdk/src/rp2_common/hardware_timer/timer.c.obj
                0x10009078                time_us_64
 .text.busy_wait_until
                0x10009090       0x28 src/CMakeFiles/cansat.dir/home/arca/pico/pico-sdk/src/rp2_common/hardware_timer/timer.c.obj
                0x10009090                busy_wait_until
 .text.busy_wait_us
                0x100090b8       0x3a src/CMakeFiles/cansat.dir/home/arca/pico/pico-sdk/src/rp2_common/hardware_timer/timer.c.obj
                0x100090b8                busy_wait_us
 *fill*         0x100090f2        0x2 
 .text.hardware_alarm_set_callback
                0x100090f4       0x90 src/CMakeFiles/cansat.dir/home/arca/pico/pico-sdk/src/rp2_common/hardware_timer/timer.c.obj
                0x100090f4                hardware_alarm_set_callback
 .text.hardware_alarm_set_target
                0x10009184       0xe8 src/CMakeFiles/cansat.dir/home/arca/pico/pico-sdk/src/rp2_common/hardware_timer/timer.c.obj
                0x10009184                hardware_alarm_set_target
 .text.hardware_alarm_cancel
                0x1000926c       0x40 src/CMakeFiles/cansat.dir/home/arca/pico/pico-sdk/src/rp2_common/hardware_timer/timer.c.obj
                0x1000926c                hardware_alarm_cancel
 .text.ph_get_node
                0x100092ac       0x30 src/CMakeFiles/cansat.dir/home/arca/pico/pico-sdk/src/common/pico_util/pheap.c.obj
 .text.ph_add_child_node
                0x100092dc       0x6c src/CMakeFiles/cansat.dir/home/arca/pico/pico-sdk/src/common/pico_util/pheap.c.obj
 .text.ph_merge_nodes
                0x10009348       0x3e src/CMakeFiles/cansat.dir/home/arca/pico/pico-sdk/src/common/pico_util/pheap.c.obj
 .text.ph_clear
                0x10009386       0x34 src/CMakeFiles/cansat.dir/home/arca/pico/pico-sdk/src/common/pico_util/pheap.c.obj
                0x10009386                ph_clear
 .text.ph_post_alloc_init
                0x100093ba        0xe src/CMakeFiles/cansat.dir/home/arca/pico/pico-sdk/src/common/pico_util/pheap.c.obj
                0x100093ba                ph_post_alloc_init
 .text.ph_merge_two_pass
                0x100093c8       0x5c src/CMakeFiles/cansat.dir/home/arca/pico/pico-sdk/src/common/pico_util/pheap.c.obj
                0x100093c8                ph_merge_two_pass
 .text.ph_remove_any_head
                0x10009424       0xc0 src/CMakeFiles/cansat.dir/home/arca/pico/pico-sdk/src/common/pico_util/pheap.c.obj
 .text.ph_remove_head
                0x100094e4       0x14 src/CMakeFiles/cansat.dir/home/arca/pico/pico-sdk/src/common/pico_util/pheap.c.obj
                0x100094e4                ph_remove_head
 .text.ph_remove_and_free_node
                0x100094f8       0xa0 src/CMakeFiles/cansat.dir/home/arca/pico/pico-sdk/src/common/pico_util/pheap.c.obj
                0x100094f8                ph_remove_and_free_node
 .text.uart_disable_before_lcr_write
                0x10009598       0x48 src/CMakeFiles/cansat.dir/home/arca/pico/pico-sdk/src/rp2_common/hardware_uart/uart.c.obj
 .text.uart_write_lcr_bits_masked
                0x100095e0       0x22 src/CMakeFiles/cansat.dir/home/arca/pico/pico-sdk/src/rp2_common/hardware_uart/uart.c.obj
 *fill*         0x10009602        0x2 
 .text.uart_set_baudrate
                0x10009604       0x5c src/CMakeFiles/cansat.dir/home/arca/pico/pico-sdk/src/rp2_common/hardware_uart/uart.c.obj
                0x10009604                uart_set_baudrate
 .text.uart_set_format
                0x10009660       0x2c src/CMakeFiles/cansat.dir/home/arca/pico/pico-sdk/src/rp2_common/hardware_uart/uart.c.obj
                0x10009660                uart_set_format
 .text.uart_set_fifo_enabled
                0x1000968c       0x10 src/CMakeFiles/cansat.dir/home/arca/pico/pico-sdk/src/rp2_common/hardware_uart/uart.c.obj
                0x1000968c                uart_set_fifo_enabled
 .text.uart_set_translate_crlf
                0x1000969c       0x28 src/CMakeFiles/cansat.dir/home/arca/pico/pico-sdk/src/rp2_common/hardware_uart/uart.c.obj
                0x1000969c                uart_set_translate_crlf
 .text.uart_init
                0x100096c4       0x78 src/CMakeFiles/cansat.dir/home/arca/pico/pico-sdk/src/rp2_common/hardware_uart/uart.c.obj
                0x100096c4                uart_init
 .text.clock_configure
                0x1000973c      0x108 src/CMakeFiles/cansat.dir/home/arca/pico/pico-sdk/src/rp2_common/hardware_clocks/clocks.c.obj
                0x1000973c                clock_configure
 .text.clocks_init
                0x10009844      0x100 src/CMakeFiles/cansat.dir/home/arca/pico/pico-sdk/src/rp2_common/hardware_clocks/clocks.c.obj
                0x10009844                clocks_init
 .text.clock_get_hz
                0x10009944        0xc src/CMakeFiles/cansat.dir/home/arca/pico/pico-sdk/src/rp2_common/hardware_clocks/clocks.c.obj
                0x10009944                clock_get_hz
 .text.pll_init
                0x10009950      0x120 src/CMakeFiles/cansat.dir/home/arca/pico/pico-sdk/src/rp2_common/hardware_pll/pll.c.obj
                0x10009950                pll_init
 .text.watchdog_start_tick
                0x10009a70       0x10 src/CMakeFiles/cansat.dir/home/arca/pico/pico-sdk/src/rp2_common/hardware_watchdog/watchdog.c.obj
                0x10009a70                watchdog_start_tick
 .text.watchdog_update
                0x10009a80       0x14 src/CMakeFiles/cansat.dir/home/arca/pico/pico-sdk/src/rp2_common/hardware_watchdog/watchdog.c.obj
                0x10009a80                watchdog_update
 .text._watchdog_enable
                0x10009a94       0x78 src/CMakeFiles/cansat.dir/home/arca/pico/pico-sdk/src/rp2_common/hardware_watchdog/watchdog.c.obj
                0x10009a94                _watchdog_enable
 .text.watchdog_reboot
                0x10009b0c       0x48 src/CMakeFiles/cansat.dir/home/arca/pico/pico-sdk/src/rp2_common/hardware_watchdog/watchdog.c.obj
                0x10009b0c                watchdog_reboot
 .text.xosc_init
                0x10009b54       0x28 src/CMakeFiles/cansat.dir/home/arca/pico/pico-sdk/src/rp2_common/hardware_xosc/xosc.c.obj
                0x10009b54                xosc_init
 .text._exit    0x10009b7c        0x4 src/CMakeFiles/cansat.dir/home/arca/pico/pico-sdk/src/rp2_common/pico_runtime/runtime.c.obj
                0x10009b7c                _exit
 .text._sbrk    0x10009b80       0x38 src/CMakeFiles/cansat.dir/home/arca/pico/pico-sdk/src/rp2_common/pico_runtime/runtime.c.obj
                0x10009b80                _sbrk
 .text.exit     0x10009bb8        0x6 src/CMakeFiles/cansat.dir/home/arca/pico/pico-sdk/src/rp2_common/pico_runtime/runtime.c.obj
                0x10009bb8                exit
 *fill*         0x10009bbe        0x2 
 .text.__assert_func
                0x10009bc0       0x38 src/CMakeFiles/cansat.dir/home/arca/pico/pico-sdk/src/rp2_common/pico_runtime/runtime.c.obj
                0x10009bc0                __assert_func
 .text.runtime_init
                0x10009bf8       0xf8 src/CMakeFiles/cansat.dir/home/arca/pico/pico-sdk/src/rp2_common/pico_runtime/runtime.c.obj
                0x10009bf8                runtime_init
 .text.panic    0x10009cf0       0x30 src/CMakeFiles/cansat.dir/home/arca/pico/pico-sdk/src/rp2_common/pico_runtime/runtime.c.obj
                0x10009cf0                panic
 .text.panic_unsupported
                0x10009d20        0xc src/CMakeFiles/cansat.dir/home/arca/pico/pico-sdk/src/rp2_common/pico_runtime/runtime.c.obj
                0x10009d20                panic_unsupported
 .text._out_buffer
                0x10009d2c        0x8 src/CMakeFiles/cansat.dir/home/arca/pico/pico-sdk/src/rp2_common/pico_printf/printf.c.obj
 .text._out_null
                0x10009d34        0x2 src/CMakeFiles/cansat.dir/home/arca/pico/pico-sdk/src/rp2_common/pico_printf/printf.c.obj
 .text._out_fct
                0x10009d36        0xe src/CMakeFiles/cansat.dir/home/arca/pico/pico-sdk/src/rp2_common/pico_printf/printf.c.obj
 .text._atoi    0x10009d44       0x24 src/CMakeFiles/cansat.dir/home/arca/pico/pico-sdk/src/rp2_common/pico_printf/printf.c.obj
 .text._out_rev
                0x10009d68       0xae src/CMakeFiles/cansat.dir/home/arca/pico/pico-sdk/src/rp2_common/pico_printf/printf.c.obj
 .text._ntoa_format
                0x10009e16      0x110 src/CMakeFiles/cansat.dir/home/arca/pico/pico-sdk/src/rp2_common/pico_printf/printf.c.obj
 .text._ntoa_long
                0x10009f26       0xbc src/CMakeFiles/cansat.dir/home/arca/pico/pico-sdk/src/rp2_common/pico_printf/printf.c.obj
 .text._ntoa_long_long
                0x10009fe2      0x10e src/CMakeFiles/cansat.dir/home/arca/pico/pico-sdk/src/rp2_common/pico_printf/printf.c.obj
 .text._etoa    0x1000a0f0      0x420 src/CMakeFiles/cansat.dir/home/arca/pico/pico-sdk/src/rp2_common/pico_printf/printf.c.obj
 .text._ftoa    0x1000a510      0x354 src/CMakeFiles/cansat.dir/home/arca/pico/pico-sdk/src/rp2_common/pico_printf/printf.c.obj
 .text._vsnprintf
                0x1000a864      0x668 src/CMakeFiles/cansat.dir/home/arca/pico/pico-sdk/src/rp2_common/pico_printf/printf.c.obj
 .text.__wrap_sprintf
                0x1000aecc       0x2c src/CMakeFiles/cansat.dir/home/arca/pico/pico-sdk/src/rp2_common/pico_printf/printf.c.obj
                0x1000aecc                __wrap_sprintf
 .text.vfctprintf
                0x1000aef8       0x20 src/CMakeFiles/cansat.dir/home/arca/pico/pico-sdk/src/rp2_common/pico_printf/printf.c.obj
                0x1000aef8                vfctprintf
 .text          0x1000af18       0x10 src/CMakeFiles/cansat.dir/home/arca/pico/pico-sdk/src/rp2_common/pico_bit_ops/bit_ops_aeabi.S.obj
 .text.clzsi    0x1000af28        0xc src/CMakeFiles/cansat.dir/home/arca/pico/pico-sdk/src/rp2_common/pico_bit_ops/bit_ops_aeabi.S.obj
                0x1000af28                __wrap___clz
                0x1000af28                __wrap___clzsi2
                0x1000af28                __wrap___clzl
 .text.ctzsi    0x1000af34        0xc src/CMakeFiles/cansat.dir/home/arca/pico/pico-sdk/src/rp2_common/pico_bit_ops/bit_ops_aeabi.S.obj
                0x1000af34                __wrap___ctzsi2
 .text.popcountsi
                0x1000af40        0xc src/CMakeFiles/cansat.dir/home/arca/pico/pico-sdk/src/rp2_common/pico_bit_ops/bit_ops_aeabi.S.obj
                0x1000af40                __wrap___popcountsi2
 .text.rom_func_lookup
                0x1000af4c       0x10 src/CMakeFiles/cansat.dir/home/arca/pico/pico-sdk/src/rp2_common/pico_bootrom/bootrom.c.obj
                0x1000af4c                rom_func_lookup
 .text.rom_data_lookup
                0x1000af5c       0x10 src/CMakeFiles/cansat.dir/home/arca/pico/pico-sdk/src/rp2_common/pico_bootrom/bootrom.c.obj
                0x1000af5c                rom_data_lookup
 .text.rom_funcs_lookup
                0x1000af6c       0x36 src/CMakeFiles/cansat.dir/home/arca/pico/pico-sdk/src/rp2_common/pico_bootrom/bootrom.c.obj
                0x1000af6c                rom_funcs_lookup
 *fill*         0x1000afa2        0x2 
 .text.__wrap___aeabi_idiv
                0x1000afa4       0x50 src/CMakeFiles/cansat.dir/home/arca/pico/pico-sdk/src/rp2_common/pico_divider/divider.S.obj
                0x1000afa4                __wrap___aeabi_idivmod
                0x1000afa4                divmod_s32s32
                0x1000afa4                div_s32s32
                0x1000afa4                __wrap___aeabi_idiv
                0x1000afac                divmod_s32s32_unsafe
                0x1000afd8                divmod_s32s32_savestate
 .text.__wrap___aeabi_uidiv
                0x1000aff4       0x4c src/CMakeFiles/cansat.dir/home/arca/pico/pico-sdk/src/rp2_common/pico_divider/divider.S.obj
                0x1000aff4                __wrap___aeabi_uidiv
                0x1000aff4                __wrap___aeabi_uidivmod
                0x1000aff4                div_u32u32
                0x1000aff4                divmod_u32u32
                0x1000affc                divmod_u32u32_unsafe
                0x1000b024                divmod_u32u32_savestate
 .text.__wrap___aeabi_ldiv
                0x1000b040      0x424 src/CMakeFiles/cansat.dir/home/arca/pico/pico-sdk/src/rp2_common/pico_divider/divider.S.obj
                0x1000b040                div_s64s64
                0x1000b040                divmod_s64s64
                0x1000b040                __wrap___aeabi_ldivmod
                0x1000b070                div_u64u64
                0x1000b070                divmod_u64u64
                0x1000b070                __wrap___aeabi_uldivmod
                0x1000b080                divmod_u64u64_savestate
                0x1000b0a0                divmod_s64s64_unsafe
                0x1000b128                divmod_u64u64_unsafe
 .text.__wrap___aeabi_darithmetic
                0x1000b464       0x80 src/CMakeFiles/cansat.dir/home/arca/pico/pico-sdk/src/rp2_common/pico_double/double_aeabi.S.obj
                0x1000b464                __wrap___aeabi_drsub
                0x1000b46a                __wrap___aeabi_dsub
                0x1000b47c                __wrap___aeabi_dadd
                0x1000b48e                __wrap___aeabi_ddiv
                0x1000b4ca                __wrap___aeabi_dmul
 .text.__wrap___aeabi_cdcmple
                0x1000b4e4       0x6c src/CMakeFiles/cansat.dir/home/arca/pico/pico-sdk/src/rp2_common/pico_double/double_aeabi.S.obj
                0x1000b4e4                __wrap___aeabi_cdrcmple
                0x1000b4f4                __wrap___aeabi_cdcmple
                0x1000b4f4                __wrap___aeabi_cdcmpeq
 .text.__wrap___aeabi_dcmplt
                0x1000b550        0xc src/CMakeFiles/cansat.dir/home/arca/pico/pico-sdk/src/rp2_common/pico_double/double_aeabi.S.obj
                0x1000b550                __wrap___aeabi_dcmplt
 .text.__wrap___aeabi_dcmple
                0x1000b55c       0x10 src/CMakeFiles/cansat.dir/home/arca/pico/pico-sdk/src/rp2_common/pico_double/double_aeabi.S.obj
                0x1000b55c                __wrap___aeabi_dcmple
 .text.__wrap___aeabi_dcmpge
                0x1000b56c       0x10 src/CMakeFiles/cansat.dir/home/arca/pico/pico-sdk/src/rp2_common/pico_double/double_aeabi.S.obj
                0x1000b56c                __wrap___aeabi_dcmpge
 .text.__wrap___aeabi_dcmpgt
                0x1000b57c        0xa src/CMakeFiles/cansat.dir/home/arca/pico/pico-sdk/src/rp2_common/pico_double/double_aeabi.S.obj
                0x1000b57c                __wrap___aeabi_dcmpgt
 .text.__wrap___aeabi_dcmpun
                0x1000b586       0x1c src/CMakeFiles/cansat.dir/home/arca/pico/pico-sdk/src/rp2_common/pico_double/double_aeabi.S.obj
                0x1000b586                __wrap___aeabi_dcmpun
 *fill*         0x1000b5a2        0x2 
 .text.__wrap___aeabi_i2d
                0x1000b5a4       0x38 src/CMakeFiles/cansat.dir/home/arca/pico/pico-sdk/src/rp2_common/pico_double/double_aeabi.S.obj
                0x1000b5a4                __wrap___aeabi_ui2d
                0x1000b5ac                __wrap___aeabi_i2d
 .text.__wrap___aeabi_d2iz
                0x1000b5dc       0x48 src/CMakeFiles/cansat.dir/home/arca/pico/pico-sdk/src/rp2_common/pico_double/double_aeabi.S.obj
                0x1000b5dc                __wrap___aeabi_d2iz
                0x1000b5dc                double2int_z
 .text.__wrap___aeabi_d2uiz
                0x1000b624       0x18 src/CMakeFiles/cansat.dir/home/arca/pico/pico-sdk/src/rp2_common/pico_double/double_aeabi.S.obj
                0x1000b624                double2uint
                0x1000b624                __wrap___aeabi_d2uiz
 .text.__aeabi_double_init
                0x1000b63c       0xcc src/CMakeFiles/cansat.dir/home/arca/pico/pico-sdk/src/rp2_common/pico_double/double_init_rom.c.obj
                0x1000b63c                __aeabi_double_init
 .text.double_table_shim_on_use_helper
                0x1000b708       0x34 src/CMakeFiles/cansat.dir/home/arca/pico/pico-sdk/src/rp2_common/pico_double/double_v1_rom_shim.S.obj
                0x1000b708                double_table_shim_on_use_helper
 .text.__wrap___aeabi_dsub
                0x1000b73c       0x10 src/CMakeFiles/cansat.dir/home/arca/pico/pico-sdk/src/rp2_common/pico_double/double_v1_rom_shim.S.obj
                0x1000b73c                drsub_shim
                0x1000b742                dsub_shim
 .text.dadd_shim
                0x1000b74c      0x15c src/CMakeFiles/cansat.dir/home/arca/pico/pico-sdk/src/rp2_common/pico_double/double_v1_rom_shim.S.obj
                0x1000b74c                dadd_shim
 .text.dmul_shim
                0x1000b8a8      0x15c src/CMakeFiles/cansat.dir/home/arca/pico/pico-sdk/src/rp2_common/pico_double/double_v1_rom_shim.S.obj
                0x1000b8a8                dmul_shim
 .text.ddiv_shim
                0x1000ba04      0x1b0 src/CMakeFiles/cansat.dir/home/arca/pico/pico-sdk/src/rp2_common/pico_double/double_v1_rom_shim.S.obj
                0x1000ba04                ddiv_shim
 .text.double2uint_shim
                0x1000bbb4        0xe src/CMakeFiles/cansat.dir/home/arca/pico/pico-sdk/src/rp2_common/pico_double/double_v1_rom_shim.S.obj
                0x1000bbb4                double2uint_shim
                0x1000bbb6                double2ufix_shim
 *fill*         0x1000bbc2        0x2 
 .text.double2uint64_shim
                0x1000bbc4       0x70 src/CMakeFiles/cansat.dir/home/arca/pico/pico-sdk/src/rp2_common/pico_double/double_v1_rom_shim.S.obj
                0x1000bbc4                double2uint64_shim
                0x1000bbc6                double2ufix64_shim
                0x1000bbe6                d2fix_a
 .text.dunpacks
                0x1000bc34       0x3c src/CMakeFiles/cansat.dir/home/arca/pico/pico-sdk/src/rp2_common/pico_double/double_v1_rom_shim.S.obj
                0x1000bc34                dunpacks
 .text.__aeabi_lmul
                0x1000bc70       0x32 src/CMakeFiles/cansat.dir/home/arca/pico/pico-sdk/src/rp2_common/pico_int64_ops/pico_int64_ops_aeabi.S.obj
                0x1000bc70                __wrap___aeabi_lmul
 *fill*         0x1000bca2        0x2 
 .text.__wrap___aeabi_farithmetic
                0x1000bca4       0x58 src/CMakeFiles/cansat.dir/home/arca/pico/pico-sdk/src/rp2_common/pico_float/float_aeabi.S.obj
                0x1000bca4                __wrap___aeabi_frsub
                0x1000bcaa                __wrap___aeabi_fsub
                0x1000bcb4                __wrap___aeabi_fadd
                0x1000bcbe                __wrap___aeabi_fdiv
                0x1000bcea                __wrap___aeabi_fmul
 .text.__wrap___aeabi_cfcmple
                0x1000bcfc       0x50 src/CMakeFiles/cansat.dir/home/arca/pico/pico-sdk/src/rp2_common/pico_float/float_aeabi.S.obj
                0x1000bcfc                __wrap___aeabi_cfrcmple
                0x1000bd08                __wrap___aeabi_cfcmpeq
                0x1000bd08                __wrap___aeabi_cfcmple
 .text.__wrap___aeabi_fcmplt
                0x1000bd4c        0xc src/CMakeFiles/cansat.dir/home/arca/pico/pico-sdk/src/rp2_common/pico_float/float_aeabi.S.obj
                0x1000bd4c                __wrap___aeabi_fcmplt
 .text.__wrap___aeabi_fcmpgt
                0x1000bd58        0xa src/CMakeFiles/cansat.dir/home/arca/pico/pico-sdk/src/rp2_common/pico_float/float_aeabi.S.obj
                0x1000bd58                __wrap___aeabi_fcmpgt
 .text.__wrap___aeabi_ui2f
                0x1000bd62        0xa src/CMakeFiles/cansat.dir/home/arca/pico/pico-sdk/src/rp2_common/pico_float/float_aeabi.S.obj
                0x1000bd62                __wrap___aeabi_ui2f
 .text.__wrap___aeabi_i2f
                0x1000bd6c       0x44 src/CMakeFiles/cansat.dir/home/arca/pico/pico-sdk/src/rp2_common/pico_float/float_aeabi.S.obj
                0x1000bd6c                __wrap___aeabi_i2f
 .text.__wrap___aeabi_f2iz
                0x1000bdb0       0x4e src/CMakeFiles/cansat.dir/home/arca/pico/pico-sdk/src/rp2_common/pico_float/float_aeabi.S.obj
                0x1000bdb0                __wrap___aeabi_f2iz
                0x1000bdb0                float2int_z
 *fill*         0x1000bdfe        0x2 
 .text.float2int
                0x1000be00       0x14 src/CMakeFiles/cansat.dir/home/arca/pico/pico-sdk/src/rp2_common/pico_float/float_aeabi.S.obj
                0x1000be00                float2int
 .text.__wrap___aeabi_f2uiz
                0x1000be14       0x10 src/CMakeFiles/cansat.dir/home/arca/pico/pico-sdk/src/rp2_common/pico_float/float_aeabi.S.obj
                0x1000be14                __wrap___aeabi_f2uiz
 .text.__wrap___aeabi_f2d
                0x1000be24       0x14 src/CMakeFiles/cansat.dir/home/arca/pico/pico-sdk/src/rp2_common/pico_float/float_aeabi.S.obj
                0x1000be24                __wrap___aeabi_f2d
 .text.__aeabi_float_init
                0x1000be38       0xfc src/CMakeFiles/cansat.dir/home/arca/pico/pico-sdk/src/rp2_common/pico_float/float_init_rom.c.obj
                0x1000be38                __aeabi_float_init
 .text.float_table_shim_on_use_helper
                0x1000bf34       0x34 src/CMakeFiles/cansat.dir/home/arca/pico/pico-sdk/src/rp2_common/pico_float/float_v1_rom_shim.S.obj
                0x1000bf34                float_table_shim_on_use_helper
 .text.float232_shims
                0x1000bf68       0x18 src/CMakeFiles/cansat.dir/home/arca/pico/pico-sdk/src/rp2_common/pico_float/float_v1_rom_shim.S.obj
                0x1000bf68                float2int_shim
                0x1000bf6a                float2fix_shim
 .text.float2double_shim
                0x1000bf80       0x30 src/CMakeFiles/cansat.dir/home/arca/pico/pico-sdk/src/rp2_common/pico_float/float_v1_rom_shim.S.obj
                0x1000bf80                float2double_shim
 .text.check_alloc
                0x1000bfb0       0x20 src/CMakeFiles/cansat.dir/home/arca/pico/pico-sdk/src/rp2_common/pico_malloc/pico_malloc.c.obj
 .text.__wrap_malloc
                0x1000bfd0       0x2c src/CMakeFiles/cansat.dir/home/arca/pico/pico-sdk/src/rp2_common/pico_malloc/pico_malloc.c.obj
                0x1000bfd0                __wrap_malloc
 .text.__wrap_free
                0x1000bffc       0x20 src/CMakeFiles/cansat.dir/home/arca/pico/pico-sdk/src/rp2_common/pico_malloc/pico_malloc.c.obj
                0x1000bffc                __wrap_free
 .text          0x1000c01c       0x10 src/CMakeFiles/cansat.dir/home/arca/pico/pico-sdk/src/rp2_common/pico_mem_ops/mem_ops_aeabi.S.obj
                0x1000c01c                __aeabi_mem_init
 .text.memset   0x1000c02c        0xc src/CMakeFiles/cansat.dir/home/arca/pico/pico-sdk/src/rp2_common/pico_mem_ops/mem_ops_aeabi.S.obj
                0x1000c02c                __wrap_memset
 .text.memcpy   0x1000c038        0xc src/CMakeFiles/cansat.dir/home/arca/pico/pico-sdk/src/rp2_common/pico_mem_ops/mem_ops_aeabi.S.obj
                0x1000c038                __wrap___aeabi_memcpy
                0x1000c038                __wrap_memcpy
 .text._Znwj    0x1000c044        0x8 src/CMakeFiles/cansat.dir/home/arca/pico/pico-sdk/src/rp2_common/pico_standard_link/new_delete.cpp.obj
                0x1000c044                operator new(unsigned int)
 .text.time_reached
                0x1000c04c       0x28 src/CMakeFiles/cansat.dir/home/arca/pico/pico-sdk/src/rp2_common/pico_stdio/stdio.c.obj
 .text.stdio_out_chars_no_crlf
                0x1000c074        0xe src/CMakeFiles/cansat.dir/home/arca/pico/pico-sdk/src/rp2_common/pico_stdio/stdio.c.obj
 *fill*         0x1000c082        0x2 
 .text.stdio_out_chars_crlf
                0x1000c084       0x80 src/CMakeFiles/cansat.dir/home/arca/pico/pico-sdk/src/rp2_common/pico_stdio/stdio.c.obj
 .text.stdio_stack_buffer_flush
                0x1000c104       0x44 src/CMakeFiles/cansat.dir/home/arca/pico/pico-sdk/src/rp2_common/pico_stdio/stdio.c.obj
 .text.stdio_buffered_printer
                0x1000c148       0x20 src/CMakeFiles/cansat.dir/home/arca/pico/pico-sdk/src/rp2_common/pico_stdio/stdio.c.obj
 .text.update_us_since_boot
                0x1000c168       0x24 src/CMakeFiles/cansat.dir/home/arca/pico/pico-sdk/src/rp2_common/pico_stdio/stdio.c.obj
 .text.get_absolute_time
                0x1000c18c       0x22 src/CMakeFiles/cansat.dir/home/arca/pico/pico-sdk/src/rp2_common/pico_stdio/stdio.c.obj
 *fill*         0x1000c1ae        0x2 
 .text.delayed_by_ms
                0x1000c1b0       0x44 src/CMakeFiles/cansat.dir/home/arca/pico/pico-sdk/src/rp2_common/pico_stdio/stdio.c.obj
 .text.make_timeout_time_ms
                0x1000c1f4       0x20 src/CMakeFiles/cansat.dir/home/arca/pico/pico-sdk/src/rp2_common/pico_stdio/stdio.c.obj
 .text.stdio_get_until
                0x1000c214       0x64 src/CMakeFiles/cansat.dir/home/arca/pico/pico-sdk/src/rp2_common/pico_stdio/stdio.c.obj
 .text.stdout_serialize_begin
                0x1000c278       0x20 src/CMakeFiles/cansat.dir/home/arca/pico/pico-sdk/src/rp2_common/pico_stdio/stdio.c.obj
                0x1000c278                stdout_serialize_begin
 .text.stdout_serialize_end
                0x1000c298       0x10 src/CMakeFiles/cansat.dir/home/arca/pico/pico-sdk/src/rp2_common/pico_stdio/stdio.c.obj
                0x1000c298                stdout_serialize_end
 .text.stdio_put_string
                0x1000c2a8       0x98 src/CMakeFiles/cansat.dir/home/arca/pico/pico-sdk/src/rp2_common/pico_stdio/stdio.c.obj
 .text.__wrap_putchar
                0x1000c340       0x1c src/CMakeFiles/cansat.dir/home/arca/pico/pico-sdk/src/rp2_common/pico_stdio/stdio.c.obj
                0x1000c340                __wrap_putchar
 .text.stdio_set_driver_enabled
                0x1000c35c       0x2c src/CMakeFiles/cansat.dir/home/arca/pico/pico-sdk/src/rp2_common/pico_stdio/stdio.c.obj
                0x1000c35c                stdio_set_driver_enabled
 .text.stdio_flush
                0x1000c388       0x20 src/CMakeFiles/cansat.dir/home/arca/pico/pico-sdk/src/rp2_common/pico_stdio/stdio.c.obj
                0x1000c388                stdio_flush
 .text.__wrap_puts
                0x1000c3a8       0x1e src/CMakeFiles/cansat.dir/home/arca/pico/pico-sdk/src/rp2_common/pico_stdio/stdio.c.obj
                0x1000c3a8                __wrap_puts
 *fill*         0x1000c3c6        0x2 
 .text.__wrap_vprintf
                0x1000c3c8       0x40 src/CMakeFiles/cansat.dir/home/arca/pico/pico-sdk/src/rp2_common/pico_stdio/stdio.c.obj
                0x1000c3c8                __wrap_vprintf
 .text.__wrap_printf
                0x1000c408       0x18 src/CMakeFiles/cansat.dir/home/arca/pico/pico-sdk/src/rp2_common/pico_stdio/stdio.c.obj
                0x1000c408                __wrap_printf
 .text.stdio_init_all
                0x1000c420        0xe src/CMakeFiles/cansat.dir/home/arca/pico/pico-sdk/src/rp2_common/pico_stdio/stdio.c.obj
                0x1000c420                stdio_init_all
 *fill*         0x1000c42e        0x2 
 .text.__wrap_getchar
                0x1000c430       0x40 src/CMakeFiles/cansat.dir/home/arca/pico/pico-sdk/src/rp2_common/pico_stdio/stdio.c.obj
                0x1000c430                __wrap_getchar
 .text.uart_putc
                0x1000c470       0x60 src/CMakeFiles/cansat.dir/home/arca/pico/pico-sdk/src/rp2_common/pico_stdio_uart/stdio_uart.c.obj
 .text.uart_getc
                0x1000c4d0       0x24 src/CMakeFiles/cansat.dir/home/arca/pico/pico-sdk/src/rp2_common/pico_stdio_uart/stdio_uart.c.obj
 .text.stdio_uart_out_chars
                0x1000c4f4       0x20 src/CMakeFiles/cansat.dir/home/arca/pico/pico-sdk/src/rp2_common/pico_stdio_uart/stdio_uart.c.obj
 .text.stdio_uart_in_chars
                0x1000c514       0x5c src/CMakeFiles/cansat.dir/home/arca/pico/pico-sdk/src/rp2_common/pico_stdio_uart/stdio_uart.c.obj
                0x1000c514                stdio_uart_in_chars
 .text.on_uart_rx
                0x1000c570       0x28 src/CMakeFiles/cansat.dir/home/arca/pico/pico-sdk/src/rp2_common/pico_stdio_uart/stdio_uart.c.obj
 .text.stdio_uart_set_chars_available_callback
                0x1000c598       0x8c src/CMakeFiles/cansat.dir/home/arca/pico/pico-sdk/src/rp2_common/pico_stdio_uart/stdio_uart.c.obj
 .text.stdio_uart_init_full
                0x1000c624       0x44 src/CMakeFiles/cansat.dir/home/arca/pico/pico-sdk/src/rp2_common/pico_stdio_uart/stdio_uart.c.obj
                0x1000c624                stdio_uart_init_full
 .text.stdio_uart_init
                0x1000c668       0x28 src/CMakeFiles/cansat.dir/home/arca/pico/pico-sdk/src/rp2_common/pico_stdio_uart/stdio_uart.c.obj
                0x1000c668                stdio_uart_init
 .text.resetd_init
                0x1000c690        0x2 src/CMakeFiles/cansat.dir/home/arca/pico/pico-sdk/src/rp2_common/pico_stdio_usb/reset_interface.c.obj
 *fill*         0x1000c692        0x2 
 .text.resetd_reset
                0x1000c694        0xc src/CMakeFiles/cansat.dir/home/arca/pico/pico-sdk/src/rp2_common/pico_stdio_usb/reset_interface.c.obj
 .text.resetd_open
                0x1000c6a0       0x34 src/CMakeFiles/cansat.dir/home/arca/pico/pico-sdk/src/rp2_common/pico_stdio_usb/reset_interface.c.obj
 .text.resetd_xfer_cb
                0x1000c6d4        0x4 src/CMakeFiles/cansat.dir/home/arca/pico/pico-sdk/src/rp2_common/pico_stdio_usb/reset_interface.c.obj
 .text.reset_usb_boot
                0x1000c6d8       0x18 src/CMakeFiles/cansat.dir/home/arca/pico/pico-sdk/src/rp2_common/pico_stdio_usb/reset_interface.c.obj
 .text.resetd_control_xfer_cb
                0x1000c6f0       0x5c src/CMakeFiles/cansat.dir/home/arca/pico/pico-sdk/src/rp2_common/pico_stdio_usb/reset_interface.c.obj
 .text.usbd_app_driver_get_cb
                0x1000c74c        0xc src/CMakeFiles/cansat.dir/home/arca/pico/pico-sdk/src/rp2_common/pico_stdio_usb/reset_interface.c.obj
                0x1000c74c                usbd_app_driver_get_cb
 .text.tud_cdc_line_coding_cb
                0x1000c758       0x28 src/CMakeFiles/cansat.dir/home/arca/pico/pico-sdk/src/rp2_common/pico_stdio_usb/reset_interface.c.obj
                0x1000c758                tud_cdc_line_coding_cb
 .text.stdio_usb_set_chars_available_callback
                0x1000c780       0x14 src/CMakeFiles/cansat.dir/home/arca/pico/pico-sdk/src/rp2_common/pico_stdio_usb/stdio_usb.c.obj
                0x1000c780                stdio_usb_set_chars_available_callback
 .text.update_us_since_boot
                0x1000c794       0x24 src/CMakeFiles/cansat.dir/home/arca/pico/pico-sdk/src/rp2_common/pico_stdio_usb/stdio_usb.c.obj
 .text.get_absolute_time
                0x1000c7b8       0x22 src/CMakeFiles/cansat.dir/home/arca/pico/pico-sdk/src/rp2_common/pico_stdio_usb/stdio_usb.c.obj
 *fill*         0x1000c7da        0x2 
 .text.delayed_by_ms
                0x1000c7dc       0x44 src/CMakeFiles/cansat.dir/home/arca/pico/pico-sdk/src/rp2_common/pico_stdio_usb/stdio_usb.c.obj
 .text.make_timeout_time_ms
                0x1000c820       0x20 src/CMakeFiles/cansat.dir/home/arca/pico/pico-sdk/src/rp2_common/pico_stdio_usb/stdio_usb.c.obj
 .text.delayed_by_us
                0x1000c840       0x34 src/CMakeFiles/cansat.dir/home/arca/pico/pico-sdk/src/rp2_common/pico_stdio_usb/stdio_usb.c.obj
 .text.usb_irq  0x1000c874       0x10 src/CMakeFiles/cansat.dir/home/arca/pico/pico-sdk/src/rp2_common/pico_stdio_usb/stdio_usb.c.obj
 .text.critical_section_enter_blocking
                0x1000c884       0x16 src/CMakeFiles/cansat.dir/home/arca/pico/pico-sdk/src/rp2_common/pico_stdio_usb/stdio_usb.c.obj
 *fill*         0x1000c89a        0x2 
 .text.timer_task
                0x1000c89c       0x4c src/CMakeFiles/cansat.dir/home/arca/pico/pico-sdk/src/rp2_common/pico_stdio_usb/stdio_usb.c.obj
 .text.alarm_pool_add_alarm_in_us
                0x1000c8e8       0x3a src/CMakeFiles/cansat.dir/home/arca/pico/pico-sdk/src/rp2_common/pico_stdio_usb/stdio_usb.c.obj
 .text.add_alarm_in_us
                0x1000c922       0x2e src/CMakeFiles/cansat.dir/home/arca/pico/pico-sdk/src/rp2_common/pico_stdio_usb/stdio_usb.c.obj
 .text.low_priority_worker_irq
                0x1000c950       0x7c src/CMakeFiles/cansat.dir/home/arca/pico/pico-sdk/src/rp2_common/pico_stdio_usb/stdio_usb.c.obj
 .text.tud_cdc_rx_cb
                0x1000c9cc       0x20 src/CMakeFiles/cansat.dir/home/arca/pico/pico-sdk/src/rp2_common/pico_stdio_usb/stdio_usb.c.obj
                0x1000c9cc                tud_cdc_rx_cb
 .text.stdio_usb_init
                0x1000c9ec       0xd0 src/CMakeFiles/cansat.dir/home/arca/pico/pico-sdk/src/rp2_common/pico_stdio_usb/stdio_usb.c.obj
                0x1000c9ec                stdio_usb_init
 .text.stdio_usb_connected
                0x1000cabc        0xa src/CMakeFiles/cansat.dir/home/arca/pico/pico-sdk/src/rp2_common/pico_stdio_usb/stdio_usb.c.obj
                0x1000cabc                stdio_usb_connected
 *fill*         0x1000cac6        0x2 
 .text.stdio_usb_in_chars
                0x1000cac8       0x88 src/CMakeFiles/cansat.dir/home/arca/pico/pico-sdk/src/rp2_common/pico_stdio_usb/stdio_usb.c.obj
                0x1000cac8                stdio_usb_in_chars
 .text.stdio_usb_out_chars
                0x1000cb50       0xd8 src/CMakeFiles/cansat.dir/home/arca/pico/pico-sdk/src/rp2_common/pico_stdio_usb/stdio_usb.c.obj
 .text.tud_descriptor_device_cb
                0x1000cc28        0x8 src/CMakeFiles/cansat.dir/home/arca/pico/pico-sdk/src/rp2_common/pico_stdio_usb/stdio_usb_descriptors.c.obj
                0x1000cc28                tud_descriptor_device_cb
 .text.tud_descriptor_configuration_cb
                0x1000cc30        0x8 src/CMakeFiles/cansat.dir/home/arca/pico/pico-sdk/src/rp2_common/pico_stdio_usb/stdio_usb_descriptors.c.obj
                0x1000cc30                tud_descriptor_configuration_cb
 .text.tud_descriptor_string_cb
                0x1000cc38       0x6c src/CMakeFiles/cansat.dir/home/arca/pico/pico-sdk/src/rp2_common/pico_stdio_usb/stdio_usb_descriptors.c.obj
                0x1000cc38                tud_descriptor_string_cb
 .text._retrieve_unique_id_on_boot
                0x1000cca4       0x10 src/CMakeFiles/cansat.dir/home/arca/pico/pico-sdk/src/rp2_common/pico_unique_id/unique_id.c.obj
 .text.pico_get_unique_board_id_string
                0x1000ccb4       0x5c src/CMakeFiles/cansat.dir/home/arca/pico/pico-sdk/src/rp2_common/pico_unique_id/unique_id.c.obj
                0x1000ccb4                pico_get_unique_board_id_string
 .text.flash_get_unique_id
                0x1000cd10       0x40 src/CMakeFiles/cansat.dir/home/arca/pico/pico-sdk/src/rp2_common/hardware_flash/flash.c.obj
                0x1000cd10                flash_get_unique_id
 .text.hw_endpoint_get_by_addr
                0x1000cd50       0x18 src/CMakeFiles/cansat.dir/home/arca/pico/pico-sdk/lib/tinyusb/src/portable/raspberrypi/rp2040/dcd_rp2040.c.obj
 .text._hw_endpoint_alloc
                0x1000cd68       0x70 src/CMakeFiles/cansat.dir/home/arca/pico/pico-sdk/lib/tinyusb/src/portable/raspberrypi/rp2040/dcd_rp2040.c.obj
 .text.hw_endpoint_init
                0x1000cdd8       0x88 src/CMakeFiles/cansat.dir/home/arca/pico/pico-sdk/lib/tinyusb/src/portable/raspberrypi/rp2040/dcd_rp2040.c.obj
 .text.dcd_event_sof
                0x1000ce60       0x2c src/CMakeFiles/cansat.dir/home/arca/pico/pico-sdk/lib/tinyusb/src/portable/raspberrypi/rp2040/dcd_rp2040.c.obj
 .text.hw_endpoint_xfer
                0x1000ce8c       0x14 src/CMakeFiles/cansat.dir/home/arca/pico/pico-sdk/lib/tinyusb/src/portable/raspberrypi/rp2040/dcd_rp2040.c.obj
 .text.dcd_int_enable
                0x1000cea0       0x2c src/CMakeFiles/cansat.dir/home/arca/pico/pico-sdk/lib/tinyusb/src/portable/raspberrypi/rp2040/dcd_rp2040.c.obj
                0x1000cea0                dcd_int_enable
 .text.dcd_set_address
                0x1000cecc       0x2c src/CMakeFiles/cansat.dir/home/arca/pico/pico-sdk/lib/tinyusb/src/portable/raspberrypi/rp2040/dcd_rp2040.c.obj
                0x1000cecc                dcd_set_address
 .text.dcd_connect
                0x1000cef8       0x10 src/CMakeFiles/cansat.dir/home/arca/pico/pico-sdk/lib/tinyusb/src/portable/raspberrypi/rp2040/dcd_rp2040.c.obj
                0x1000cef8                dcd_connect
 .text.dcd_init
                0x1000cf08       0x80 src/CMakeFiles/cansat.dir/home/arca/pico/pico-sdk/lib/tinyusb/src/portable/raspberrypi/rp2040/dcd_rp2040.c.obj
                0x1000cf08                dcd_init
 .text.dcd_edpt0_status_complete
                0x1000cf88       0x1c src/CMakeFiles/cansat.dir/home/arca/pico/pico-sdk/lib/tinyusb/src/portable/raspberrypi/rp2040/dcd_rp2040.c.obj
                0x1000cf88                dcd_edpt0_status_complete
 .text.dcd_edpt_open
                0x1000cfa4       0x40 src/CMakeFiles/cansat.dir/home/arca/pico/pico-sdk/lib/tinyusb/src/portable/raspberrypi/rp2040/dcd_rp2040.c.obj
                0x1000cfa4                dcd_edpt_open
 .text.dcd_edpt_close_all
                0x1000cfe4        0x8 src/CMakeFiles/cansat.dir/home/arca/pico/pico-sdk/lib/tinyusb/src/portable/raspberrypi/rp2040/dcd_rp2040.c.obj
                0x1000cfe4                dcd_edpt_close_all
 .text.dcd_edpt_xfer
                0x1000cfec       0x34 src/CMakeFiles/cansat.dir/home/arca/pico/pico-sdk/lib/tinyusb/src/portable/raspberrypi/rp2040/dcd_rp2040.c.obj
                0x1000cfec                dcd_edpt_xfer
 .text.dcd_edpt_stall
                0x1000d020       0x2c src/CMakeFiles/cansat.dir/home/arca/pico/pico-sdk/lib/tinyusb/src/portable/raspberrypi/rp2040/dcd_rp2040.c.obj
                0x1000d020                dcd_edpt_stall
 .text.dcd_edpt_clear_stall
                0x1000d04c       0x20 src/CMakeFiles/cansat.dir/home/arca/pico/pico-sdk/lib/tinyusb/src/portable/raspberrypi/rp2040/dcd_rp2040.c.obj
                0x1000d04c                dcd_edpt_clear_stall
 .text.rp2040_usb_init
                0x1000d06c       0x4c src/CMakeFiles/cansat.dir/home/arca/pico/pico-sdk/lib/tinyusb/src/portable/raspberrypi/rp2040/rp2040_usb.c.obj
                0x1000d06c                rp2040_usb_init
 .text.hw_endpoint_xfer_start
                0x1000d0b8       0x50 src/CMakeFiles/cansat.dir/home/arca/pico/pico-sdk/lib/tinyusb/src/portable/raspberrypi/rp2040/rp2040_usb.c.obj
                0x1000d0b8                hw_endpoint_xfer_start
 .text.configuration_reset
                0x1000d108       0x84 src/CMakeFiles/cansat.dir/home/arca/pico/pico-sdk/lib/tinyusb/src/device/usbd.c.obj
 .text.critical_section_enter_blocking
                0x1000d18c       0x16 src/CMakeFiles/cansat.dir/home/arca/pico/pico-sdk/lib/tinyusb/src/device/usbd.c.obj
 .text.usbd_reset
                0x1000d1a2        0xc src/CMakeFiles/cansat.dir/home/arca/pico/pico-sdk/lib/tinyusb/src/device/usbd.c.obj
 .text.invoke_class_control
                0x1000d1ae       0x1a src/CMakeFiles/cansat.dir/home/arca/pico/pico-sdk/lib/tinyusb/src/device/usbd.c.obj
 .text.process_set_config
                0x1000d1c8      0x178 src/CMakeFiles/cansat.dir/home/arca/pico/pico-sdk/lib/tinyusb/src/device/usbd.c.obj
 .text.process_get_descriptor
                0x1000d340       0xdc src/CMakeFiles/cansat.dir/home/arca/pico/pico-sdk/lib/tinyusb/src/device/usbd.c.obj
 .text.tud_mounted
                0x1000d41c       0x10 src/CMakeFiles/cansat.dir/home/arca/pico/pico-sdk/lib/tinyusb/src/device/usbd.c.obj
                0x1000d41c                tud_mounted
 .text.tud_suspended
                0x1000d42c       0x10 src/CMakeFiles/cansat.dir/home/arca/pico/pico-sdk/lib/tinyusb/src/device/usbd.c.obj
                0x1000d42c                tud_suspended
 .text.tud_inited
                0x1000d43c       0x14 src/CMakeFiles/cansat.dir/home/arca/pico/pico-sdk/lib/tinyusb/src/device/usbd.c.obj
                0x1000d43c                tud_inited
 .text.tud_init
                0x1000d450       0xcc src/CMakeFiles/cansat.dir/home/arca/pico/pico-sdk/lib/tinyusb/src/device/usbd.c.obj
                0x1000d450                tud_init
 .text.usbd_defer_func
                0x1000d51c       0x2a src/CMakeFiles/cansat.dir/home/arca/pico/pico-sdk/lib/tinyusb/src/device/usbd.c.obj
                0x1000d51c                usbd_defer_func
 *fill*         0x1000d546        0x2 
 .text.usbd_edpt_open
                0x1000d548       0x34 src/CMakeFiles/cansat.dir/home/arca/pico/pico-sdk/lib/tinyusb/src/device/usbd.c.obj
                0x1000d548                usbd_edpt_open
 .text.usbd_open_edpt_pair
                0x1000d57c       0x62 src/CMakeFiles/cansat.dir/home/arca/pico/pico-sdk/lib/tinyusb/src/device/usbd.c.obj
                0x1000d57c                usbd_open_edpt_pair
 *fill*         0x1000d5de        0x2 
 .text.usbd_edpt_claim
                0x1000d5e0       0x28 src/CMakeFiles/cansat.dir/home/arca/pico/pico-sdk/lib/tinyusb/src/device/usbd.c.obj
                0x1000d5e0                usbd_edpt_claim
 .text.usbd_edpt_release
                0x1000d608       0x28 src/CMakeFiles/cansat.dir/home/arca/pico/pico-sdk/lib/tinyusb/src/device/usbd.c.obj
                0x1000d608                usbd_edpt_release
 .text.usbd_edpt_xfer
                0x1000d630       0x78 src/CMakeFiles/cansat.dir/home/arca/pico/pico-sdk/lib/tinyusb/src/device/usbd.c.obj
                0x1000d630                usbd_edpt_xfer
 .text.usbd_edpt_stall
                0x1000d6a8       0x48 src/CMakeFiles/cansat.dir/home/arca/pico/pico-sdk/lib/tinyusb/src/device/usbd.c.obj
                0x1000d6a8                usbd_edpt_stall
 .text.usbd_edpt_clear_stall
                0x1000d6f0       0x48 src/CMakeFiles/cansat.dir/home/arca/pico/pico-sdk/lib/tinyusb/src/device/usbd.c.obj
                0x1000d6f0                usbd_edpt_clear_stall
 .text.usbd_edpt_stalled
                0x1000d738       0x1c src/CMakeFiles/cansat.dir/home/arca/pico/pico-sdk/lib/tinyusb/src/device/usbd.c.obj
                0x1000d738                usbd_edpt_stalled
 .text.process_control_request
                0x1000d754      0x374 src/CMakeFiles/cansat.dir/home/arca/pico/pico-sdk/lib/tinyusb/src/device/usbd.c.obj
 .text.tud_task_ext
                0x1000dac8      0x1a8 src/CMakeFiles/cansat.dir/home/arca/pico/pico-sdk/lib/tinyusb/src/device/usbd.c.obj
                0x1000dac8                tud_task_ext
 .text._status_stage_xact
                0x1000dc70       0x1a src/CMakeFiles/cansat.dir/home/arca/pico/pico-sdk/lib/tinyusb/src/device/usbd_control.c.obj
 *fill*         0x1000dc8a        0x2 
 .text._data_stage_xact
                0x1000dc8c       0x58 src/CMakeFiles/cansat.dir/home/arca/pico/pico-sdk/lib/tinyusb/src/device/usbd_control.c.obj
 .text.tud_control_status
                0x1000dce4       0x28 src/CMakeFiles/cansat.dir/home/arca/pico/pico-sdk/lib/tinyusb/src/device/usbd_control.c.obj
                0x1000dce4                tud_control_status
 .text.tud_control_xfer
                0x1000dd0c       0x68 src/CMakeFiles/cansat.dir/home/arca/pico/pico-sdk/lib/tinyusb/src/device/usbd_control.c.obj
                0x1000dd0c                tud_control_xfer
 .text.usbd_control_reset
                0x1000dd74       0x14 src/CMakeFiles/cansat.dir/home/arca/pico/pico-sdk/lib/tinyusb/src/device/usbd_control.c.obj
                0x1000dd74                usbd_control_reset
 .text.usbd_control_set_complete_callback
                0x1000dd88        0xc src/CMakeFiles/cansat.dir/home/arca/pico/pico-sdk/lib/tinyusb/src/device/usbd_control.c.obj
                0x1000dd88                usbd_control_set_complete_callback
 .text.usbd_control_set_request
                0x1000dd94       0x1c src/CMakeFiles/cansat.dir/home/arca/pico/pico-sdk/lib/tinyusb/src/device/usbd_control.c.obj
                0x1000dd94                usbd_control_set_request
 .text.usbd_control_xfer_cb
                0x1000ddb0       0xbc src/CMakeFiles/cansat.dir/home/arca/pico/pico-sdk/lib/tinyusb/src/device/usbd_control.c.obj
                0x1000ddb0                usbd_control_xfer_cb
 .text._prep_out_transaction
                0x1000de6c       0x4a src/CMakeFiles/cansat.dir/home/arca/pico/pico-sdk/lib/tinyusb/src/class/cdc/cdc_device.c.obj
 *fill*         0x1000deb6        0x2 
 .text.tud_cdc_n_connected
                0x1000deb8       0x38 src/CMakeFiles/cansat.dir/home/arca/pico/pico-sdk/lib/tinyusb/src/class/cdc/cdc_device.c.obj
                0x1000deb8                tud_cdc_n_connected
 .text.tud_cdc_n_available
                0x1000def0       0x18 src/CMakeFiles/cansat.dir/home/arca/pico/pico-sdk/lib/tinyusb/src/class/cdc/cdc_device.c.obj
                0x1000def0                tud_cdc_n_available
 .text.tud_cdc_n_read
                0x1000df08       0x28 src/CMakeFiles/cansat.dir/home/arca/pico/pico-sdk/lib/tinyusb/src/class/cdc/cdc_device.c.obj
                0x1000df08                tud_cdc_n_read
 .text.tud_cdc_n_write_flush
                0x1000df30       0xb8 src/CMakeFiles/cansat.dir/home/arca/pico/pico-sdk/lib/tinyusb/src/class/cdc/cdc_device.c.obj
                0x1000df30                tud_cdc_n_write_flush
 .text.tud_cdc_n_write
                0x1000dfe8       0x38 src/CMakeFiles/cansat.dir/home/arca/pico/pico-sdk/lib/tinyusb/src/class/cdc/cdc_device.c.obj
                0x1000dfe8                tud_cdc_n_write
 .text.tud_cdc_n_write_available
                0x1000e020       0x1c src/CMakeFiles/cansat.dir/home/arca/pico/pico-sdk/lib/tinyusb/src/class/cdc/cdc_device.c.obj
                0x1000e020                tud_cdc_n_write_available
 .text.cdcd_init
                0x1000e03c       0xbc src/CMakeFiles/cansat.dir/home/arca/pico/pico-sdk/lib/tinyusb/src/class/cdc/cdc_device.c.obj
                0x1000e03c                cdcd_init
 .text.cdcd_reset
                0x1000e0f8       0x44 src/CMakeFiles/cansat.dir/home/arca/pico/pico-sdk/lib/tinyusb/src/class/cdc/cdc_device.c.obj
                0x1000e0f8                cdcd_reset
 .text.cdcd_open
                0x1000e13c       0xc4 src/CMakeFiles/cansat.dir/home/arca/pico/pico-sdk/lib/tinyusb/src/class/cdc/cdc_device.c.obj
                0x1000e13c                cdcd_open
 .text.cdcd_control_xfer_cb
                0x1000e200      0x134 src/CMakeFiles/cansat.dir/home/arca/pico/pico-sdk/lib/tinyusb/src/class/cdc/cdc_device.c.obj
                0x1000e200                cdcd_control_xfer_cb
 .text.cdcd_xfer_cb
                0x1000e334      0x130 src/CMakeFiles/cansat.dir/home/arca/pico/pico-sdk/lib/tinyusb/src/class/cdc/cdc_device.c.obj
                0x1000e334                cdcd_xfer_cb
 .text.tusb_init
                0x1000e464        0xa src/CMakeFiles/cansat.dir/home/arca/pico/pico-sdk/lib/tinyusb/src/tusb.c.obj
                0x1000e464                tusb_init
 .text.tusb_inited
                0x1000e46e        0xe src/CMakeFiles/cansat.dir/home/arca/pico/pico-sdk/lib/tinyusb/src/tusb.c.obj
                0x1000e46e                tusb_inited
 .text.tu_edpt_claim