Archive member included to satisfy reference by file (symbol)

/usr/lib/gcc/arm-none-eabi/13.1.0/thumb/v6-m/nofp/libgcc.a(_dvmd_tls.o)
                              CMakeFiles/cansat-code.dir/home/arca/pico/pico-sdk/src/rp2_common/pico_divider/divider.S.obj (__aeabi_idiv0)
/usr/lib/gcc/arm-none-eabi/13.1.0/../../../../arm-none-eabi/lib/thumb/v6-m/nofp/libg.a(libc_a-atexit.o)
                              /usr/lib/gcc/arm-none-eabi/13.1.0/../../../../arm-none-eabi/lib/thumb/v6-m/nofp/crt0.o (atexit)
/usr/lib/gcc/arm-none-eabi/13.1.0/../../../../arm-none-eabi/lib/thumb/v6-m/nofp/libg.a(libc_a-calloc.o)
                              CMakeFiles/cansat-code.dir/home/arca/pico/pico-sdk/src/rp2_common/pico_malloc/pico_malloc.c.obj (calloc)
/usr/lib/gcc/arm-none-eabi/13.1.0/../../../../arm-none-eabi/lib/thumb/v6-m/nofp/libg.a(libc_a-callocr.o)
                              /usr/lib/gcc/arm-none-eabi/13.1.0/../../../../arm-none-eabi/lib/thumb/v6-m/nofp/libg.a(libc_a-calloc.o) (_calloc_r)
/usr/lib/gcc/arm-none-eabi/13.1.0/../../../../arm-none-eabi/lib/thumb/v6-m/nofp/libg.a(libc_a-malloc.o)
                              CMakeFiles/cansat-code.dir/home/arca/pico/pico-sdk/src/rp2_common/pico_malloc/pico_malloc.c.obj (malloc)
/usr/lib/gcc/arm-none-eabi/13.1.0/../../../../arm-none-eabi/lib/thumb/v6-m/nofp/libg.a(libc_a-mallocr.o)
                              /usr/lib/gcc/arm-none-eabi/13.1.0/../../../../arm-none-eabi/lib/thumb/v6-m/nofp/libg.a(libc_a-callocr.o) (_malloc_r)
/usr/lib/gcc/arm-none-eabi/13.1.0/../../../../arm-none-eabi/lib/thumb/v6-m/nofp/libg.a(libc_a-mlock.o)
                              /usr/lib/gcc/arm-none-eabi/13.1.0/../../../../arm-none-eabi/lib/thumb/v6-m/nofp/libg.a(libc_a-mallocr.o) (__malloc_lock)
/usr/lib/gcc/arm-none-eabi/13.1.0/../../../../arm-none-eabi/lib/thumb/v6-m/nofp/libg.a(libc_a-realloc.o)
                              CMakeFiles/cansat-code.dir/home/arca/pico/pico-sdk/src/rp2_common/pico_malloc/pico_malloc.c.obj (realloc)
/usr/lib/gcc/arm-none-eabi/13.1.0/../../../../arm-none-eabi/lib/thumb/v6-m/nofp/libg.a(libc_a-reallocr.o)
                              /usr/lib/gcc/arm-none-eabi/13.1.0/../../../../arm-none-eabi/lib/thumb/v6-m/nofp/libg.a(libc_a-realloc.o) (_realloc_r)
/usr/lib/gcc/arm-none-eabi/13.1.0/../../../../arm-none-eabi/lib/thumb/v6-m/nofp/libg.a(libc_a-memmove.o)
                              /usr/lib/gcc/arm-none-eabi/13.1.0/../../../../arm-none-eabi/lib/thumb/v6-m/nofp/libg.a(libc_a-reallocr.o) (memmove)
/usr/lib/gcc/arm-none-eabi/13.1.0/../../../../arm-none-eabi/lib/thumb/v6-m/nofp/libg.a(libc_a-impure.o)
                              /usr/lib/gcc/arm-none-eabi/13.1.0/../../../../arm-none-eabi/lib/thumb/v6-m/nofp/libg.a(libc_a-calloc.o) (_impure_ptr)
/usr/lib/gcc/arm-none-eabi/13.1.0/../../../../arm-none-eabi/lib/thumb/v6-m/nofp/libg.a(libc_a-sbrkr.o)
                              /usr/lib/gcc/arm-none-eabi/13.1.0/../../../../arm-none-eabi/lib/thumb/v6-m/nofp/libg.a(libc_a-mallocr.o) (_sbrk_r)
/usr/lib/gcc/arm-none-eabi/13.1.0/../../../../arm-none-eabi/lib/thumb/v6-m/nofp/libg.a(libc_a-errno.o)
                              /usr/lib/gcc/arm-none-eabi/13.1.0/../../../../arm-none-eabi/lib/thumb/v6-m/nofp/libg.a(libc_a-callocr.o) (__errno)
/usr/lib/gcc/arm-none-eabi/13.1.0/../../../../arm-none-eabi/lib/thumb/v6-m/nofp/libg.a(libc_a-init.o)
                              /usr/lib/gcc/arm-none-eabi/13.1.0/../../../../arm-none-eabi/lib/thumb/v6-m/nofp/crt0.o (__libc_init_array)
/usr/lib/gcc/arm-none-eabi/13.1.0/../../../../arm-none-eabi/lib/thumb/v6-m/nofp/libg.a(libc_a-fini.o)
                              /usr/lib/gcc/arm-none-eabi/13.1.0/../../../../arm-none-eabi/lib/thumb/v6-m/nofp/crt0.o (__libc_fini_array)
/usr/lib/gcc/arm-none-eabi/13.1.0/../../../../arm-none-eabi/lib/thumb/v6-m/nofp/libg.a(libc_a-lock.o)
                              /usr/lib/gcc/arm-none-eabi/13.1.0/../../../../arm-none-eabi/lib/thumb/v6-m/nofp/libg.a(libc_a-mlock.o) (__retarget_lock_acquire_recursive)
/usr/lib/gcc/arm-none-eabi/13.1.0/../../../../arm-none-eabi/lib/thumb/v6-m/nofp/libg.a(libc_a-sysconf.o)
                              /usr/lib/gcc/arm-none-eabi/13.1.0/../../../../arm-none-eabi/lib/thumb/v6-m/nofp/libg.a(libc_a-mallocr.o) (sysconf)
/usr/lib/gcc/arm-none-eabi/13.1.0/../../../../arm-none-eabi/lib/thumb/v6-m/nofp/libg.a(libc_a-strlen-stub.o)
                              CMakeFiles/cansat-code.dir/home/arca/pico/pico-sdk/src/rp2_common/pico_stdio/stdio.c.obj (strlen)
/usr/lib/gcc/arm-none-eabi/13.1.0/../../../../arm-none-eabi/lib/thumb/v6-m/nofp/libg.a(libc_a-__atexit.o)
                              /usr/lib/gcc/arm-none-eabi/13.1.0/../../../../arm-none-eabi/lib/thumb/v6-m/nofp/libg.a(libc_a-atexit.o) (__register_exitproc)
/usr/lib/gcc/arm-none-eabi/13.1.0/../../../../arm-none-eabi/lib/thumb/v6-m/nofp/libg.a(libc_a-__call_atexit.o)
[...]
Memory Configuration

Name             Origin             Length             Attributes
FLASH            0x10000000         0x00200000         xr
RAM              0x20000000         0x00040000         xrw
SCRATCH_X        0x20040000         0x00001000         xrw
SCRATCH_Y        0x20041000         0x00001000         xrw
*default*        0x00000000         0xffffffff

Linker script and memory map

LOAD /usr/lib/gcc/arm-none-eabi/13.1.0/thumb/v6-m/nofp/crti.o
LOAD /usr/lib/gcc/arm-none-eabi/13.1.0/thumb/v6-m/nofp/crtbegin.o
LOAD /usr/lib/gcc/arm-none-eabi/13.1.0/../../../../arm-none-eabi/lib/thumb/v6-m/nofp/crt0.o

.flash_begin    0x10000000        0x0
                0x10000000                        __flash_binary_start = .

.boot2          0x10000000      0x100
                0x10000000                        __boot2_start__ = .
 *(.boot2)
 .boot2         0x10000000      0x100 /tmp/ccuubgY3.o
                0x10000100                        __boot2_end__ = .
                0x00000001                        ASSERT (((__boot2_end__ - __boot2_start__) == 0x100), ERROR: Pico second stage bootloader must be 256 bytes in size)

.text           0x10000100     0x6f78
                0x10000100                        __logical_binary_start = .
 *(.vectors)
 .vectors       0x10000100       0xd4 CMakeFiles/cansat-code.dir/home/arca/pico/pico-sdk/src/rp2_common/pico_standard_link/crt0.S.obj
                0x10000100                __vectors
                0x10000100                __VECTOR_TABLE
                0x100001c0                isr_invalid
                0x100001c0                __default_isrs_start
                0x100001c2                isr_nmi
                0x100001c4                isr_hardfault
                0x100001c6                isr_svcall
                0x100001c8                isr_pendsv
                0x100001ca                isr_systick
                0x100001cc                isr_irq30
                0x100001cc                __unhandled_user_irq
                0x100001cc                isr_irq13
                0x100001cc                isr_irq27
                0x100001cc                isr_irq31
                0x100001cc                isr_irq5
                0x100001cc                isr_irq11
                0x100001cc                isr_irq23
                0x100001cc                isr_irq18
                0x100001cc                isr_irq28
                0x100001cc                isr_irq19
                0x100001cc                isr_irq0
                0x100001cc                isr_irq6
                0x100001cc                isr_irq22
                0x100001cc                isr_irq17
                0x100001cc                isr_irq14
                0x100001cc                isr_irq2
                0x100001cc                isr_irq10
                0x100001cc                isr_irq8
                0x100001cc                isr_irq24
                0x100001cc                isr_irq1
                0x100001cc                isr_irq7
                0x100001cc                isr_irq21
                0x100001cc                isr_irq20
                0x100001cc                isr_irq15
                0x100001cc                isr_irq25
                0x100001cc                isr_irq4
                0x100001cc                isr_irq16
                0x100001cc                isr_irq29
                0x100001cc                isr_irq26
                0x100001cc                __default_isrs_end
                0x100001cc                isr_irq3
                0x100001cc                isr_irq12
                0x100001cc                isr_irq9
                0x100001d2                unhandled_user_irq_num_in_r0
 *(.binary_info_header)
 .binary_info_header
                0x100001d4       0x14 CMakeFiles/cansat-code.dir/home/arca/pico/pico-sdk/src/rp2_common/pico_standard_link/crt0.S.obj
                0x100001e8                        __binary_info_header_end = .
 *(.reset)
 .reset         0x100001e8       0xa0 CMakeFiles/cansat-code.dir/home/arca/pico/pico-sdk/src/rp2_common/pico_standard_link/crt0.S.obj
                0x100001e8                _entry_point
 .reset         0x10000288       0x30 CMakeFiles/cansat-code.dir/home/arca/pico/pico-sdk/src/rp2_common/pico_standard_link/binary_info.c.obj
 *(.init)
 .init          0x100002b8        0x4 /usr/lib/gcc/arm-none-eabi/13.1.0/thumb/v6-m/nofp/crti.o
                0x100002b8                _init
 *(EXCLUDE_FILE(*libm.a: *libc.a:*lib_a-mem*.o *libgcc.a:) .text*)
 .text          0x100002bc       0x98 /usr/lib/gcc/arm-none-eabi/13.1.0/thumb/v6-m/nofp/crtbegin.o
 .text.main     0x10000354       0x14 CMakeFiles/cansat-code.dir/cansat-code.cpp.obj
                0x10000354                main
 .text.running_on_fpga
                0x10000368       0x14 CMakeFiles/cansat-code.dir/home/arca/pico/pico-sdk/src/rp2_common/pico_platform/platform.c.obj
                0x10000368                running_on_fpga
 .text.hw_claim_lock
                0x1000037c       0x18 CMakeFiles/cansat-code.dir/home/arca/pico/pico-sdk/src/rp2_common/hardware_claim/claim.c.obj
                0x1000037c                hw_claim_lock
 .text.hw_claim_unlock
                0x10000394       0x14 CMakeFiles/cansat-code.dir/home/arca/pico/pico-sdk/src/rp2_common/hardware_claim/claim.c.obj
                0x10000394                hw_claim_unlock
 .text.hw_claim_or_assert
                0x100003a8       0x32 CMakeFiles/cansat-code.dir/home/arca/pico/pico-sdk/src/rp2_common/hardware_claim/claim.c.obj
                0x100003a8                hw_claim_or_assert
 .text.hw_claim_unused_from_range
                0x100003da       0x50 CMakeFiles/cansat-code.dir/home/arca/pico/pico-sdk/src/rp2_common/hardware_claim/claim.c.obj
                0x100003da                hw_claim_unused_from_range
 *fill*         0x1000042a        0x2 
 .text.spin_locks_reset
                0x1000042c       0x20 CMakeFiles/cansat-code.dir/home/arca/pico/pico-sdk/src/rp2_common/hardware_sync/sync.c.obj
                0x1000042c                spin_locks_reset
 .text.next_striped_spin_lock_num
                0x1000044c       0x1c CMakeFiles/cansat-code.dir/home/arca/pico/pico-sdk/src/rp2_common/hardware_sync/sync.c.obj
                0x1000044c                next_striped_spin_lock_num
 .text.spin_lock_claim_unused
                0x10000468       0x24 CMakeFiles/cansat-code.dir/home/arca/pico/pico-sdk/src/rp2_common/hardware_sync/sync.c.obj
                0x10000468                spin_lock_claim_unused
 .text.clock_configure
                0x1000048c      0x108 CMakeFiles/cansat-code.dir/home/arca/pico/pico-sdk/src/rp2_common/hardware_clocks/clocks.c.obj
                0x1000048c                clock_configure
 .text.clocks_init
                0x10000594      0x100 CMakeFiles/cansat-code.dir/home/arca/pico/pico-sdk/src/rp2_common/hardware_clocks/clocks.c.obj
                0x10000594                clocks_init
 .text.clock_get_hz
                0x10000694        0xc CMakeFiles/cansat-code.dir/home/arca/pico/pico-sdk/src/rp2_common/hardware_clocks/clocks.c.obj
                0x10000694                clock_get_hz
 .text.gpio_set_function
                0x100006a0       0x30 CMakeFiles/cansat-code.dir/home/arca/pico/pico-sdk/src/rp2_common/hardware_gpio/gpio.c.obj
                0x100006a0                gpio_set_function
 .text.set_raw_irq_handler_and_unlock
                0x100006d0       0x28 CMakeFiles/cansat-code.dir/home/arca/pico/pico-sdk/src/rp2_common/hardware_irq/irq.c.obj
 .text.resolve_branch
                0x100006f8       0x30 CMakeFiles/cansat-code.dir/home/arca/pico/pico-sdk/src/rp2_common/hardware_irq/irq.c.obj
 .text.make_branch
                0x10000728       0x48 CMakeFiles/cansat-code.dir/home/arca/pico/pico-sdk/src/rp2_common/hardware_irq/irq.c.obj
 .text.insert_branch_and_link
                0x10000770       0x40 CMakeFiles/cansat-code.dir/home/arca/pico/pico-sdk/src/rp2_common/hardware_irq/irq.c.obj
 .text.irq_is_enabled
                0x100007b0       0x18 CMakeFiles/cansat-code.dir/home/arca/pico/pico-sdk/src/rp2_common/hardware_irq/irq.c.obj
                0x100007b0                irq_is_enabled
 .text.irq_set_mask_enabled
                0x100007c8       0x20 CMakeFiles/cansat-code.dir/home/arca/pico/pico-sdk/src/rp2_common/hardware_irq/irq.c.obj
                0x100007c8                irq_set_mask_enabled
 .text.irq_set_enabled
                0x100007e8        0xe CMakeFiles/cansat-code.dir/home/arca/pico/pico-sdk/src/rp2_common/hardware_irq/irq.c.obj
                0x100007e8                irq_set_enabled
 *fill*         0x100007f6        0x2 
 .text.irq_set_pending
                0x100007f8       0x10 CMakeFiles/cansat-code.dir/home/arca/pico/pico-sdk/src/rp2_common/hardware_irq/irq.c.obj
                0x100007f8                irq_set_pending
 .text.irq_get_vtable_handler
                0x10000808       0x10 CMakeFiles/cansat-code.dir/home/arca/pico/pico-sdk/src/rp2_common/hardware_irq/irq.c.obj
                0x10000808                irq_get_vtable_handler
 .text.irq_has_shared_handler
                0x10000818       0x24 CMakeFiles/cansat-code.dir/home/arca/pico/pico-sdk/src/rp2_common/hardware_irq/irq.c.obj
                0x10000818                irq_has_shared_handler
 .text.irq_set_exclusive_handler
                0x1000083c       0x54 CMakeFiles/cansat-code.dir/home/arca/pico/pico-sdk/src/rp2_common/hardware_irq/irq.c.obj
                0x1000083c                irq_set_exclusive_handler
 .text.irq_add_shared_handler
                0x10000890      0x210 CMakeFiles/cansat-code.dir/home/arca/pico/pico-sdk/src/rp2_common/hardware_irq/irq.c.obj
                0x10000890                irq_add_shared_handler
 .text.irq_remove_handler
                0x10000aa0      0x188 CMakeFiles/cansat-code.dir/home/arca/pico/pico-sdk/src/rp2_common/hardware_irq/irq.c.obj
                0x10000aa0                irq_remove_handler
 .text.irq_add_tail_to_free_list
                0x10000c28       0xf0 CMakeFiles/cansat-code.dir/home/arca/pico/pico-sdk/src/rp2_common/hardware_irq/irq.c.obj
                0x10000c28                irq_add_tail_to_free_list
 .text.irq_init_priorities
                0x10000d18       0x1c CMakeFiles/cansat-code.dir/home/arca/pico/pico-sdk/src/rp2_common/hardware_irq/irq.c.obj
                0x10000d18                irq_init_priorities
 .text.user_irq_claim_unused
                0x10000d34       0x2c CMakeFiles/cansat-code.dir/home/arca/pico/pico-sdk/src/rp2_common/hardware_irq/irq.c.obj
                0x10000d34                user_irq_claim_unused
 .text.lock_init
                0x10000d60       0x10 CMakeFiles/cansat-code.dir/home/arca/pico/pico-sdk/src/common/pico_sync/lock_core.c.obj
                0x10000d60                lock_init
 .text.update_us_since_boot
                0x10000d70       0x24 CMakeFiles/cansat-code.dir/home/arca/pico/pico-sdk/src/common/pico_sync/mutex.c.obj
 .text.delayed_by_ms
                0x10000d94       0x44 CMakeFiles/cansat-code.dir/home/arca/pico/pico-sdk/src/common/pico_sync/mutex.c.obj
 .text.get_absolute_time
                0x10000dd8       0x22 CMakeFiles/cansat-code.dir/home/arca/pico/pico-sdk/src/common/pico_sync/mutex.c.obj
 .text.make_timeout_time_ms
                0x10000dfa       0x20 CMakeFiles/cansat-code.dir/home/arca/pico/pico-sdk/src/common/pico_sync/mutex.c.obj
 .text.mutex_init
                0x10000e1a       0x1a CMakeFiles/cansat-code.dir/home/arca/pico/pico-sdk/src/common/pico_sync/mutex.c.obj
                0x10000e1a                mutex_init
 .text.recursive_mutex_init
                0x10000e34       0x1e CMakeFiles/cansat-code.dir/home/arca/pico/pico-sdk/src/common/pico_sync/mutex.c.obj
                0x10000e34                recursive_mutex_init
 *fill*         0x10000e52        0x2 
 .text.critical_section_init_with_lock_num
                0x10000e54       0x14 CMakeFiles/cansat-code.dir/home/arca/pico/pico-sdk/src/common/pico_sync/critical_section.c.obj
                0x10000e54                critical_section_init_with_lock_num
 .text.critical_section_init
                0x10000e68       0x14 CMakeFiles/cansat-code.dir/home/arca/pico/pico-sdk/src/common/pico_sync/critical_section.c.obj
                0x10000e68                critical_section_init
 .text.time_reached
                0x10000e7c       0x28 CMakeFiles/cansat-code.dir/home/arca/pico/pico-sdk/src/common/pico_time/time.c.obj
 .text.get_entry
                0x10000ea4       0x38 CMakeFiles/cansat-code.dir/home/arca/pico/pico-sdk/src/common/pico_time/time.c.obj
 .text.timer_pool_entry_comparator
                0x10000edc       0x2e CMakeFiles/cansat-code.dir/home/arca/pico/pico-sdk/src/common/pico_time/time.c.obj
                0x10000edc                timer_pool_entry_comparator
 *fill*         0x10000f0a        0x2 
 .text.update_us_since_boot
                0x10000f0c       0x24 CMakeFiles/cansat-code.dir/home/arca/pico/pico-sdk/src/common/pico_time/time.c.obj
 .text.delayed_by_us
                0x10000f30       0x34 CMakeFiles/cansat-code.dir/home/arca/pico/pico-sdk/src/common/pico_time/time.c.obj
 .text.ph_get_node
                0x10000f64       0x30 CMakeFiles/cansat-code.dir/home/arca/pico/pico-sdk/src/common/pico_time/time.c.obj
 .text.ph_contains_node
                0x10000f94       0x1e CMakeFiles/cansat-code.dir/home/arca/pico/pico-sdk/src/common/pico_time/time.c.obj
 .text.ph_new_node
                0x10000fb2       0x28 CMakeFiles/cansat-code.dir/home/arca/pico/pico-sdk/src/common/pico_time/time.c.obj
 *fill*         0x10000fda        0x2 
 .text.ph_add_child_node
                0x10000fdc       0x6c CMakeFiles/cansat-code.dir/home/arca/pico/pico-sdk/src/common/pico_time/time.c.obj
 .text.ph_merge_nodes
                0x10001048       0x3e CMakeFiles/cansat-code.dir/home/arca/pico/pico-sdk/src/common/pico_time/time.c.obj
 *fill*         0x10001086        0x2 
 .text.ph_insert_node
                0x10001088       0x3c CMakeFiles/cansat-code.dir/home/arca/pico/pico-sdk/src/common/pico_time/time.c.obj
 .text.ph_free_node
                0x100010c4       0x5c CMakeFiles/cansat-code.dir/home/arca/pico/pico-sdk/src/common/pico_time/time.c.obj
 .text.get_entry_id_high
                0x10001120       0x30 CMakeFiles/cansat-code.dir/home/arca/pico/pico-sdk/src/common/pico_time/time.c.obj
 .text.alarm_pool_post_alloc_init
                0x10001150       0x40 CMakeFiles/cansat-code.dir/home/arca/pico/pico-sdk/src/common/pico_time/time.c.obj
 .text.sleep_until_callback
                0x10001190       0x30 CMakeFiles/cansat-code.dir/home/arca/pico/pico-sdk/src/common/pico_time/time.c.obj
 .text.get_absolute_time
                0x100011c0       0x22 CMakeFiles/cansat-code.dir/home/arca/pico/pico-sdk/src/common/pico_time/time.c.obj
 *fill*         0x100011e2        0x2 
 .text.add_alarm_under_lock
                0x100011e4       0x94 CMakeFiles/cansat-code.dir/home/arca/pico/pico-sdk/src/common/pico_time/time.c.obj
 .text.alarm_pool_alarm_callback
                0x10001278      0x210 CMakeFiles/cansat-code.dir/home/arca/pico/pico-sdk/src/common/pico_time/time.c.obj
 .text.alarm_pool_init_default
                0x10001488       0x40 CMakeFiles/cansat-code.dir/home/arca/pico/pico-sdk/src/common/pico_time/time.c.obj
                0x10001488                alarm_pool_init_default
 .text.alarm_pool_get_default
                0x100014c8       0x2c CMakeFiles/cansat-code.dir/home/arca/pico/pico-sdk/src/common/pico_time/time.c.obj
                0x100014c8                alarm_pool_get_default
 .text.alarm_pool_add_alarm_at
                0x100014f4      0x10e CMakeFiles/cansat-code.dir/home/arca/pico/pico-sdk/src/common/pico_time/time.c.obj
                0x100014f4                alarm_pool_add_alarm_at
 .text.add_alarm_at
                0x10001602       0x2e CMakeFiles/cansat-code.dir/home/arca/pico/pico-sdk/src/common/pico_time/time.c.obj
 .text.alarm_pool_cancel_alarm
                0x10001630       0xa8 CMakeFiles/cansat-code.dir/home/arca/pico/pico-sdk/src/common/pico_time/time.c.obj
                0x10001630                alarm_pool_cancel_alarm
 .text.cancel_alarm
                0x100016d8       0x10 CMakeFiles/cansat-code.dir/home/arca/pico/pico-sdk/src/common/pico_time/time.c.obj
 .text.alarm_pool_core_num
                0x100016e8        0x4 CMakeFiles/cansat-code.dir/home/arca/pico/pico-sdk/src/common/pico_time/time.c.obj
                0x100016e8                alarm_pool_core_num
 .text.best_effort_wfe_or_timeout
                0x100016ec       0x44 CMakeFiles/cansat-code.dir/home/arca/pico/pico-sdk/src/common/pico_time/time.c.obj
                0x100016ec                best_effort_wfe_or_timeout
 .text.update_us_since_boot
                0x10001730       0x24 CMakeFiles/cansat-code.dir/home/arca/pico/pico-sdk/src/rp2_common/hardware_timer/timer.c.obj
 .text.hardware_alarm_irq_handler
                0x10001754       0x8c CMakeFiles/cansat-code.dir/home/arca/pico/pico-sdk/src/rp2_common/hardware_timer/timer.c.obj
 .text.hardware_alarm_claim
                0x100017e0       0x18 CMakeFiles/cansat-code.dir/home/arca/pico/pico-sdk/src/rp2_common/hardware_timer/timer.c.obj
                0x100017e0                hardware_alarm_claim
 .text.time_us_64
                0x100017f8       0x18 CMakeFiles/cansat-code.dir/home/arca/pico/pico-sdk/src/rp2_common/hardware_timer/timer.c.obj
                0x100017f8                time_us_64
 .text.busy_wait_until
                0x10001810       0x28 CMakeFiles/cansat-code.dir/home/arca/pico/pico-sdk/src/rp2_common/hardware_timer/timer.c.obj
                0x10001810                busy_wait_until
 .text.busy_wait_us
                0x10001838       0x3a CMakeFiles/cansat-code.dir/home/arca/pico/pico-sdk/src/rp2_common/hardware_timer/timer.c.obj
                0x10001838                busy_wait_us
 *fill*         0x10001872        0x2 
 .text.hardware_alarm_set_callback
                0x10001874       0x90 CMakeFiles/cansat-code.dir/home/arca/pico/pico-sdk/src/rp2_common/hardware_timer/timer.c.obj
                0x10001874                hardware_alarm_set_callback
 .text.hardware_alarm_set_target
                0x10001904       0xe8 CMakeFiles/cansat-code.dir/home/arca/pico/pico-sdk/src/rp2_common/hardware_timer/timer.c.obj
                0x10001904                hardware_alarm_set_target
 .text.hardware_alarm_cancel
                0x100019ec       0x40 CMakeFiles/cansat-code.dir/home/arca/pico/pico-sdk/src/rp2_common/hardware_timer/timer.c.obj
                0x100019ec                hardware_alarm_cancel
 .text.ph_get_node
                0x10001a2c       0x30 CMakeFiles/cansat-code.dir/home/arca/pico/pico-sdk/src/common/pico_util/pheap.c.obj
 .text.ph_add_child_node
                0x10001a5c       0x6c CMakeFiles/cansat-code.dir/home/arca/pico/pico-sdk/src/common/pico_util/pheap.c.obj
 .text.ph_merge_nodes
                0x10001ac8       0x3e CMakeFiles/cansat-code.dir/home/arca/pico/pico-sdk/src/common/pico_util/pheap.c.obj
 .text.ph_clear
                0x10001b06       0x34 CMakeFiles/cansat-code.dir/home/arca/pico/pico-sdk/src/common/pico_util/pheap.c.obj
                0x10001b06                ph_clear
 .text.ph_post_alloc_init
                0x10001b3a        0xe CMakeFiles/cansat-code.dir/home/arca/pico/pico-sdk/src/common/pico_util/pheap.c.obj
                0x10001b3a                ph_post_alloc_init
 .text.ph_merge_two_pass
                0x10001b48       0x5c CMakeFiles/cansat-code.dir/home/arca/pico/pico-sdk/src/common/pico_util/pheap.c.obj
                0x10001b48                ph_merge_two_pass
 .text.ph_remove_any_head
                0x10001ba4       0xc0 CMakeFiles/cansat-code.dir/home/arca/pico/pico-sdk/src/common/pico_util/pheap.c.obj
 .text.ph_remove_head
                0x10001c64       0x14 CMakeFiles/cansat-code.dir/home/arca/pico/pico-sdk/src/common/pico_util/pheap.c.obj
                0x10001c64                ph_remove_head
 .text.ph_remove_and_free_node
                0x10001c78       0xa0 CMakeFiles/cansat-code.dir/home/arca/pico/pico-sdk/src/common/pico_util/pheap.c.obj
                0x10001c78                ph_remove_and_free_node
 .text.pll_init
                0x10001d18      0x120 CMakeFiles/cansat-code.dir/home/arca/pico/pico-sdk/src/rp2_common/hardware_pll/pll.c.obj
                0x10001d18                pll_init
 .text.watchdog_start_tick
                0x10001e38       0x10 CMakeFiles/cansat-code.dir/home/arca/pico/pico-sdk/src/rp2_common/hardware_watchdog/watchdog.c.obj
                0x10001e38                watchdog_start_tick
 .text.watchdog_update
                0x10001e48       0x14 CMakeFiles/cansat-code.dir/home/arca/pico/pico-sdk/src/rp2_common/hardware_watchdog/watchdog.c.obj
                0x10001e48                watchdog_update
 .text._watchdog_enable
                0x10001e5c       0x78 CMakeFiles/cansat-code.dir/home/arca/pico/pico-sdk/src/rp2_common/hardware_watchdog/watchdog.c.obj
                0x10001e5c                _watchdog_enable
 .text.watchdog_reboot
                0x10001ed4       0x48 CMakeFiles/cansat-code.dir/home/arca/pico/pico-sdk/src/rp2_common/hardware_watchdog/watchdog.c.obj
                0x10001ed4                watchdog_reboot
 .text.xosc_init
                0x10001f1c       0x28 CMakeFiles/cansat-code.dir/home/arca/pico/pico-sdk/src/rp2_common/hardware_xosc/xosc.c.obj
                0x10001f1c                xosc_init
 .text.uart_disable_before_lcr_write
                0x10001f44       0x48 CMakeFiles/cansat-code.dir/home/arca/pico/pico-sdk/src/rp2_common/hardware_uart/uart.c.obj
 .text.uart_write_lcr_bits_masked
                0x10001f8c       0x22 CMakeFiles/cansat-code.dir/home/arca/pico/pico-sdk/src/rp2_common/hardware_uart/uart.c.obj
 *fill*         0x10001fae        0x2 
 .text.uart_set_baudrate
                0x10001fb0       0x5c CMakeFiles/cansat-code.dir/home/arca/pico/pico-sdk/src/rp2_common/hardware_uart/uart.c.obj
                0x10001fb0                uart_set_baudrate
 .text.uart_set_format
                0x1000200c       0x2c CMakeFiles/cansat-code.dir/home/arca/pico/pico-sdk/src/rp2_common/hardware_uart/uart.c.obj
                0x1000200c                uart_set_format
 .text.uart_set_translate_crlf
                0x10002038       0x28 CMakeFiles/cansat-code.dir/home/arca/pico/pico-sdk/src/rp2_common/hardware_uart/uart.c.obj
                0x10002038                uart_set_translate_crlf
 .text.uart_init
                0x10002060       0x80 CMakeFiles/cansat-code.dir/home/arca/pico/pico-sdk/src/rp2_common/hardware_uart/uart.c.obj
                0x10002060                uart_init
 .text._exit    0x100020e0        0x4 CMakeFiles/cansat-code.dir/home/arca/pico/pico-sdk/src/rp2_common/pico_runtime/runtime.c.obj
                0x100020e0                _exit
 .text.exit     0x100020e4        0x6 CMakeFiles/cansat-code.dir/home/arca/pico/pico-sdk/src/rp2_common/pico_runtime/runtime.c.obj
                0x100020e4                exit
 *fill*         0x100020ea        0x2 
 .text.__assert_func
                0x100020ec       0x38 CMakeFiles/cansat-code.dir/home/arca/pico/pico-sdk/src/rp2_common/pico_runtime/runtime.c.obj
                0x100020ec                __assert_func
 .text.runtime_init
                0x10002124       0xf8 CMakeFiles/cansat-code.dir/home/arca/pico/pico-sdk/src/rp2_common/pico_runtime/runtime.c.obj
                0x10002124                runtime_init
 .text.panic    0x1000221c       0x30 CMakeFiles/cansat-code.dir/home/arca/pico/pico-sdk/src/rp2_common/pico_runtime/runtime.c.obj
                0x1000221c                panic
 .text._out_null
                0x1000224c        0x2 CMakeFiles/cansat-code.dir/home/arca/pico/pico-sdk/src/rp2_common/pico_printf/printf.c.obj
 .text._out_fct
                0x1000224e        0xe CMakeFiles/cansat-code.dir/home/arca/pico/pico-sdk/src/rp2_common/pico_printf/printf.c.obj
 .text._atoi    0x1000225c       0x24 CMakeFiles/cansat-code.dir/home/arca/pico/pico-sdk/src/rp2_common/pico_printf/printf.c.obj
 .text._out_rev
                0x10002280       0xae CMakeFiles/cansat-code.dir/home/arca/pico/pico-sdk/src/rp2_common/pico_printf/printf.c.obj
 .text._ntoa_format
                0x1000232e      0x110 CMakeFiles/cansat-code.dir/home/arca/pico/pico-sdk/src/rp2_common/pico_printf/printf.c.obj
 .text._ntoa_long
                0x1000243e       0xbc CMakeFiles/cansat-code.dir/home/arca/pico/pico-sdk/src/rp2_common/pico_printf/printf.c.obj
 .text._ntoa_long_long
                0x100024fa      0x10e CMakeFiles/cansat-code.dir/home/arca/pico/pico-sdk/src/rp2_common/pico_printf/printf.c.obj
 .text._etoa    0x10002608      0x420 CMakeFiles/cansat-code.dir/home/arca/pico/pico-sdk/src/rp2_common/pico_printf/printf.c.obj
 .text._ftoa    0x10002a28      0x354 CMakeFiles/cansat-code.dir/home/arca/pico/pico-sdk/src/rp2_common/pico_printf/printf.c.obj
 .text._vsnprintf
                0x10002d7c      0x668 CMakeFiles/cansat-code.dir/home/arca/pico/pico-sdk/src/rp2_common/pico_printf/printf.c.obj
 .text.vfctprintf
                0x100033e4       0x20 CMakeFiles/cansat-code.dir/home/arca/pico/pico-sdk/src/rp2_common/pico_printf/printf.c.obj
                0x100033e4                vfctprintf
 .text          0x10003404       0x10 CMakeFiles/cansat-code.dir/home/arca/pico/pico-sdk/src/rp2_common/pico_bit_ops/bit_ops_aeabi.S.obj
 .text.rom_func_lookup
                0x10003414       0x10 CMakeFiles/cansat-code.dir/home/arca/pico/pico-sdk/src/rp2_common/pico_bootrom/bootrom.c.obj
                0x10003414                rom_func_lookup
 .text.rom_data_lookup
                0x10003424       0x10 CMakeFiles/cansat-code.dir/home/arca/pico/pico-sdk/src/rp2_common/pico_bootrom/bootrom.c.obj
                0x10003424                rom_data_lookup
 .text.rom_funcs_lookup
                0x10003434       0x36 CMakeFiles/cansat-code.dir/home/arca/pico/pico-sdk/src/rp2_common/pico_bootrom/bootrom.c.obj
                0x10003434                rom_funcs_lookup
 *fill*         0x1000346a        0x2 
 .text.__wrap___aeabi_idiv
                0x1000346c       0x50 CMakeFiles/cansat-code.dir/home/arca/pico/pico-sdk/src/rp2_common/pico_divider/divider.S.obj
                0x1000346c                __wrap___aeabi_idivmod
                0x1000346c                divmod_s32s32
                0x1000346c                div_s32s32
                0x1000346c                __wrap___aeabi_idiv
                0x10003474                divmod_s32s32_unsafe
                0x100034a0                divmod_s32s32_savestate
 .text.__wrap___aeabi_uidiv
                0x100034bc       0x4c CMakeFiles/cansat-code.dir/home/arca/pico/pico-sdk/src/rp2_common/pico_divider/divider.S.obj
                0x100034bc                __wrap___aeabi_uidiv
                0x100034bc                __wrap___aeabi_uidivmod
                0x100034bc                div_u32u32
                0x100034bc                divmod_u32u32
                0x100034c4                divmod_u32u32_unsafe
                0x100034ec                divmod_u32u32_savestate
 .text.__wrap___aeabi_ldiv
                0x10003508      0x424 CMakeFiles/cansat-code.dir/home/arca/pico/pico-sdk/src/rp2_common/pico_divider/divider.S.obj
                0x10003508                div_s64s64
                0x10003508                divmod_s64s64
                0x10003508                __wrap___aeabi_ldivmod
                0x10003538                div_u64u64
                0x10003538                divmod_u64u64
                0x10003538                __wrap___aeabi_uldivmod
                0x10003548                divmod_u64u64_savestate
                0x10003568                divmod_s64s64_unsafe
                0x100035f0                divmod_u64u64_unsafe
 .text.__wrap___aeabi_darithmetic
                0x1000392c       0x80 CMakeFiles/cansat-code.dir/home/arca/pico/pico-sdk/src/rp2_common/pico_double/double_aeabi.S.obj
                0x1000392c                __wrap___aeabi_drsub
                0x10003932                __wrap___aeabi_dsub
                0x10003944                __wrap___aeabi_dadd
                0x10003956                __wrap___aeabi_ddiv
                0x10003992                __wrap___aeabi_dmul
 .text.__wrap___aeabi_cdcmple
                0x100039ac       0x6c CMakeFiles/cansat-code.dir/home/arca/pico/pico-sdk/src/rp2_common/pico_double/double_aeabi.S.obj
                0x100039ac                __wrap___aeabi_cdrcmple
                0x100039bc                __wrap___aeabi_cdcmple
                0x100039bc                __wrap___aeabi_cdcmpeq
 .text.__wrap___aeabi_dcmplt
                0x10003a18        0xc CMakeFiles/cansat-code.dir/home/arca/pico/pico-sdk/src/rp2_common/pico_double/double_aeabi.S.obj
                0x10003a18                __wrap___aeabi_dcmplt
 .text.__wrap___aeabi_dcmple
                0x10003a24       0x10 CMakeFiles/cansat-code.dir/home/arca/pico/pico-sdk/src/rp2_common/pico_double/double_aeabi.S.obj
                0x10003a24                __wrap___aeabi_dcmple
 .text.__wrap___aeabi_dcmpge
                0x10003a34       0x10 CMakeFiles/cansat-code.dir/home/arca/pico/pico-sdk/src/rp2_common/pico_double/double_aeabi.S.obj
                0x10003a34                __wrap___aeabi_dcmpge
 .text.__wrap___aeabi_dcmpgt
                0x10003a44        0xa CMakeFiles/cansat-code.dir/home/arca/pico/pico-sdk/src/rp2_common/pico_double/double_aeabi.S.obj
                0x10003a44                __wrap___aeabi_dcmpgt
 .text.__wrap___aeabi_dcmpun
                0x10003a4e       0x1c CMakeFiles/cansat-code.dir/home/arca/pico/pico-sdk/src/rp2_common/pico_double/double_aeabi.S.obj
                0x10003a4e                __wrap___aeabi_dcmpun
 *fill*         0x10003a6a        0x2 
 .text.__wrap___aeabi_i2d
                0x10003a6c       0x38 CMakeFiles/cansat-code.dir/home/arca/pico/pico-sdk/src/rp2_common/pico_double/double_aeabi.S.obj
                0x10003a6c                __wrap___aeabi_ui2d
                0x10003a74                __wrap___aeabi_i2d
 .text.__wrap___aeabi_d2iz
                0x10003aa4       0x48 CMakeFiles/cansat-code.dir/home/arca/pico/pico-sdk/src/rp2_common/pico_double/double_aeabi.S.obj
                0x10003aa4                __wrap___aeabi_d2iz
                0x10003aa4                double2int_z
 .text.__wrap___aeabi_d2uiz
                0x10003aec       0x18 CMakeFiles/cansat-code.dir/home/arca/pico/pico-sdk/src/rp2_common/pico_double/double_aeabi.S.obj
                0x10003aec                double2uint
                0x10003aec                __wrap___aeabi_d2uiz
 .text.__aeabi_double_init
                0x10003b04       0xcc CMakeFiles/cansat-code.dir/home/arca/pico/pico-sdk/src/rp2_common/pico_double/double_init_rom.c.obj
                0x10003b04                __aeabi_double_init
 .text.double_table_shim_on_use_helper
                0x10003bd0       0x34 CMakeFiles/cansat-code.dir/home/arca/pico/pico-sdk/src/rp2_common/pico_double/double_v1_rom_shim.S.obj
                0x10003bd0                double_table_shim_on_use_helper
 .text.__wrap___aeabi_dsub
                0x10003c04       0x10 CMakeFiles/cansat-code.dir/home/arca/pico/pico-sdk/src/rp2_common/pico_double/double_v1_rom_shim.S.obj
                0x10003c04                drsub_shim
                0x10003c0a                dsub_shim
 .text.dadd_shim
                0x10003c14      0x15c CMakeFiles/cansat-code.dir/home/arca/pico/pico-sdk/src/rp2_common/pico_double/double_v1_rom_shim.S.obj
                0x10003c14                dadd_shim
 .text.dmul_shim
                0x10003d70      0x15c CMakeFiles/cansat-code.dir/home/arca/pico/pico-sdk/src/rp2_common/pico_double/double_v1_rom_shim.S.obj
                0x10003d70                dmul_shim
 .text.ddiv_shim
                0x10003ecc      0x1b0 CMakeFiles/cansat-code.dir/home/arca/pico/pico-sdk/src/rp2_common/pico_double/double_v1_rom_shim.S.obj
                0x10003ecc                ddiv_shim
 .text.double2uint_shim
                0x1000407c        0xe CMakeFiles/cansat-code.dir/home/arca/pico/pico-sdk/src/rp2_common/pico_double/double_v1_rom_shim.S.obj
                0x1000407c                double2uint_shim
                0x1000407e                double2ufix_shim
 *fill*         0x1000408a        0x2 
 .text.double2uint64_shim
                0x1000408c       0x70 CMakeFiles/cansat-code.dir/home/arca/pico/pico-sdk/src/rp2_common/pico_double/double_v1_rom_shim.S.obj
                0x1000408c                double2uint64_shim
                0x1000408e                double2ufix64_shim
                0x100040ae                d2fix_a
 .text.dunpacks
                0x100040fc       0x3c CMakeFiles/cansat-code.dir/home/arca/pico/pico-sdk/src/rp2_common/pico_double/double_v1_rom_shim.S.obj
                0x100040fc                dunpacks
 .text.__aeabi_lmul
                0x10004138       0x32 CMakeFiles/cansat-code.dir/home/arca/pico/pico-sdk/src/rp2_common/pico_int64_ops/pico_int64_ops_aeabi.S.obj
                0x10004138                __wrap___aeabi_lmul
 *fill*         0x1000416a        0x2 
 .text.__aeabi_float_init
                0x1000416c       0xfc CMakeFiles/cansat-code.dir/home/arca/pico/pico-sdk/src/rp2_common/pico_float/float_init_rom.c.obj
                0x1000416c                __aeabi_float_init
 .text.float_table_shim_on_use_helper
                0x10004268       0x34 CMakeFiles/cansat-code.dir/home/arca/pico/pico-sdk/src/rp2_common/pico_float/float_v1_rom_shim.S.obj
                0x10004268                float_table_shim_on_use_helper
 .text          0x1000429c       0x10 CMakeFiles/cansat-code.dir/home/arca/pico/pico-sdk/src/rp2_common/pico_mem_ops/mem_ops_aeabi.S.obj
                0x1000429c                __aeabi_mem_init
 .text.memset   0x100042ac        0xc CMakeFiles/cansat-code.dir/home/arca/pico/pico-sdk/src/rp2_common/pico_mem_ops/mem_ops_aeabi.S.obj
                0x100042ac                __wrap_memset
 .text.memcpy   0x100042b8        0xc CMakeFiles/cansat-code.dir/home/arca/pico/pico-sdk/src/rp2_common/pico_mem_ops/mem_ops_aeabi.S.obj
                0x100042b8                __wrap___aeabi_memcpy
                0x100042b8                __wrap_memcpy
 .text.stdio_out_chars_no_crlf
                0x100042c4        0xe CMakeFiles/cansat-code.dir/home/arca/pico/pico-sdk/src/rp2_common/pico_stdio/stdio.c.obj
 *fill*         0x100042d2        0x2 
 .text.stdio_out_chars_crlf
                0x100042d4       0x80 CMakeFiles/cansat-code.dir/home/arca/pico/pico-sdk/src/rp2_common/pico_stdio/stdio.c.obj
 .text.stdio_stack_buffer_flush
                0x10004354       0x44 CMakeFiles/cansat-code.dir/home/arca/pico/pico-sdk/src/rp2_common/pico_stdio/stdio.c.obj
 .text.stdio_buffered_printer
                0x10004398       0x20 CMakeFiles/cansat-code.dir/home/arca/pico/pico-sdk/src/rp2_common/pico_stdio/stdio.c.obj
 .text.update_us_since_boot
                0x100043b8       0x24 CMakeFiles/cansat-code.dir/home/arca/pico/pico-sdk/src/rp2_common/pico_stdio/stdio.c.obj
 .text.get_absolute_time
                0x100043dc       0x22 CMakeFiles/cansat-code.dir/home/arca/pico/pico-sdk/src/rp2_common/pico_stdio/stdio.c.obj
 *fill*         0x100043fe        0x2 
 .text.delayed_by_ms
                0x10004400       0x44 CMakeFiles/cansat-code.dir/home/arca/pico/pico-sdk/src/rp2_common/pico_stdio/stdio.c.obj
 .text.make_timeout_time_ms
                0x10004444       0x20 CMakeFiles/cansat-code.dir/home/arca/pico/pico-sdk/src/rp2_common/pico_stdio/stdio.c.obj
 .text.stdout_serialize_begin
                0x10004464       0x20 CMakeFiles/cansat-code.dir/home/arca/pico/pico-sdk/src/rp2_common/pico_stdio/stdio.c.obj
                0x10004464                stdout_serialize_begin
 .text.stdout_serialize_end
                0x10004484       0x10 CMakeFiles/cansat-code.dir/home/arca/pico/pico-sdk/src/rp2_common/pico_stdio/stdio.c.obj
                0x10004484                stdout_serialize_end
 .text.stdio_put_string
                0x10004494       0x98 CMakeFiles/cansat-code.dir/home/arca/pico/pico-sdk/src/rp2_common/pico_stdio/stdio.c.obj
 .text.stdio_set_driver_enabled
                0x1000452c       0x2c CMakeFiles/cansat-code.dir/home/arca/pico/pico-sdk/src/rp2_common/pico_stdio/stdio.c.obj
                0x1000452c                stdio_set_driver_enabled
 .text.stdio_flush
                0x10004558       0x20 CMakeFiles/cansat-code.dir/home/arca/pico/pico-sdk/src/rp2_common/pico_stdio/stdio.c.obj
                0x10004558                stdio_flush
 .text.__wrap_puts
                0x10004578       0x1e CMakeFiles/cansat-code.dir/home/arca/pico/pico-sdk/src/rp2_common/pico_stdio/stdio.c.obj
                0x10004578                __wrap_puts
 *fill*         0x10004596        0x2 
 .text.__wrap_vprintf
                0x10004598       0x40 CMakeFiles/cansat-code.dir/home/arca/pico/pico-sdk/src/rp2_common/pico_stdio/stdio.c.obj
                0x10004598                __wrap_vprintf
 .text.__wrap_printf
                0x100045d8       0x18 CMakeFiles/cansat-code.dir/home/arca/pico/pico-sdk/src/rp2_common/pico_stdio/stdio.c.obj
                0x100045d8                __wrap_printf
 .text.stdio_init_all
                0x100045f0        0xe CMakeFiles/cansat-code.dir/home/arca/pico/pico-sdk/src/rp2_common/pico_stdio/stdio.c.obj
                0x100045f0                stdio_init_all
 *fill*         0x100045fe        0x2 
 .text.uart_putc
                0x10004600       0x60 CMakeFiles/cansat-code.dir/home/arca/pico/pico-sdk/src/rp2_common/pico_stdio_uart/stdio_uart.c.obj
 .text.uart_getc
                0x10004660       0x24 CMakeFiles/cansat-code.dir/home/arca/pico/pico-sdk/src/rp2_common/pico_stdio_uart/stdio_uart.c.obj
 .text.stdio_uart_out_chars
                0x10004684       0x20 CMakeFiles/cansat-code.dir/home/arca/pico/pico-sdk/src/rp2_common/pico_stdio_uart/stdio_uart.c.obj
 .text.stdio_uart_in_chars
                0x100046a4       0x5c CMakeFiles/cansat-code.dir/home/arca/pico/pico-sdk/src/rp2_common/pico_stdio_uart/stdio_uart.c.obj
                0x100046a4                stdio_uart_in_chars
 .text.on_uart_rx
                0x10004700       0x28 CMakeFiles/cansat-code.dir/home/arca/pico/pico-sdk/src/rp2_common/pico_stdio_uart/stdio_uart.c.obj
 .text.stdio_uart_set_chars_available_callback
                0x10004728       0x8c CMakeFiles/cansat-code.dir/home/arca/pico/pico-sdk/src/rp2_common/pico_stdio_uart/stdio_uart.c.obj
 .text.stdio_uart_init_full
                0x100047b4       0x44 CMakeFiles/cansat-code.dir/home/arca/pico/pico-sdk/src/rp2_common/pico_stdio_uart/stdio_uart.c.obj
                0x100047b4                stdio_uart_init_full
 .text.stdio_uart_init
                0x100047f8       0x28 CMakeFiles/cansat-code.dir/home/arca/pico/pico-sdk/src/rp2_common/pico_stdio_uart/stdio_uart.c.obj
                0x100047f8                stdio_uart_init
 .text.resetd_init
                0x10004820        0x2 CMakeFiles/cansat-code.dir/home/arca/pico/pico-sdk/src/rp2_common/pico_stdio_usb/reset_interface.c.obj
 *fill*         0x10004822        0x2 
 .text.resetd_reset
                0x10004824        0xc CMakeFiles/cansat-code.dir/home/arca/pico/pico-sdk/src/rp2_common/pico_stdio_usb/reset_interface.c.obj
 .text.resetd_open
                0x10004830       0x34 CMakeFiles/cansat-code.dir/home/arca/pico/pico-sdk/src/rp2_common/pico_stdio_usb/reset_interface.c.obj
 .text.resetd_xfer_cb
                0x10004864        0x4 CMakeFiles/cansat-code.dir/home/arca/pico/pico-sdk/src/rp2_common/pico_stdio_usb/reset_interface.c.obj
 .text.reset_usb_boot
                0x10004868       0x18 CMakeFiles/cansat-code.dir/home/arca/pico/pico-sdk/src/rp2_common/pico_stdio_usb/reset_interface.c.obj
 .text.resetd_control_xfer_cb
                0x10004880       0x5c CMakeFiles/cansat-code.dir/home/arca/pico/pico-sdk/src/rp2_common/pico_stdio_usb/reset_interface.c.obj
 .text.usbd_app_driver_get_cb
                0x100048dc        0xc CMakeFiles/cansat-code.dir/home/arca/pico/pico-sdk/src/rp2_common/pico_stdio_usb/reset_interface.c.obj
                0x100048dc                usbd_app_driver_get_cb
 .text.tud_cdc_line_coding_cb
                0x100048e8       0x28 CMakeFiles/cansat-code.dir/home/arca/pico/pico-sdk/src/rp2_common/pico_stdio_usb/reset_interface.c.obj
                0x100048e8                tud_cdc_line_coding_cb
 .text.stdio_usb_set_chars_available_callback
                0x10004910       0x14 CMakeFiles/cansat-code.dir/home/arca/pico/pico-sdk/src/rp2_common/pico_stdio_usb/stdio_usb.c.obj
                0x10004910                stdio_usb_set_chars_available_callback
 .text.update_us_since_boot
                0x10004924       0x24 CMakeFiles/cansat-code.dir/home/arca/pico/pico-sdk/src/rp2_common/pico_stdio_usb/stdio_usb.c.obj
 .text.get_absolute_time
                0x10004948       0x22 CMakeFiles/cansat-code.dir/home/arca/pico/pico-sdk/src/rp2_common/pico_stdio_usb/stdio_usb.c.obj
 *fill*         0x1000496a        0x2 
 .text.delayed_by_ms
                0x1000496c       0x44 CMakeFiles/cansat-code.dir/home/arca/pico/pico-sdk/src/rp2_common/pico_stdio_usb/stdio_usb.c.obj
 .text.make_timeout_time_ms
                0x100049b0       0x20 CMakeFiles/cansat-code.dir/home/arca/pico/pico-sdk/src/rp2_common/pico_stdio_usb/stdio_usb.c.obj
 .text.delayed_by_us
                0x100049d0       0x34 CMakeFiles/cansat-code.dir/home/arca/pico/pico-sdk/src/rp2_common/pico_stdio_usb/stdio_usb.c.obj
 .text.usb_irq  0x10004a04       0x10 CMakeFiles/cansat-code.dir/home/arca/pico/pico-sdk/src/rp2_common/pico_stdio_usb/stdio_usb.c.obj
 .text.critical_section_enter_blocking
                0x10004a14       0x16 CMakeFiles/cansat-code.dir/home/arca/pico/pico-sdk/src/rp2_common/pico_stdio_usb/stdio_usb.c.obj
 *fill*         0x10004a2a        0x2 
 .text.timer_task
                0x10004a2c       0x4c CMakeFiles/cansat-code.dir/home/arca/pico/pico-sdk/src/rp2_common/pico_stdio_usb/stdio_usb.c.obj
 .text.alarm_pool_add_alarm_in_us
                0x10004a78       0x3a CMakeFiles/cansat-code.dir/home/arca/pico/pico-sdk/src/rp2_common/pico_stdio_usb/stdio_usb.c.obj
 .text.add_alarm_in_us
                0x10004ab2       0x2e CMakeFiles/cansat-code.dir/home/arca/pico/pico-sdk/src/rp2_common/pico_stdio_usb/stdio_usb.c.obj
 .text.low_priority_worker_irq
                0x10004ae0       0x7c CMakeFiles/cansat-code.dir/home/arca/pico/pico-sdk/src/rp2_common/pico_stdio_usb/stdio_usb.c.obj
 .text.tud_cdc_rx_cb
                0x10004b5c       0x20 CMakeFiles/cansat-code.dir/home/arca/pico/pico-sdk/src/rp2_common/pico_stdio_usb/stdio_usb.c.obj
                0x10004b5c                tud_cdc_rx_cb
 .text.stdio_usb_init
                0x10004b7c       0xd0 CMakeFiles/cansat-code.dir/home/arca/pico/pico-sdk/src/rp2_common/pico_stdio_usb/stdio_usb.c.obj
                0x10004b7c                stdio_usb_init
 .text.stdio_usb_connected
                0x10004c4c        0xa CMakeFiles/cansat-code.dir/home/arca/pico/pico-sdk/src/rp2_common/pico_stdio_usb/stdio_usb.c.obj
                0x10004c4c                stdio_usb_connected
 *fill*         0x10004c56        0x2 
 .text.stdio_usb_in_chars
                0x10004c58       0x88 CMakeFiles/cansat-code.dir/home/arca/pico/pico-sdk/src/rp2_common/pico_stdio_usb/stdio_usb.c.obj
                0x10004c58                stdio_usb_in_chars
 .text.stdio_usb_out_chars
                0x10004ce0       0xd8 CMakeFiles/cansat-code.dir/home/arca/pico/pico-sdk/src/rp2_common/pico_stdio_usb/stdio_usb.c.obj
 .text.tud_descriptor_device_cb
                0x10004db8        0x8 CMakeFiles/cansat-code.dir/home/arca/pico/pico-sdk/src/rp2_common/pico_stdio_usb/stdio_usb_descriptors.c.obj
                0x10004db8                tud_descriptor_device_cb
 .text.tud_descriptor_configuration_cb
                0x10004dc0        0x8 CMakeFiles/cansat-code.dir/home/arca/pico/pico-sdk/src/rp2_common/pico_stdio_usb/stdio_usb_descriptors.c.obj
                0x10004dc0                tud_descriptor_configuration_cb
 .text.tud_descriptor_string_cb
                0x10004dc8       0x6c CMakeFiles/cansat-code.dir/home/arca/pico/pico-sdk/src/rp2_common/pico_stdio_usb/stdio_usb_descriptors.c.obj
                0x10004dc8                tud_descriptor_string_cb
 .text._retrieve_unique_id_on_boot
                0x10004e34       0x10 CMakeFiles/cansat-code.dir/home/arca/pico/pico-sdk/src/rp2_common/pico_unique_id/unique_id.c.obj
 .text.pico_get_unique_board_id_string
                0x10004e44       0x5c CMakeFiles/cansat-code.dir/home/arca/pico/pico-sdk/src/rp2_common/pico_unique_id/unique_id.c.obj
                0x10004e44                pico_get_unique_board_id_string
 .text.flash_get_unique_id
                0x10004ea0       0x40 CMakeFiles/cansat-code.dir/home/arca/pico/pico-sdk/src/rp2_common/hardware_flash/flash.c.obj
                0x10004ea0                flash_get_unique_id
 .text.hw_endpoint_get_by_addr
                0x10004ee0       0x18 CMakeFiles/cansat-code.dir/home/arca/pico/pico-sdk/lib/tinyusb/src/portable/raspberrypi/rp2040/dcd_rp2040.c.obj
 .text._hw_endpoint_alloc
                0x10004ef8       0x70 CMakeFiles/cansat-code.dir/home/arca/pico/pico-sdk/lib/tinyusb/src/portable/raspberrypi/rp2040/dcd_rp2040.c.obj
 .text.hw_endpoint_init
                0x10004f68       0x88 CMakeFiles/cansat-code.dir/home/arca/pico/pico-sdk/lib/tinyusb/src/portable/raspberrypi/rp2040/dcd_rp2040.c.obj
 .text.dcd_event_sof
                0x10004ff0       0x2c CMakeFiles/cansat-code.dir/home/arca/pico/pico-sdk/lib/tinyusb/src/portable/raspberrypi/rp2040/dcd_rp2040.c.obj
 .text.hw_endpoint_xfer
                0x1000501c       0x14 CMakeFiles/cansat-code.dir/home/arca/pico/pico-sdk/lib/tinyusb/src/portable/raspberrypi/rp2040/dcd_rp2040.c.obj
 .text.dcd_int_enable
                0x10005030       0x2c CMakeFiles/cansat-code.dir/home/arca/pico/pico-sdk/lib/tinyusb/src/portable/raspberrypi/rp2040/dcd_rp2040.c.obj
                0x10005030                dcd_int_enable
 .text.dcd_set_address
                0x1000505c       0x2c CMakeFiles/cansat-code.dir/home/arca/pico/pico-sdk/lib/tinyusb/src/portable/raspberrypi/rp2040/dcd_rp2040.c.obj
                0x1000505c                dcd_set_address
 .text.dcd_connect
                0x10005088       0x10 CMakeFiles/cansat-code.dir/home/arca/pico/pico-sdk/lib/tinyusb/src/portable/raspberrypi/rp2040/dcd_rp2040.c.obj
                0x10005088                dcd_connect
 .text.dcd_init
                0x10005098       0x80 CMakeFiles/cansat-code.dir/home/arca/pico/pico-sdk/lib/tinyusb/src/portable/raspberrypi/rp2040/dcd_rp2040.c.obj
                0x10005098                dcd_init
 .text.dcd_edpt0_status_complete
                0x10005118       0x1c CMakeFiles/cansat-code.dir/home/arca/pico/pico-sdk/lib/tinyusb/src/portable/raspberrypi/rp2040/dcd_rp2040.c.obj
                0x10005118                dcd_edpt0_status_complete
 .text.dcd_edpt_open
                0x10005134       0x40 CMakeFiles/cansat-code.dir/home/arca/pico/pico-sdk/lib/tinyusb/src/portable/raspberrypi/rp2040/dcd_rp2040.c.obj
                0x10005134                dcd_edpt_open
 .text.dcd_edpt_close_all
                0x10005174        0x8 CMakeFiles/cansat-code.dir/home/arca/pico/pico-sdk/lib/tinyusb/src/portable/raspberrypi/rp2040/dcd_rp2040.c.obj
                0x10005174                dcd_edpt_close_all
 .text.dcd_edpt_xfer
                0x1000517c       0x34 CMakeFiles/cansat-code.dir/home/arca/pico/pico-sdk/lib/tinyusb/src/portable/raspberrypi/rp2040/dcd_rp2040.c.obj
                0x1000517c                dcd_edpt_xfer
 .text.dcd_edpt_stall
                0x100051b0       0x2c CMakeFiles/cansat-code.dir/home/arca/pico/pico-sdk/lib/tinyusb/src/portable/raspberrypi/rp2040/dcd_rp2040.c.obj
                0x100051b0                dcd_edpt_stall
 .text.dcd_edpt_clear_stall
                0x100051dc       0x20 CMakeFiles/cansat-code.dir/home/arca/pico/pico-sdk/lib/tinyusb/src/portable/raspberrypi/rp2040/dcd_rp2040.c.obj
                0x100051dc                dcd_edpt_clear_stall
 .text.rp2040_usb_init
                0x100051fc       0x4c CMakeFiles/cansat-code.dir/home/arca/pico/pico-sdk/lib/tinyusb/src/portable/raspberrypi/rp2040/rp2040_usb.c.obj
                0x100051fc                rp2040_usb_init
 .text.hw_endpoint_xfer_start
                0x10005248       0x50 CMakeFiles/cansat-code.dir/home/arca/pico/pico-sdk/lib/tinyusb/src/portable/raspberrypi/rp2040/rp2040_usb.c.obj
                0x10005248                hw_endpoint_xfer_start
 .text.configuration_reset
                0x10005298       0x84 CMakeFiles/cansat-code.dir/home/arca/pico/pico-sdk/lib/tinyusb/src/device/usbd.c.obj
 .text.critical_section_enter_blocking
                0x1000531c       0x16 CMakeFiles/cansat-code.dir/home/arca/pico/pico-sdk/lib/tinyusb/src/device/usbd.c.obj
 .text.usbd_reset
                0x10005332        0xc CMakeFiles/cansat-code.dir/home/arca/pico/pico-sdk/lib/tinyusb/src/device/usbd.c.obj
 .text.invoke_class_control
                0x1000533e       0x1a CMakeFiles/cansat-code.dir/home/arca/pico/pico-sdk/lib/tinyusb/src/device/usbd.c.obj
 .text.process_set_config
                0x10005358      0x178 CMakeFiles/cansat-code.dir/home/arca/pico/pico-sdk/lib/tinyusb/src/device/usbd.c.obj
 .text.process_get_descriptor
                0x100054d0       0xdc CMakeFiles/cansat-code.dir/home/arca/pico/pico-sdk/lib/tinyusb/src/device/usbd.c.obj
 .text.tud_mounted
                0x100055ac       0x10 CMakeFiles/cansat-code.dir/home/arca/pico/pico-sdk/lib/tinyusb/src/device/usbd.c.obj
                0x100055ac                tud_mounted
 .text.tud_suspended
                0x100055bc       0x10 CMakeFiles/cansat-code.dir/home/arca/pico/pico-sdk/lib/tinyusb/src/device/usbd.c.obj
                0x100055bc                tud_suspended
 .text.tud_inited
                0x100055cc       0x14 CMakeFiles/cansat-code.dir/home/arca/pico/pico-sdk/lib/tinyusb/src/device/usbd.c.obj
                0x100055cc                tud_inited
 .text.tud_init
                0x100055e0       0xcc CMakeFiles/cansat-code.dir/home/arca/pico/pico-sdk/lib/tinyusb/src/device/usbd.c.obj
                0x100055e0                tud_init
 .text.usbd_defer_func
                0x100056ac       0x2a CMakeFiles/cansat-code.dir/home/arca/pico/pico-sdk/lib/tinyusb/src/device/usbd.c.obj
                0x100056ac                usbd_defer_func
 *fill*         0x100056d6        0x2 
 .text.usbd_edpt_open
                0x100056d8       0x34 CMakeFiles/cansat-code.dir/home/arca/pico/pico-sdk/lib/tinyusb/src/device/usbd.c.obj
                0x100056d8                usbd_edpt_open
 .text.usbd_open_edpt_pair
                0x1000570c       0x62 CMakeFiles/cansat-code.dir/home/arca/pico/pico-sdk/lib/tinyusb/src/device/usbd.c.obj
                0x1000570c                usbd_open_edpt_pair
 *fill*         0x1000576e        0x2 
 .text.usbd_edpt_claim
                0x10005770       0x28 CMakeFiles/cansat-code.dir/home/arca/pico/pico-sdk/lib/tinyusb/src/device/usbd.c.obj
                0x10005770                usbd_edpt_claim
 .text.usbd_edpt_release
                0x10005798       0x28 CMakeFiles/cansat-code.dir/home/arca/pico/pico-sdk/lib/tinyusb/src/device/usbd.c.obj
                0x10005798                usbd_edpt_release
 .text.usbd_edpt_xfer
                0x100057c0       0x78 CMakeFiles/cansat-code.dir/home/arca/pico/pico-sdk/lib/tinyusb/src/device/usbd.c.obj
                0x100057c0                usbd_edpt_xfer
 .text.usbd_edpt_stall
                0x10005838       0x48 CMakeFiles/cansat-code.dir/home/arca/pico/pico-sdk/lib/tinyusb/src/device/usbd.c.obj
                0x10005838                usbd_edpt_stall
 .text.usbd_edpt_clear_stall
                0x10005880       0x48 CMakeFiles/cansat-code.dir/home/arca/pico/pico-sdk/lib/tinyusb/src/device/usbd.c.obj
                0x10005880                usbd_edpt_clear_stall
 .text.usbd_edpt_stalled
                0x100058c8       0x1c CMakeFiles/cansat-code.dir/home/arca/pico/pico-sdk/lib/tinyusb/src/device/usbd.c.obj
                0x100058c8                usbd_edpt_stalled
 .text.process_control_request
                0x100058e4      0x374 CMakeFiles/cansat-code.dir/home/arca/pico/pico-sdk/lib/tinyusb/src/device/usbd.c.obj
 .text.tud_task_ext
                0x10005c58      0x1a8 CMakeFiles/cansat-code.dir/home/arca/pico/pico-sdk/lib/tinyusb/src/device/usbd.c.obj
                0x10005c58                tud_task_ext
 .text._status_stage_xact
                0x10005e00       0x1a CMakeFiles/cansat-code.dir/home/arca/pico/pico-sdk/lib/tinyusb/src/device/usbd_control.c.obj
 *fill*         0x10005e1a        0x2 
 .text._data_stage_xact
                0x10005e1c       0x58 CMakeFiles/cansat-code.dir/home/arca/pico/pico-sdk/lib/tinyusb/src/device/usbd_control.c.obj
 .text.tud_control_status
                0x10005e74       0x28 CMakeFiles/cansat-code.dir/home/arca/pico/pico-sdk/lib/tinyusb/src/device/usbd_control.c.obj
                0x10005e74                tud_control_status
 .text.tud_control_xfer
                0x10005e9c       0x68 CMakeFiles/cansat-code.dir/home/arca/pico/pico-sdk/lib/tinyusb/src/device/usbd_control.c.obj
                0x10005e9c                tud_control_xfer
 .text.usbd_control_reset
                0x10005f04       0x14 CMakeFiles/cansat-code.dir/home/arca/pico/pico-sdk/lib/tinyusb/src/device/usbd_control.c.obj
                0x10005f04                usbd_control_reset
 .text.usbd_control_set_complete_callback
                0x10005f18        0xc CMakeFiles/cansat-code.dir/home/arca/pico/pico-sdk/lib/tinyusb/src/device/usbd_control.c.obj
                0x10005f18                usbd_control_set_complete_callback
 .text.usbd_control_set_request
                0x10005f24       0x1c CMakeFiles/cansat-code.dir/home/arca/pico/pico-sdk/lib/tinyusb/src/device/usbd_control.c.obj
                0x10005f24                usbd_control_set_request
 .text.usbd_control_xfer_cb
                0x10005f40       0xbc CMakeFiles/cansat-code.dir/home/arca/pico/pico-sdk/lib/tinyusb/src/device/usbd_control.c.obj
                0x10005f40                usbd_control_xfer_cb
 .text._prep_out_transaction
                0x10005ffc       0x4a CMakeFiles/cansat-code.dir/home/arca/pico/pico-sdk/lib/tinyusb/src/class/cdc/cdc_device.c.obj
 *fill*         0x10006046        0x2 
 .text.tud_cdc_n_connected
                0x10006048       0x38 CMakeFiles/cansat-code.dir/home/arca/pico/pico-sdk/lib/tinyusb/src/class/cdc/cdc_device.c.obj
                0x10006048                tud_cdc_n_connected
 .text.tud_cdc_n_available
                0x10006080       0x18 CMakeFiles/cansat-code.dir/home/arca/pico/pico-sdk/lib/tinyusb/src/class/cdc/cdc_device.c.obj
                0x10006080                tud_cdc_n_available
 .text.tud_cdc_n_read
                0x10006098       0x28 CMakeFiles/cansat-code.dir/home/arca/pico/pico-sdk/lib/tinyusb/src/class/cdc/cdc_device.c.obj
                0x10006098                tud_cdc_n_read
 .text.tud_cdc_n_write_flush
                0x100060c0       0xb8 CMakeFiles/cansat-code.dir/home/arca/pico/pico-sdk/lib/tinyusb/src/class/cdc/cdc_device.c.obj
                0x100060c0                tud_cdc_n_write_flush
 .text.tud_cdc_n_write
                0x10006178       0x38 CMakeFiles/cansat-code.dir/home/arca/pico/pico-sdk/lib/tinyusb/src/class/cdc/cdc_device.c.obj
                0x10006178                tud_cdc_n_write
 .text.tud_cdc_n_write_available
                0x100061b0       0x1c CMakeFiles/cansat-code.dir/home/arca/pico/pico-sdk/lib/tinyusb/src/class/cdc/cdc_device.c.obj
                0x100061b0                tud_cdc_n_write_available
 .text.cdcd_init
                0x100061cc       0xbc CMakeFiles/cansat-code.dir/home/arca/pico/pico-sdk/lib/tinyusb/src/class/cdc/cdc_device.c.obj
                0x100061cc                cdcd_init
 .text.cdcd_reset
                0x10006288       0x44 CMakeFiles/cansat-code.dir/home/arca/pico/pico-sdk/lib/tinyusb/src/class/cdc/cdc_device.c.obj
                0x10006288                cdcd_reset
 .text.cdcd_open
                0x100062cc       0xc4 CMakeFiles/cansat-code.dir/home/arca/pico/pico-sdk/lib/tinyusb/src/class/cdc/cdc_device.c.obj
                0x100062cc                cdcd_open
 .text.cdcd_control_xfer_cb
                0x10006390      0x134 CMakeFiles/cansat-code.dir/home/arca/pico/pico-sdk/lib/tinyusb/src/class/cdc/cdc_device.c.obj
                0x10006390                cdcd_control_xfer_cb
 .text.cdcd_xfer_cb
                0x100064c4      0x130 CMakeFiles/cansat-code.dir/home/arca/pico/pico-sdk/lib/tinyusb/src/class/cdc/cdc_device.c.obj
                0x100064c4                cdcd_xfer_cb
 .text.tusb_init
                0x100065f4        0xa CMakeFiles/cansat-code.dir/home/arca/pico/pico-sdk/lib/tinyusb/src/tusb.c.obj
                0x100065f4                tusb_init
 .text.tusb_inited
                0x100065fe        0xe CMakeFiles/cansat-code.dir/home/arca/pico/pico-sdk/lib/tinyusb/src/tusb.c.obj
                0x100065fe                tusb_inited
 .text.tu_edpt_claim
                0x1000660c       0x50 CMakeFiles/cansat-code.dir/home/arca/pico/pico-sdk/lib/tinyusb/src/tusb.c.obj
                0x1000660c                tu_edpt_claim
 .text.tu_edpt_release
                0x1000665c       0x38 CMakeFiles/cansat-code.dir/home/arca/pico/pico-sdk/lib/tinyusb/src/tusb.c.obj
                0x1000665c                tu_edpt_release
 .text.tu_edpt_validate
                0x10006694       0x78 CMakeFiles/cansat-code.dir/home/arca/pico/pico-sdk/lib/tinyusb/src/tusb.c.obj
                0x10006694                tu_edpt_validate
 .text.tu_edpt_bind_driver
                0x1000670c       0x26 CMakeFiles/cansat-code.dir/home/arca/pico/pico-sdk/lib/tinyusb/src/tusb.c.obj
                0x1000670c                tu_edpt_bind_driver
 .text.advance_index
                0x10006732       0x1a CMakeFiles/cansat-code.dir/home/arca/pico/pico-sdk/lib/tinyusb/src/common/tusb_fifo.c.obj
 .text._tu_fifo_peek
                0x1000674c       0x56 CMakeFiles/cansat-code.dir/home/arca/pico/pico-sdk/lib/tinyusb/src/common/tusb_fifo.c.obj
 .text._ff_pull_const_addr
                0x100067a2       0x4c CMakeFiles/cansat-code.dir/home/arca/pico/pico-sdk/lib/tinyusb/src/common/tusb_fifo.c.obj
 .text._ff_pull_n
                0x100067ee      0x110 CMakeFiles/cansat-code.dir/home/arca/pico/pico-sdk/lib/tinyusb/src/common/tusb_fifo.c.obj
 .text._tu_fifo_peek_n
                0x100068fe       0x6a CMakeFiles/cansat-code.dir/home/arca/pico/pico-sdk/lib/tinyusb/src/common/tusb_fifo.c.obj
 .text._tu_fifo_read_n
                0x10006968       0x4e CMakeFiles/cansat-code.dir/home/arca/pico/pico-sdk/lib/tinyusb/src/common/tusb_fifo.c.obj
 .text._ff_push_const_addr
                0x100069b6       0x40 CMakeFiles/cansat-code.dir/home/arca/pico/pico-sdk/lib/tinyusb/src/common/tusb_fifo.c.obj
 .text._ff_push_n
                0x100069f6      0x10c CMakeFiles/cansat-code.dir/home/arca/pico/pico-sdk/lib/tinyusb/src/common/tusb_fifo.c.obj
 .text._tu_fifo_write_n
                0x10006b02       0xf0 CMakeFiles/cansat-code.dir/home/arca/pico/pico-sdk/lib/tinyusb/src/common/tusb_fifo.c.obj
 .text.tu_fifo_config
                0x10006bf2       0x7c CMakeFiles/cansat-code.dir/home/arca/pico/pico-sdk/lib/tinyusb/src/common/tusb_fifo.c.obj
                0x10006bf2                tu_fifo_config
 .text.tu_fifo_count
                0x10006c6e       0x2a CMakeFiles/cansat-code.dir/home/arca/pico/pico-sdk/lib/tinyusb/src/common/tusb_fifo.c.obj
                0x10006c6e                tu_fifo_count
 .text.tu_fifo_empty
                0x10006c98        0xe CMakeFiles/cansat-code.dir/home/arca/pico/pico-sdk/lib/tinyusb/src/common/tusb_fifo.c.obj
                0x10006c98                tu_fifo_empty
 .text.tu_fifo_full
                0x10006ca6       0x28 CMakeFiles/cansat-code.dir/home/arca/pico/pico-sdk/lib/tinyusb/src/common/tusb_fifo.c.obj
                0x10006ca6                tu_fifo_full
 .text.tu_fifo_remaining
                0x10006cce       0x2c CMakeFiles/cansat-code.dir/home/arca/pico/pico-sdk/lib/tinyusb/src/common/tusb_fifo.c.obj
                0x10006cce                tu_fifo_remaining
 .text.tu_fifo_read
                0x10006cfa       0x42 CMakeFiles/cansat-code.dir/home/arca/pico/pico-sdk/lib/tinyusb/src/common/tusb_fifo.c.obj
                0x10006cfa                tu_fifo_read
 .text.tu_fifo_read_n
                0x10006d3c        0xa CMakeFiles/cansat-code.dir/home/arca/pico/pico-sdk/lib/tinyusb/src/common/tusb_fifo.c.obj
                0x10006d3c                tu_fifo_read_n
 .text.tu_fifo_write
                0x10006d46       0x64 CMakeFiles/cansat-code.dir/home/arca/pico/pico-sdk/lib/tinyusb/src/common/tusb_fifo.c.obj
                0x10006d46                tu_fifo_write
 .text.tu_fifo_write_n
                0x10006daa        0xa CMakeFiles/cansat-code.dir/home/arca/pico/pico-sdk/lib/tinyusb/src/common/tusb_fifo.c.obj
                0x10006daa                tu_fifo_write_n
 .text.tu_fifo_clear
                0x10006db4       0x3e CMakeFiles/cansat-code.dir/home/arca/pico/pico-sdk/lib/tinyusb/src/common/tusb_fifo.c.obj
                0x10006db4                tu_fifo_clear
 .text.tu_fifo_set_overwritable
                0x10006df2       0x46 CMakeFiles/cansat-code.dir/home/arca/pico/pico-sdk/lib/tinyusb/src/common/tusb_fifo.c.obj
                0x10006df2                tu_fifo_set_overwritable
 .text.atexit   0x10006e38       0x10 /usr/lib/gcc/arm-none-eabi/13.1.0/../../../../arm-none-eabi/lib/thumb/v6-m/nofp/libg.a(libc_a-atexit.o)
                0x10006e38                atexit
 .text.__libc_fini_array
                0x10006e48       0x28 /usr/lib/gcc/arm-none-eabi/13.1.0/../../../../arm-none-eabi/lib/thumb/v6-m/nofp/libg.a(libc_a-fini.o)
                0x10006e48                __libc_fini_array
 .text.__retarget_lock_acquire_recursive
                0x10006e70        0x4 /usr/lib/gcc/arm-none-eabi/13.1.0/../../../../arm-none-eabi/lib/thumb/v6-m/nofp/libg.a(libc_a-lock.o)
                0x10006e70                __retarget_lock_acquire_recursive
 .text.__retarget_lock_release_recursive
                0x10006e74        0x4 /usr/lib/gcc/arm-none-eabi/13.1.0/../../../../arm-none-eabi/lib/thumb/v6-m/nofp/libg.a(libc_a-lock.o)
                0x10006e74                __retarget_lock_release_recursive
 .text.strlen   0x10006e78       0x5c /usr/lib/gcc/arm-none-eabi/13.1.0/../../../../arm-none-eabi/lib/thumb/v6-m/nofp/libg.a(libc_a-strlen-stub.o)
                0x10006e78                strlen
 .text.__register_exitproc
                0x10006ed4       0xa8 /usr/lib/gcc/arm-none-eabi/13.1.0/../../../../arm-none-eabi/lib/thumb/v6-m/nofp/libg.a(libc_a-__atexit.o)
                0x10006ed4                __register_exitproc
 .text.startup.register_fini
                0x10006f7c       0x18 /usr/lib/gcc/arm-none-eabi/13.1.0/../../../../arm-none-eabi/lib/thumb/v6-m/nofp/libg.a(libc_a-__call_atexit.o)
 *(.fini)
 .fini          0x10006f94        0x4 /usr/lib/gcc/arm-none-eabi/13.1.0/thumb/v6-m/nofp/crti.o
                0x10006f94                _fini
 .fini.__stub   0x10006f98       0xe0 linker stubs
 *crtbegin.o(.ctors)
 *crtbegin?.o(.ctors)
 *(EXCLUDE_FILE(*crtend.o *crtend?.o) .ctors)
 *(SORT_BY_NAME(.ctors.*))
 *(.ctors)
 *crtbegin.o(.dtors)
 *crtbegin?.o(.dtors)
 *(EXCLUDE_FILE(*crtend.o *crtend?.o) .dtors)
 *(SORT_BY_NAME(.dtors.*))
 *(.dtors)
 *(.eh_frame*)
 .eh_frame      0x10007078        0x0 /usr/lib/gcc/arm-none-eabi/13.1.0/thumb/v6-m/nofp/crtbegin.o
                0x10007078                        . = ALIGN (0x4)

.glue_7         0x10007078        0x0
 .glue_7        0x10007078        0x0 linker stubs

.glue_7t        0x10007078        0x0
 .glue_7t       0x10007078        0x0 linker stubs

.vfp11_veneer   0x10007078        0x0
 .vfp11_veneer  0x10007078        0x0 linker stubs

.v4_bx          0x10007078        0x0
 .v4_bx         0x10007078        0x0 linker stubs

.iplt           0x10007078        0x0
 .iplt          0x10007078        0x0 /usr/lib/gcc/arm-none-eabi/13.1.0/thumb/v6-m/nofp/crtbegin.o

.rodata         0x10007078     0x1504
 *(EXCLUDE_FILE(*libm.a: *libc.a:*lib_a-mem*.o *libgcc.a:) .rodata*)
 .rodata.main.str1.4
                0x10007078        0xe CMakeFiles/cansat-code.dir/cansat-code.cpp.obj
 *fill*         0x10007086        0x2 
 .rodata.spin_lock_claim_unused.str1.4
                0x10007088       0x1b CMakeFiles/cansat-code.dir/home/arca/pico/pico-sdk/src/rp2_common/hardware_sync/sync.c.obj
 *fill*         0x100070a3        0x1 
 .rodata.clock_configure.str1.4
                0x100070a4       0x55 CMakeFiles/cansat-code.dir/home/arca/pico/pico-sdk/src/rp2_common/hardware_clocks/clocks.c.obj
 *fill*         0x100070f9        0x3 
 .rodata.__func__.1
                0x100070fc       0x10 CMakeFiles/cansat-code.dir/home/arca/pico/pico-sdk/src/rp2_common/hardware_clocks/clocks.c.obj
 .rodata.resolve_branch.str1.4
                0x1000710c       0x53 CMakeFiles/cansat-code.dir/home/arca/pico/pico-sdk/src/rp2_common/hardware_irq/irq.c.obj
 *fill*         0x1000715f        0x1 
 .rodata.make_branch.str1.4
                0x10007160       0x30 CMakeFiles/cansat-code.dir/home/arca/pico/pico-sdk/src/rp2_common/hardware_irq/irq.c.obj
 .rodata.insert_branch_and_link.str1.4
                0x10007190       0x10 CMakeFiles/cansat-code.dir/home/arca/pico/pico-sdk/src/rp2_common/hardware_irq/irq.c.obj
 .rodata.irq_set_exclusive_handler.str1.4
                0x100071a0       0x36 CMakeFiles/cansat-code.dir/home/arca/pico/pico-sdk/src/rp2_common/hardware_irq/irq.c.obj
 *fill*         0x100071d6        0x2 
 .rodata.irq_add_shared_handler.str1.4
                0x100071d8       0xc2 CMakeFiles/cansat-code.dir/home/arca/pico/pico-sdk/src/rp2_common/hardware_irq/irq.c.obj
 *fill*         0x1000729a        0x2 
 .rodata.irq_remove_handler.str1.4
                0x1000729c       0x3a CMakeFiles/cansat-code.dir/home/arca/pico/pico-sdk/src/rp2_common/hardware_irq/irq.c.obj
 *fill*         0x100072d6        0x2 
 .rodata.irq_add_tail_to_free_list.str1.4
                0x100072d8       0x3a CMakeFiles/cansat-code.dir/home/arca/pico/pico-sdk/src/rp2_common/hardware_irq/irq.c.obj
 *fill*         0x10007312        0x2 
 .rodata.user_irq_claim_unused.str1.4
                0x10007314       0x1b CMakeFiles/cansat-code.dir/home/arca/pico/pico-sdk/src/rp2_common/hardware_irq/irq.c.obj
 *fill*         0x1000732f        0x1 
 .rodata.__func__.0
                0x10007330       0x1a CMakeFiles/cansat-code.dir/home/arca/pico/pico-sdk/src/rp2_common/hardware_irq/irq.c.obj
 *fill*         0x1000734a        0x2 
 .rodata.__func__.1
                0x1000734c       0x17 CMakeFiles/cansat-code.dir/home/arca/pico/pico-sdk/src/rp2_common/hardware_irq/irq.c.obj
 *fill*         0x10007363        0x1 
 .rodata.__func__.2
                0x10007364       0x13 CMakeFiles/cansat-code.dir/home/arca/pico/pico-sdk/src/rp2_common/hardware_irq/irq.c.obj
 *fill*         0x10007377        0x1 
 .rodata.__func__.3
                0x10007378        0xc CMakeFiles/cansat-code.dir/home/arca/pico/pico-sdk/src/rp2_common/hardware_irq/irq.c.obj
 .rodata.__func__.4
                0x10007384        0xf CMakeFiles/cansat-code.dir/home/arca/pico/pico-sdk/src/rp2_common/hardware_irq/irq.c.obj
 *fill*         0x10007393        0x1 
 .rodata.__func__.5
                0x10007394       0x17 CMakeFiles/cansat-code.dir/home/arca/pico/pico-sdk/src/rp2_common/hardware_irq/irq.c.obj
 *fill*         0x100073ab        0x1 
 .rodata.__func__.6
                0x100073ac       0x1a CMakeFiles/cansat-code.dir/home/arca/pico/pico-sdk/src/rp2_common/hardware_irq/irq.c.obj
 *fill*         0x100073c6        0x2 
 .rodata.update_us_since_boot.str1.4
                0x100073c8       0x5f CMakeFiles/cansat-code.dir/home/arca/pico/pico-sdk/src/common/pico_sync/mutex.c.obj
 *fill*         0x10007427        0x1 
 .rodata.str1.4
                0x10007428       0x89 CMakeFiles/cansat-code.dir/home/arca/pico/pico-sdk/src/common/pico_sync/mutex.c.obj
 *fill*         0x100074b1        0x3 
 .rodata.__func__.1
                0x100074b4        0xb CMakeFiles/cansat-code.dir/home/arca/pico/pico-sdk/src/common/pico_sync/mutex.c.obj
 *fill*         0x100074bf        0x1 
 .rodata.__func__.3
                0x100074c0       0x18 CMakeFiles/cansat-code.dir/home/arca/pico/pico-sdk/src/common/pico_sync/mutex.c.obj
 .rodata.__func__.4
                0x100074d8       0x15 CMakeFiles/cansat-code.dir/home/arca/pico/pico-sdk/src/common/pico_sync/mutex.c.obj
 *fill*         0x100074ed        0x3 
 .rodata.get_entry.str1.4
                0x100074f0       0x59 CMakeFiles/cansat-code.dir/home/arca/pico/pico-sdk/src/common/pico_time/time.c.obj
 .rodata.update_us_since_boot.str1.4
                0x10007549       0x5f CMakeFiles/cansat-code.dir/home/arca/pico/pico-sdk/src/common/pico_time/time.c.obj
 *fill*         0x10007549        0x3 
 .rodata.ph_get_node.str1.4
                0x1000754c       0x64 CMakeFiles/cansat-code.dir/home/arca/pico/pico-sdk/src/common/pico_time/time.c.obj
 .rodata.ph_add_child_node.str1.4
                0x100075b0       0x2e CMakeFiles/cansat-code.dir/home/arca/pico/pico-sdk/src/common/pico_time/time.c.obj
 *fill*         0x100075de        0x2 
 .rodata.ph_insert_node.str1.4
                0x100075e0        0x3 CMakeFiles/cansat-code.dir/home/arca/pico/pico-sdk/src/common/pico_time/time.c.obj
 *fill*         0x100075e3        0x1 
 .rodata.ph_free_node.str1.4
                0x100075e4       0x38 CMakeFiles/cansat-code.dir/home/arca/pico/pico-sdk/src/common/pico_time/time.c.obj
 .rodata.add_alarm_under_lock.str1.4
                0x1000761c       0x28 CMakeFiles/cansat-code.dir/home/arca/pico/pico-sdk/src/common/pico_time/time.c.obj
 .rodata.alarm_pool_alarm_callback.str1.4
                0x10007644       0x60 CMakeFiles/cansat-code.dir/home/arca/pico/pico-sdk/src/common/pico_time/time.c.obj
 .rodata.alarm_pool_get_default.str1.4
                0x100076a4       0x21 CMakeFiles/cansat-code.dir/home/arca/pico/pico-sdk/src/common/pico_time/time.c.obj
 *fill*         0x100076c5        0x3 
 .rodata.alarm_pool_cancel_alarm.str1.4
                0x100076c8       0x27 CMakeFiles/cansat-code.dir/home/arca/pico/pico-sdk/src/common/pico_time/time.c.obj
 *fill*         0x100076ef        0x1 
 .rodata.__func__.0
                0x100076f0       0x18 CMakeFiles/cansat-code.dir/home/arca/pico/pico-sdk/src/common/pico_time/time.c.obj
 .rodata.__func__.2
                0x10007708       0x17 CMakeFiles/cansat-code.dir/home/arca/pico/pico-sdk/src/common/pico_time/time.c.obj
 *fill*         0x1000771f        0x1 
 .rodata.__func__.3
                0x10007720       0x12 CMakeFiles/cansat-code.dir/home/arca/pico/pico-sdk/src/common/pico_time/time.c.obj
 *fill*         0x10007732        0x2 
 .rodata.__func__.4
                0x10007734        0xd CMakeFiles/cansat-code.dir/home/arca/pico/pico-sdk/src/common/pico_time/time.c.obj
 *fill*         0x10007741        0x3 
 .rodata.__func__.5
                0x10007744       0x12 CMakeFiles/cansat-code.dir/home/arca/pico/pico-sdk/src/common/pico_time/time.c.obj
 *fill*         0x10007756        0x2 
 .rodata.__func__.6
                0x10007758        0xf CMakeFiles/cansat-code.dir/home/arca/pico/pico-sdk/src/common/pico_time/time.c.obj
 *fill*         0x10007767        0x1 
 .rodata.__func__.7
                0x10007768        0xc CMakeFiles/cansat-code.dir/home/arca/pico/pico-sdk/src/common/pico_time/time.c.obj
 .rodata.__func__.8
                0x10007774       0x15 CMakeFiles/cansat-code.dir/home/arca/pico/pico-sdk/src/common/pico_time/time.c.obj
 *fill*         0x10007789        0x3 
 .rodata.__func__.9
                0x1000778c       0x15 CMakeFiles/cansat-code.dir/home/arca/pico/pico-sdk/src/common/pico_time/time.c.obj
 *fill*         0x100077a1        0x3 
 .rodata.__func__.10
                0x100077a4       0x1a CMakeFiles/cansat-code.dir/home/arca/pico/pico-sdk/src/common/pico_time/time.c.obj
 *fill*         0x100077be        0x2 
 .rodata.__func__.11
                0x100077c0        0xa CMakeFiles/cansat-code.dir/home/arca/pico/pico-sdk/src/common/pico_time/time.c.obj
 .rodata.update_us_since_boot.str1.4
                0x100077ca       0x5f CMakeFiles/cansat-code.dir/home/arca/pico/pico-sdk/src/rp2_common/hardware_timer/timer.c.obj
 *fill*         0x100077ca        0x2 
 .rodata.hardware_alarm_claim.str1.4
                0x100077cc       0x22 CMakeFiles/cansat-code.dir/home/arca/pico/pico-sdk/src/rp2_common/hardware_timer/timer.c.obj
 *fill*         0x100077ee        0x2 
 .rodata.hardware_alarm_set_target.str1.4
                0x100077f0       0x63 CMakeFiles/cansat-code.dir/home/arca/pico/pico-sdk/src/rp2_common/hardware_timer/timer.c.obj
 *fill*         0x10007853        0x1 
 .rodata.__func__.0
                0x10007854       0x1a CMakeFiles/cansat-code.dir/home/arca/pico/pico-sdk/src/rp2_common/hardware_timer/timer.c.obj
 *fill*         0x1000786e        0x2 
 .rodata.__func__.1
                0x10007870       0x15 CMakeFiles/cansat-code.dir/home/arca/pico/pico-sdk/src/rp2_common/hardware_timer/timer.c.obj
 .rodata.ph_get_node.str1.4
                0x10007885       0x64 CMakeFiles/cansat-code.dir/home/arca/pico/pico-sdk/src/common/pico_util/pheap.c.obj
 .rodata.ph_add_child_node.str1.4
                0x10007885       0x2e CMakeFiles/cansat-code.dir/home/arca/pico/pico-sdk/src/common/pico_util/pheap.c.obj
 *fill*         0x10007885        0x3 
 .rodata.ph_remove_any_head.str1.4
                0x10007888       0x8c CMakeFiles/cansat-code.dir/home/arca/pico/pico-sdk/src/common/pico_util/pheap.c.obj
                                 0xa0 (size before relaxing)
 .rodata.ph_remove_and_free_node.str1.4
                0x10007914       0x1e CMakeFiles/cansat-code.dir/home/arca/pico/pico-sdk/src/common/pico_util/pheap.c.obj
                                 0x26 (size before relaxing)
 *fill*         0x10007932        0x2 
 .rodata.__func__.0
                0x10007934       0x18 CMakeFiles/cansat-code.dir/home/arca/pico/pico-sdk/src/common/pico_util/pheap.c.obj
 .rodata.__func__.1
                0x1000794c       0x13 CMakeFiles/cansat-code.dir/home/arca/pico/pico-sdk/src/common/pico_util/pheap.c.obj
 *fill*         0x1000795f        0x1 
 .rodata.__func__.2
                0x10007960       0x12 CMakeFiles/cansat-code.dir/home/arca/pico/pico-sdk/src/common/pico_util/pheap.c.obj
 *fill*         0x10007972        0x2 
 .rodata.__func__.3
                0x10007974        0xc CMakeFiles/cansat-code.dir/home/arca/pico/pico-sdk/src/common/pico_util/pheap.c.obj
 .rodata.pll_init.str1.4
                0x10007980      0x120 CMakeFiles/cansat-code.dir/home/arca/pico/pico-sdk/src/rp2_common/hardware_pll/pll.c.obj
 .rodata.__func__.0
                0x10007aa0        0x9 CMakeFiles/cansat-code.dir/home/arca/pico/pico-sdk/src/rp2_common/hardware_pll/pll.c.obj
 *fill*         0x10007aa9        0x3 
 .rodata.__assert_func.str1.4
                0x10007aac       0x3f CMakeFiles/cansat-code.dir/home/arca/pico/pico-sdk/src/rp2_common/pico_runtime/runtime.c.obj
                                 0x43 (size before relaxing)
 *fill*         0x10007aeb        0x1 
 .rodata.runtime_init.str1.4
                0x10007aec       0x5f CMakeFiles/cansat-code.dir/home/arca/pico/pico-sdk/src/rp2_common/pico_runtime/runtime.c.obj
 *fill*         0x10007b4b        0x1 
 .rodata.panic.str1.4
                0x10007b4c       0x12 CMakeFiles/cansat-code.dir/home/arca/pico/pico-sdk/src/rp2_common/pico_runtime/runtime.c.obj
 *fill*         0x10007b5e        0x2 
 .rodata.__func__.2
                0x10007b60        0xd CMakeFiles/cansat-code.dir/home/arca/pico/pico-sdk/src/rp2_common/pico_runtime/runtime.c.obj
 *fill*         0x10007b6d        0x3 
 .rodata._ftoa.str1.4
                0x10007b70       0x15 CMakeFiles/cansat-code.dir/home/arca/pico/pico-sdk/src/rp2_common/pico_printf/printf.c.obj
 *fill*         0x10007b85        0x3 
 .rodata._vsnprintf
                0x10007b88      0x19c CMakeFiles/cansat-code.dir/home/arca/pico/pico-sdk/src/rp2_common/pico_printf/printf.c.obj
 *fill*         0x10007d24        0x4 
 .rodata.pow10.0
                0x10007d28       0x50 CMakeFiles/cansat-code.dir/home/arca/pico/pico-sdk/src/rp2_common/pico_printf/printf.c.obj
 .rodata.__aeabi_double_init.str1.4
                0x10007d78       0x9a CMakeFiles/cansat-code.dir/home/arca/pico/pico-sdk/src/rp2_common/pico_double/double_init_rom.c.obj
 *fill*         0x10007e12        0x2 
 .rodata.__func__.0
                0x10007e14       0x14 CMakeFiles/cansat-code.dir/home/arca/pico/pico-sdk/src/rp2_common/pico_double/double_init_rom.c.obj
 .rodata.__aeabi_float_init.str1.4
                0x10007e28       0x78 CMakeFiles/cansat-code.dir/home/arca/pico/pico-sdk/src/rp2_common/pico_float/float_init_rom.c.obj
                                 0x7c (size before relaxing)
 .rodata.__func__.0
                0x10007ea0       0x13 CMakeFiles/cansat-code.dir/home/arca/pico/pico-sdk/src/rp2_common/pico_float/float_init_rom.c.obj
 *fill*         0x10007eb3        0x1 
 .rodata.str1.4
                0x10007eb4       0x4c CMakeFiles/cansat-code.dir/home/arca/pico/pico-sdk/src/rp2_common/pico_standard_link/binary_info.c.obj
 .rodata.__bi_81
                0x10007f00        0xc CMakeFiles/cansat-code.dir/home/arca/pico/pico-sdk/src/rp2_common/pico_standard_link/binary_info.c.obj
 .rodata.__bi_75
                0x10007f0c        0xc CMakeFiles/cansat-code.dir/home/arca/pico/pico-sdk/src/rp2_common/pico_standard_link/binary_info.c.obj
 .rodata.__bi_56
                0x10007f18        0xc CMakeFiles/cansat-code.dir/home/arca/pico/pico-sdk/src/rp2_common/pico_standard_link/binary_info.c.obj
 .rodata.__bi_44
                0x10007f24        0xc CMakeFiles/cansat-code.dir/home/arca/pico/pico-sdk/src/rp2_common/pico_standard_link/binary_info.c.obj
 .rodata.update_us_since_boot.str1.4
                0x10007f30       0x5f CMakeFiles/cansat-code.dir/home/arca/pico/pico-sdk/src/rp2_common/pico_stdio/stdio.c.obj
 .rodata.crlf_str.2
                0x10007f30        0x2 CMakeFiles/cansat-code.dir/home/arca/pico/pico-sdk/src/rp2_common/pico_stdio/stdio.c.obj
 *fill*         0x10007f32        0x2 
 .rodata.__func__.3
                0x10007f34       0x15 CMakeFiles/cansat-code.dir/home/arca/pico/pico-sdk/src/rp2_common/pico_stdio/stdio.c.obj
 *fill*         0x10007f49        0x3 
 .rodata.str1.4
                0x10007f4c       0x2c CMakeFiles/cansat-code.dir/home/arca/pico/pico-sdk/src/rp2_common/pico_stdio_uart/stdio_uart.c.obj
 .rodata.__bi_33.4
                0x10007f78        0xc CMakeFiles/cansat-code.dir/home/arca/pico/pico-sdk/src/rp2_common/pico_stdio_uart/stdio_uart.c.obj
 .rodata.__bi_34.5
                0x10007f84        0x8 CMakeFiles/cansat-code.dir/home/arca/pico/pico-sdk/src/rp2_common/pico_stdio_uart/stdio_uart.c.obj
 .rodata._resetd_driver
                0x10007f8c       0x18 CMakeFiles/cansat-code.dir/home/arca/pico/pico-sdk/src/rp2_common/pico_stdio_usb/reset_interface.c.obj
 .rodata.update_us_since_boot.str1.4
                0x10007fa4       0x5f CMakeFiles/cansat-code.dir/home/arca/pico/pico-sdk/src/rp2_common/pico_stdio_usb/stdio_usb.c.obj
 .rodata.stdio_usb_init.str1.4
                0x10007fa4       0x43 CMakeFiles/cansat-code.dir/home/arca/pico/pico-sdk/src/rp2_common/pico_stdio_usb/stdio_usb.c.obj
                                 0x4b (size before relaxing)
 *fill*         0x10007fe7        0x1 
 .rodata.str1.4
                0x10007fe8       0x13 CMakeFiles/cansat-code.dir/home/arca/pico/pico-sdk/src/rp2_common/pico_stdio_usb/stdio_usb.c.obj
 *fill*         0x10007ffb        0x1 
 .rodata.__bi_182.0
                0x10007ffc        0xc CMakeFiles/cansat-code.dir/home/arca/pico/pico-sdk/src/rp2_common/pico_stdio_usb/stdio_usb.c.obj
 .rodata.__func__.1
                0x10008008        0xf CMakeFiles/cansat-code.dir/home/arca/pico/pico-sdk/src/rp2_common/pico_stdio_usb/stdio_usb.c.obj
 *fill*         0x10008017        0x1 
 .rodata.__func__.3
                0x10008018       0x15 CMakeFiles/cansat-code.dir/home/arca/pico/pico-sdk/src/rp2_common/pico_stdio_usb/stdio_usb.c.obj
 *fill*         0x1000802d        0x3 
 .rodata.str1.4
                0x10008030       0x2a CMakeFiles/cansat-code.dir/home/arca/pico/pico-sdk/src/rp2_common/pico_stdio_usb/stdio_usb_descriptors.c.obj
 *fill*         0x1000805a        0x2 
 .rodata.usbd_desc_str
                0x1000805c       0x18 CMakeFiles/cansat-code.dir/home/arca/pico/pico-sdk/src/rp2_common/pico_stdio_usb/stdio_usb_descriptors.c.obj
 .rodata.usbd_desc_cfg
                0x10008074       0x54 CMakeFiles/cansat-code.dir/home/arca/pico/pico-sdk/src/rp2_common/pico_stdio_usb/stdio_usb_descriptors.c.obj
 .rodata.usbd_desc_device
                0x100080c8       0x12 CMakeFiles/cansat-code.dir/home/arca/pico/pico-sdk/src/rp2_common/pico_stdio_usb/stdio_usb_descriptors.c.obj
 *fill*         0x100080da        0x2 
 .rodata.pico_get_unique_board_id_string.str1.4
                0x100080dc       0x4b CMakeFiles/cansat-code.dir/home/arca/pico/pico-sdk/src/rp2_common/pico_unique_id/unique_id.c.obj
 *fill*         0x10008127        0x1 
 .rodata.__func__.0
                0x10008128       0x20 CMakeFiles/cansat-code.dir/home/arca/pico/pico-sdk/src/rp2_common/pico_unique_id/unique_id.c.obj
 .rodata.str1.4
                0x10008148      0x156 CMakeFiles/cansat-code.dir/home/arca/pico/pico-sdk/src/rp2_common/hardware_flash/flash.c.obj
 *fill*         0x1000829e        0x2 
 .rodata.__func__.0
                0x100082a0        0xd CMakeFiles/cansat-code.dir/home/arca/pico/pico-sdk/src/rp2_common/hardware_flash/flash.c.obj
 *fill*         0x100082ad        0x3 
 .rodata._hw_endpoint_alloc.str1.4
                0x100082b0       0xb5 CMakeFiles/cansat-code.dir/home/arca/pico/pico-sdk/lib/tinyusb/src/portable/raspberrypi/rp2040/dcd_rp2040.c.obj
 *fill*         0x10008365        0x3 
 .rodata.str1.4
                0x10008368       0x14 CMakeFiles/cansat-code.dir/home/arca/pico/pico-sdk/lib/tinyusb/src/portable/raspberrypi/rp2040/dcd_rp2040.c.obj
 .rodata.dcd_int_enable.str1.4
                0x1000837c        0xc CMakeFiles/cansat-code.dir/home/arca/pico/pico-sdk/lib/tinyusb/src/portable/raspberrypi/rp2040/dcd_rp2040.c.obj
 .rodata.__func__.0
                0x10008388        0xe CMakeFiles/cansat-code.dir/home/arca/pico/pico-sdk/lib/tinyusb/src/portable/raspberrypi/rp2040/dcd_rp2040.c.obj
 *fill*         0x10008396        0x2 
 .rodata.__func__.1
                0x10008398        0xe CMakeFiles/cansat-code.dir/home/arca/pico/pico-sdk/lib/tinyusb/src/portable/raspberrypi/rp2040/dcd_rp2040.c.obj
 *fill*         0x100083a6        0x2 
 .rodata.__func__.3
                0x100083a8       0x10 CMakeFiles/cansat-code.dir/home/arca/pico/pico-sdk/lib/tinyusb/src/portable/raspberrypi/rp2040/dcd_rp2040.c.obj
 .rodata.__func__.5
                0x100083b8        0xf CMakeFiles/cansat-code.dir/home/arca/pico/pico-sdk/lib/tinyusb/src/portable/raspberrypi/rp2040/dcd_rp2040.c.obj
 *fill*         0x100083c7        0x1 
 .rodata.__func__.6
                0x100083c8       0x13 CMakeFiles/cansat-code.dir/home/arca/pico/pico-sdk/lib/tinyusb/src/portable/raspberrypi/rp2040/dcd_rp2040.c.obj
 *fill*         0x100083db        0x1 
 .rodata.__func__.7
                0x100083dc        0x9 CMakeFiles/cansat-code.dir/home/arca/pico/pico-sdk/lib/tinyusb/src/portable/raspberrypi/rp2040/dcd_rp2040.c.obj
 *fill*         0x100083e5        0x3 
 .rodata.str1.4
                0x100083e8       0xdd CMakeFiles/cansat-code.dir/home/arca/pico/pico-sdk/lib/tinyusb/src/portable/raspberrypi/rp2040/rp2040_usb.c.obj
                                 0xe7 (size before relaxing)
 *fill*         0x100084c5        0x3 
 .rodata.__func__.0
                0x100084c8        0xf CMakeFiles/cansat-code.dir/home/arca/pico/pico-sdk/lib/tinyusb/src/portable/raspberrypi/rp2040/rp2040_usb.c.obj
 *fill*         0x100084d7        0x1 
 .rodata.process_get_descriptor
                0x100084d8       0x40 CMakeFiles/cansat-code.dir/home/arca/pico/pico-sdk/lib/tinyusb/src/device/usbd.c.obj
 .rodata.process_control_request
                0x10008518       0x28 CMakeFiles/cansat-code.dir/home/arca/pico/pico-sdk/lib/tinyusb/src/device/usbd.c.obj
 .rodata.tud_task_ext
                0x10008540       0x24 CMakeFiles/cansat-code.dir/home/arca/pico/pico-sdk/lib/tinyusb/src/device/usbd.c.obj
 .rodata._usbd_driver
                0x10008564       0x18 CMakeFiles/cansat-code.dir/home/arca/pico/pico-sdk/lib/tinyusb/src/device/usbd.c.obj
                0x1000857c                        . = ALIGN (0x4)
 *(SORT_BY_ALIGNMENT(SORT_BY_NAME(.flashdata*)))
                0x1000857c                        . = ALIGN (0x4)

.ARM.extab
 *(.ARM.extab* .gnu.linkonce.armextab.*)
                0x1000857c                        __exidx_start = .

.ARM.exidx
 *(.ARM.exidx* .gnu.linkonce.armexidx.*)
                0x1000857c                        __exidx_end = .
                0x1000857c                        . = ALIGN (0x4)
                0x1000857c                        __binary_info_start = .

.binary_info    0x1000857c       0x2c
 *(.binary_info.keep.*)
 .binary_info.keep.__bi_ptr81
                0x1000857c        0x4 CMakeFiles/cansat-code.dir/home/arca/pico/pico-sdk/src/rp2_common/pico_standard_link/binary_info.c.obj
 .binary_info.keep.__bi_ptr75
                0x10008580        0x4 CMakeFiles/cansat-code.dir/home/arca/pico/pico-sdk/src/rp2_common/pico_standard_link/binary_info.c.obj
 .binary_info.keep.__bi_ptr56
                0x10008584        0x4 CMakeFiles/cansat-code.dir/home/arca/pico/pico-sdk/src/rp2_common/pico_standard_link/binary_info.c.obj
 .binary_info.keep.__bi_ptr50
                0x10008588        0x4 CMakeFiles/cansat-code.dir/home/arca/pico/pico-sdk/src/rp2_common/pico_standard_link/binary_info.c.obj
 .binary_info.keep.__bi_ptr44
                0x1000858c        0x4 CMakeFiles/cansat-code.dir/home/arca/pico/pico-sdk/src/rp2_common/pico_standard_link/binary_info.c.obj
 .binary_info.keep.__bi_ptr38
                0x10008590        0x4 CMakeFiles/cansat-code.dir/home/arca/pico/pico-sdk/src/rp2_common/pico_standard_link/binary_info.c.obj
 .binary_info.keep.__bi_ptr30
                0x10008594        0x4 CMakeFiles/cansat-code.dir/home/arca/pico/pico-sdk/src/rp2_common/pico_standard_link/binary_info.c.obj
 .binary_info.keep.__bi_ptr22
                0x10008598        0x4 CMakeFiles/cansat-code.dir/home/arca/pico/pico-sdk/src/rp2_common/pico_standard_link/binary_info.c.obj
 *(.binary_info.*)
 .binary_info.__bi_ptr34
                0x1000859c        0x4 CMakeFiles/cansat-code.dir/home/arca/pico/pico-sdk/src/rp2_common/pico_stdio_uart/stdio_uart.c.obj
 .binary_info.__bi_ptr33
                0x100085a0        0x4 CMakeFiles/cansat-code.dir/home/arca/pico/pico-sdk/src/rp2_common/pico_stdio_uart/stdio_uart.c.obj
 .binary_info.__bi_ptr182
                0x100085a4        0x4 CMakeFiles/cansat-code.dir/home/arca/pico/pico-sdk/src/rp2_common/pico_stdio_usb/stdio_usb.c.obj
                0x100085a8                        __binary_info_end = .

.rel.dyn        0x100085a8        0x0
 .rel.iplt      0x100085a8        0x0 /usr/lib/gcc/arm-none-eabi/13.1.0/thumb/v6-m/nofp/crtbegin.o
                0x100085a8                        . = ALIGN (0x4)

.ram_vector_table
                0x20000000       0xc0
 *(.ram_vector_table)
 .ram_vector_table
                0x20000000       0xc0 CMakeFiles/cansat-code.dir/home/arca/pico/pico-sdk/src/rp2_common/pico_runtime/runtime.c.obj
                0x20000000                ram_vector_table

.data           0x200000c0      0xb60 load address 0x100085a8
                0x200000c0                        __data_start__ = .
 *(vtable)
 *(.time_critical*)
 .time_critical.mutex_try_enter
                0x200000c0       0x46 CMakeFiles/cansat-code.dir/home/arca/pico/pico-sdk/src/common/pico_sync/mutex.c.obj
                0x200000c0                mutex_try_enter
 *fill*         0x20000106        0x2 
 .time_critical.mutex_enter_block_until
                0x20000108       0x8c CMakeFiles/cansat-code.dir/home/arca/pico/pico-sdk/src/common/pico_sync/mutex.c.obj
                0x20000108                mutex_enter_block_until
 .time_critical.mutex_try_enter_block_until
                0x20000194       0x34 CMakeFiles/cansat-code.dir/home/arca/pico/pico-sdk/src/common/pico_sync/mutex.c.obj
                0x20000194                mutex_try_enter_block_until
 .time_critical.mutex_enter_timeout_ms
                0x200001c8       0x1a CMakeFiles/cansat-code.dir/home/arca/pico/pico-sdk/src/common/pico_sync/mutex.c.obj
                0x200001c8                mutex_enter_timeout_ms
 *fill*         0x200001e2        0x2 
 .time_critical.mutex_exit
                0x200001e4       0x4c CMakeFiles/cansat-code.dir/home/arca/pico/pico-sdk/src/common/pico_sync/mutex.c.obj
                0x200001e4                mutex_exit
 .time_critical.flash_init_boot2_copyout
                0x20000230       0x30 CMakeFiles/cansat-code.dir/home/arca/pico/pico-sdk/src/rp2_common/hardware_flash/flash.c.obj
 .time_critical.flash_enable_xip_via_boot2
                0x20000260        0xc CMakeFiles/cansat-code.dir/home/arca/pico/pico-sdk/src/rp2_common/hardware_flash/flash.c.obj
 .time_critical.flash_cs_force
                0x2000026c       0x28 CMakeFiles/cansat-code.dir/home/arca/pico/pico-sdk/src/rp2_common/hardware_flash/flash.c.obj
 .time_critical.flash_do_cmd
                0x20000294       0xd8 CMakeFiles/cansat-code.dir/home/arca/pico/pico-sdk/src/rp2_common/hardware_flash/flash.c.obj
                0x20000294                flash_do_cmd
 .time_critical.reset_non_control_endpoints
                0x2000036c       0x40 CMakeFiles/cansat-code.dir/home/arca/pico/pico-sdk/lib/tinyusb/src/portable/raspberrypi/rp2040/dcd_rp2040.c.obj
 .time_critical.hw_handle_buff_status
                0x200003ac       0xa4 CMakeFiles/cansat-code.dir/home/arca/pico/pico-sdk/lib/tinyusb/src/portable/raspberrypi/rp2040/dcd_rp2040.c.obj
 .time_critical.dcd_rp2040_irq
                0x20000450      0x1b8 CMakeFiles/cansat-code.dir/home/arca/pico/pico-sdk/lib/tinyusb/src/portable/raspberrypi/rp2040/dcd_rp2040.c.obj
 .time_critical.e15_is_bulkin_ep
                0x20000608       0x2c CMakeFiles/cansat-code.dir/home/arca/pico/pico-sdk/lib/tinyusb/src/portable/raspberrypi/rp2040/rp2040_usb.c.obj
 .time_critical.e15_is_critical_frame_period
                0x20000634       0x30 CMakeFiles/cansat-code.dir/home/arca/pico/pico-sdk/lib/tinyusb/src/portable/raspberrypi/rp2040/rp2040_usb.c.obj
 .time_critical.prepare_ep_buffer
                0x20000664       0x6c CMakeFiles/cansat-code.dir/home/arca/pico/pico-sdk/lib/tinyusb/src/portable/raspberrypi/rp2040/rp2040_usb.c.obj
 .time_critical.sync_ep_buffer
                0x200006d0       0x7c CMakeFiles/cansat-code.dir/home/arca/pico/pico-sdk/lib/tinyusb/src/portable/raspberrypi/rp2040/rp2040_usb.c.obj
 .time_critical._hw_endpoint_xfer_sync
                0x2000074c       0x28 CMakeFiles/cansat-code.dir/home/arca/pico/pico-sdk/lib/tinyusb/src/portable/raspberrypi/rp2040/rp2040_usb.c.obj
 .time_critical.hw_endpoint_reset_transfer
                0x20000774        0xc CMakeFiles/cansat-code.dir/home/arca/pico/pico-sdk/lib/tinyusb/src/portable/raspberrypi/rp2040/rp2040_usb.c.obj
                0x20000774                hw_endpoint_reset_transfer
 .time_critical._hw_endpoint_buffer_control_update32
                0x20000780       0x58 CMakeFiles/cansat-code.dir/home/arca/pico/pico-sdk/lib/tinyusb/src/portable/raspberrypi/rp2040/rp2040_usb.c.obj
                0x20000780                _hw_endpoint_buffer_control_update32
 .time_critical.hw_endpoint_start_next_buffer
                0x200007d8       0x88 CMakeFiles/cansat-code.dir/home/arca/pico/pico-sdk/lib/tinyusb/src/portable/raspberrypi/rp2040/rp2040_usb.c.obj
                0x200007d8                hw_endpoint_start_next_buffer
 .time_critical.hw_endpoint_xfer_continue
                0x20000860       0x50 CMakeFiles/cansat-code.dir/home/arca/pico/pico-sdk/lib/tinyusb/src/portable/raspberrypi/rp2040/rp2040_usb.c.obj
                0x20000860                hw_endpoint_xfer_continue
 .time_critical.tinyusb
                0x200008b0      0x1ac CMakeFiles/cansat-code.dir/home/arca/pico/pico-sdk/lib/tinyusb/src/device/usbd.c.obj
                0x200008b0                dcd_event_handler
 *(.text*)
 .text          0x20000a5c        0x4 /usr/lib/gcc/arm-none-eabi/13.1.0/thumb/v6-m/nofp/libgcc.a(_dvmd_tls.o)
                0x20000a5c                __aeabi_ldiv0
                0x20000a5c                __aeabi_idiv0
 .text.__stub   0x20000a60       0xa0 linker stubs
                0x20000b00                        . = ALIGN (0x4)
 *(.rodata*)
                0x20000b00                        . = ALIGN (0x4)
 *(.data*)
 .data.striped_spin_lock_num
                0x20000b00        0x1 CMakeFiles/cansat-code.dir/home/arca/pico/pico-sdk/src/rp2_common/hardware_sync/sync.c.obj
 *fill*         0x20000b01        0x3 
 .data          0x20000b04       0x48 CMakeFiles/cansat-code.dir/home/arca/pico/pico-sdk/src/rp2_common/hardware_irq/irq_handler_chain.S.obj
                0x20000b04                irq_handler_chain_slots
                0x20000b34                irq_handler_chain_first_slot
                0x20000b3e                irq_handler_chain_remove_tail
 .data.default_alarm_pool
                0x20000b4c       0x18 CMakeFiles/cansat-code.dir/home/arca/pico/pico-sdk/src/common/pico_time/time.c.obj
 .data.default_alarm_pool_heap
                0x20000b64       0x10 CMakeFiles/cansat-code.dir/home/arca/pico/pico-sdk/src/common/pico_time/time.c.obj
 *fill*         0x20000b74        0xc 
 .data.aeabi_bits_funcs
                0x20000b80       0x10 CMakeFiles/cansat-code.dir/home/arca/pico/pico-sdk/src/rp2_common/pico_bit_ops/bit_ops_aeabi.S.obj
                0x20000b80                aeabi_bits_funcs
                0x20000b90                aeabi_bits_funcs_end
 .data.aeabi_mem_funcs
                0x20000b90       0x10 CMakeFiles/cansat-code.dir/home/arca/pico/pico-sdk/src/rp2_common/pico_mem_ops/mem_ops_aeabi.S.obj
                0x20000b90                aeabi_mem_funcs
                0x20000ba0                aeabi_mem_funcs_end